2025-12-25 01:52:25,463 - INFO - 🚀 采集器监控脚本启动
2025-12-25 01:52:25,466 - INFO - ============================================================
2025-12-25 01:52:25,467 - INFO - 🔍 开始监控采集器状态
2025-12-25 01:52:25,467 - INFO - 当前时间: 2025-12-25 09:52:25
2025-12-25 01:52:25,468 - INFO - ✅ V1V2采集器: 最新数据时间 22:15:00, 延迟 3577.4分钟
2025-12-25 01:52:25,469 - WARNING - ⚠️  V1V2采集器: 数据延迟 3577.4分钟，超过阈值(10分钟)
2025-12-25 01:52:25,469 - WARNING - 🚨 V1V2采集器需要重启
2025-12-25 01:52:25,469 - INFO - 🔄 正在重启 v1v2-collector...
2025-12-25 01:52:26,194 - INFO - ✅ v1v2-collector 重启成功
2025-12-25 01:52:26,202 - INFO - ✅ 支撑压力线采集器: 最新数据时间 22:17:49, 延迟 3580.6分钟
2025-12-25 01:52:26,203 - WARNING - ⚠️  支撑压力线采集器: 数据延迟 3580.6分钟，超过阈值(10分钟)
2025-12-25 01:52:26,204 - WARNING - 🚨 支撑压力线采集器需要重启
2025-12-25 01:52:26,205 - INFO - 🔄 正在重启 support-resistance-collector...
2025-12-25 01:52:26,575 - INFO - ✅ support-resistance-collector 重启成功
2025-12-25 01:52:26,577 - INFO - ✅ 位置系统采集器: 最新数据时间 22:13:31, 延迟 3584.9分钟
2025-12-25 01:52:26,577 - WARNING - ⚠️  位置系统采集器: 数据延迟 3584.9分钟，超过阈值(10分钟)
2025-12-25 01:52:26,577 - WARNING - 🚨 位置系统采集器需要重启
2025-12-25 01:52:26,577 - INFO - 🔄 正在重启 position-system-collector...
2025-12-25 01:52:26,981 - INFO - ✅ position-system-collector 重启成功
2025-12-25 01:52:26,984 - INFO - ✅ 加密货币指数采集器: 最新数据时间 10:49:00, 延迟 11469.4分钟
2025-12-25 01:52:26,984 - WARNING - ⚠️  加密货币指数采集器: 数据延迟 11469.4分钟，超过阈值(10分钟)
2025-12-25 01:52:26,984 - WARNING - 🚨 加密货币指数采集器需要重启
2025-12-25 01:52:26,984 - INFO - 🔄 正在重启 crypto-index-collector...
2025-12-25 01:52:27,382 - INFO - ✅ crypto-index-collector 重启成功
2025-12-25 01:52:27,383 - INFO - ============================================================
2025-12-25 01:52:27,383 - INFO - 
2025-12-25 01:57:27,383 - INFO - ============================================================
2025-12-25 01:57:27,383 - INFO - 🔍 开始监控采集器状态
2025-12-25 01:57:27,384 - INFO - 当前时间: 2025-12-25 09:57:27
2025-12-25 01:57:27,386 - INFO - ✅ V1V2采集器: 最新数据时间 09:55:00, 延迟 2.5分钟
2025-12-25 01:57:27,389 - INFO - ✅ 支撑压力线采集器: 最新数据时间 09:57:10, 延迟 6.3分钟
2025-12-25 01:57:27,393 - INFO - ✅ 位置系统采集器: 最新数据时间 09:52:47, 延迟 10.7分钟
2025-12-25 01:57:27,393 - WARNING - ⚠️  位置系统采集器: 数据延迟 10.7分钟，超过阈值(10分钟)
2025-12-25 01:57:27,393 - WARNING - 🚨 位置系统采集器需要重启
2025-12-25 01:57:27,393 - INFO - 🔄 正在重启 position-system-collector...
2025-12-25 01:57:27,844 - INFO - ✅ position-system-collector 重启成功
2025-12-25 01:57:27,848 - INFO - ✅ 加密货币指数采集器: 最新数据时间 10:49:00, 延迟 11474.5分钟
2025-12-25 01:57:27,848 - WARNING - ⚠️  加密货币指数采集器: 数据延迟 11474.5分钟，超过阈值(10分钟)
2025-12-25 01:57:27,848 - WARNING - 🚨 加密货币指数采集器需要重启
2025-12-25 01:57:27,848 - INFO - 🔄 正在重启 crypto-index-collector...
2025-12-25 01:57:28,302 - INFO - ✅ crypto-index-collector 重启成功
2025-12-25 01:57:28,303 - INFO - ============================================================
2025-12-25 01:57:28,303 - INFO - 
2025-12-25 02:02:28,303 - INFO - ============================================================
2025-12-25 02:02:28,303 - INFO - 🔍 开始监控采集器状态
2025-12-25 02:02:28,304 - INFO - 当前时间: 2025-12-25 10:02:28
2025-12-25 02:02:28,306 - INFO - ✅ V1V2采集器: 最新数据时间 10:00:00, 延迟 2.5分钟
2025-12-25 02:02:28,309 - INFO - ✅ 支撑压力线采集器: 最新数据时间 10:02:24, 延迟 6.1分钟
2025-12-25 02:02:28,312 - INFO - ✅ 位置系统采集器: 最新数据时间 09:57:47, 延迟 10.7分钟
2025-12-25 02:02:28,313 - WARNING - ⚠️  位置系统采集器: 数据延迟 10.7分钟，超过阈值(10分钟)
2025-12-25 02:02:28,313 - WARNING - 🚨 位置系统采集器需要重启
2025-12-25 02:02:28,313 - INFO - 🔄 正在重启 position-system-collector...
2025-12-25 02:02:28,705 - INFO - ✅ position-system-collector 重启成功
2025-12-25 02:02:28,709 - INFO - ✅ 加密货币指数采集器: 最新数据时间 10:49:00, 延迟 11479.5分钟
2025-12-25 02:02:28,709 - WARNING - ⚠️  加密货币指数采集器: 数据延迟 11479.5分钟，超过阈值(10分钟)
2025-12-25 02:02:28,709 - WARNING - 🚨 加密货币指数采集器需要重启
2025-12-25 02:02:28,709 - INFO - 🔄 正在重启 crypto-index-collector...
2025-12-25 02:02:29,154 - INFO - ✅ crypto-index-collector 重启成功
2025-12-25 02:02:29,154 - INFO - ============================================================
2025-12-25 02:02:29,154 - INFO - 
2025-12-25 02:07:29,154 - INFO - ============================================================
2025-12-25 02:07:29,155 - INFO - 🔍 开始监控采集器状态
2025-12-25 02:07:29,155 - INFO - 当前时间: 2025-12-25 10:07:29
2025-12-25 02:07:29,157 - INFO - ✅ V1V2采集器: 最新数据时间 10:05:00, 延迟 2.5分钟
2025-12-25 02:07:29,160 - INFO - ✅ 支撑压力线采集器: 最新数据时间 10:07:28, 延迟 6.0分钟
2025-12-25 02:07:29,163 - INFO - ✅ 位置系统采集器: 最新数据时间 10:02:48, 延迟 10.7分钟
2025-12-25 02:07:29,163 - WARNING - ⚠️  位置系统采集器: 数据延迟 10.7分钟，超过阈值(10分钟)
2025-12-25 02:07:29,163 - WARNING - 🚨 位置系统采集器需要重启
2025-12-25 02:07:29,163 - INFO - 🔄 正在重启 position-system-collector...
2025-12-25 02:07:29,545 - INFO - ✅ position-system-collector 重启成功
2025-12-25 02:07:29,548 - INFO - ✅ 加密货币指数采集器: 最新数据时间 10:49:00, 延迟 11484.5分钟
2025-12-25 02:07:29,548 - WARNING - ⚠️  加密货币指数采集器: 数据延迟 11484.5分钟，超过阈值(10分钟)
2025-12-25 02:07:29,548 - WARNING - 🚨 加密货币指数采集器需要重启
2025-12-25 02:07:29,548 - INFO - 🔄 正在重启 crypto-index-collector...
2025-12-25 02:07:30,047 - INFO - ✅ crypto-index-collector 重启成功
2025-12-25 02:07:30,047 - INFO - ============================================================
2025-12-25 02:07:30,047 - INFO - 
2025-12-25 02:12:30,047 - INFO - ============================================================
2025-12-25 02:12:30,048 - INFO - 🔍 开始监控采集器状态
2025-12-25 02:12:30,048 - INFO - 当前时间: 2025-12-25 10:12:30
2025-12-25 02:12:30,052 - INFO - ✅ V1V2采集器: 最新数据时间 10:10:00, 延迟 2.5分钟
2025-12-25 02:12:30,054 - INFO - ✅ 支撑压力线采集器: 最新数据时间 10:12:29, 延迟 6.0分钟
2025-12-25 02:12:30,057 - INFO - ✅ 位置系统采集器: 最新数据时间 10:07:49, 延迟 10.7分钟
2025-12-25 02:12:30,057 - WARNING - ⚠️  位置系统采集器: 数据延迟 10.7分钟，超过阈值(10分钟)
2025-12-25 02:12:30,058 - WARNING - 🚨 位置系统采集器需要重启
2025-12-25 02:12:30,058 - INFO - 🔄 正在重启 position-system-collector...
2025-12-25 02:12:30,475 - INFO - ✅ position-system-collector 重启成功
2025-12-25 02:12:30,478 - INFO - ✅ 加密货币指数采集器: 最新数据时间 10:49:00, 延迟 11489.5分钟
2025-12-25 02:12:30,478 - WARNING - ⚠️  加密货币指数采集器: 数据延迟 11489.5分钟，超过阈值(10分钟)
2025-12-25 02:12:30,478 - WARNING - 🚨 加密货币指数采集器需要重启
2025-12-25 02:12:30,478 - INFO - 🔄 正在重启 crypto-index-collector...
2025-12-25 02:12:30,982 - INFO - ✅ crypto-index-collector 重启成功
2025-12-25 02:12:30,983 - INFO - ============================================================
2025-12-25 02:12:30,983 - INFO - 
2025-12-25 02:17:30,983 - INFO - ============================================================
2025-12-25 02:17:30,983 - INFO - 🔍 开始监控采集器状态
2025-12-25 02:17:30,984 - INFO - 当前时间: 2025-12-25 10:17:30
2025-12-25 02:17:30,986 - INFO - ✅ V1V2采集器: 最新数据时间 10:15:00, 延迟 2.5分钟
2025-12-25 02:17:30,989 - INFO - ✅ 支撑压力线采集器: 最新数据时间 10:17:03, 延迟 6.5分钟
2025-12-25 02:17:30,992 - INFO - ✅ 位置系统采集器: 最新数据时间 10:12:50, 延迟 10.7分钟
2025-12-25 02:17:30,992 - WARNING - ⚠️  位置系统采集器: 数据延迟 10.7分钟，超过阈值(10分钟)
2025-12-25 02:17:30,992 - WARNING - 🚨 位置系统采集器需要重启
2025-12-25 02:17:30,993 - INFO - 🔄 正在重启 position-system-collector...
2025-12-25 02:17:31,429 - INFO - ✅ position-system-collector 重启成功
2025-12-25 02:17:31,432 - INFO - ✅ 加密货币指数采集器: 最新数据时间 10:49:00, 延迟 11494.5分钟
2025-12-25 02:17:31,432 - WARNING - ⚠️  加密货币指数采集器: 数据延迟 11494.5分钟，超过阈值(10分钟)
2025-12-25 02:17:31,433 - WARNING - 🚨 加密货币指数采集器需要重启
2025-12-25 02:17:31,433 - INFO - 🔄 正在重启 crypto-index-collector...
2025-12-25 02:17:31,878 - INFO - ✅ crypto-index-collector 重启成功
2025-12-25 02:17:31,878 - INFO - ============================================================
2025-12-25 02:17:31,878 - INFO - 
2025-12-25 02:22:31,879 - INFO - ============================================================
2025-12-25 02:22:31,879 - INFO - 🔍 开始监控采集器状态
2025-12-25 02:22:31,879 - INFO - 当前时间: 2025-12-25 10:22:31
2025-12-25 02:22:31,881 - INFO - ✅ V1V2采集器: 最新数据时间 10:20:00, 延迟 2.5分钟
2025-12-25 02:22:31,884 - INFO - ✅ 支撑压力线采集器: 最新数据时间 10:22:16, 延迟 6.3分钟
2025-12-25 02:22:31,887 - INFO - ✅ 位置系统采集器: 最新数据时间 10:17:51, 延迟 10.7分钟
2025-12-25 02:22:31,887 - WARNING - ⚠️  位置系统采集器: 数据延迟 10.7分钟，超过阈值(10分钟)
2025-12-25 02:22:31,887 - WARNING - 🚨 位置系统采集器需要重启
2025-12-25 02:22:31,888 - INFO - 🔄 正在重启 position-system-collector...
2025-12-25 02:22:32,354 - INFO - ✅ position-system-collector 重启成功
2025-12-25 02:22:32,357 - INFO - ✅ 加密货币指数采集器: 最新数据时间 10:49:00, 延迟 11499.5分钟
2025-12-25 02:22:32,357 - WARNING - ⚠️  加密货币指数采集器: 数据延迟 11499.5分钟，超过阈值(10分钟)
2025-12-25 02:22:32,357 - WARNING - 🚨 加密货币指数采集器需要重启
2025-12-25 02:22:32,357 - INFO - 🔄 正在重启 crypto-index-collector...
2025-12-25 02:22:32,808 - INFO - ✅ crypto-index-collector 重启成功
2025-12-25 02:22:32,808 - INFO - ============================================================
2025-12-25 02:22:32,808 - INFO - 
2025-12-25 02:27:32,809 - INFO - ============================================================
2025-12-25 02:27:32,809 - INFO - 🔍 开始监控采集器状态
2025-12-25 02:27:32,809 - INFO - 当前时间: 2025-12-25 10:27:32
2025-12-25 02:27:32,811 - INFO - ✅ V1V2采集器: 最新数据时间 10:25:00, 延迟 2.5分钟
2025-12-25 02:27:32,815 - INFO - ✅ 支撑压力线采集器: 最新数据时间 10:27:29, 延迟 6.1分钟
2025-12-25 02:27:32,818 - INFO - ✅ 位置系统采集器: 最新数据时间 10:22:52, 延迟 10.7分钟
2025-12-25 02:27:32,819 - WARNING - ⚠️  位置系统采集器: 数据延迟 10.7分钟，超过阈值(10分钟)
2025-12-25 02:27:32,819 - WARNING - 🚨 位置系统采集器需要重启
2025-12-25 02:27:32,819 - INFO - 🔄 正在重启 position-system-collector...
2025-12-25 02:27:33,201 - INFO - ✅ position-system-collector 重启成功
2025-12-25 02:27:33,205 - INFO - ✅ 加密货币指数采集器: 最新数据时间 10:49:00, 延迟 11504.6分钟
2025-12-25 02:27:33,205 - WARNING - ⚠️  加密货币指数采集器: 数据延迟 11504.6分钟，超过阈值(10分钟)
2025-12-25 02:27:33,205 - WARNING - 🚨 加密货币指数采集器需要重启
2025-12-25 02:27:33,205 - INFO - 🔄 正在重启 crypto-index-collector...
2025-12-25 02:27:33,629 - INFO - ✅ crypto-index-collector 重启成功
2025-12-25 02:27:33,630 - INFO - ============================================================
2025-12-25 02:27:33,630 - INFO - 
2025-12-25 02:32:33,630 - INFO - ============================================================
2025-12-25 02:32:33,630 - INFO - 🔍 开始监控采集器状态
2025-12-25 02:32:33,631 - INFO - 当前时间: 2025-12-25 10:32:33
2025-12-25 02:32:33,633 - INFO - ✅ V1V2采集器: 最新数据时间 10:30:00, 延迟 2.6分钟
2025-12-25 02:32:33,636 - INFO - ✅ 支撑压力线采集器: 最新数据时间 10:32:32, 延迟 6.0分钟
2025-12-25 02:32:33,639 - INFO - ✅ 位置系统采集器: 最新数据时间 10:27:53, 延迟 10.7分钟
2025-12-25 02:32:33,639 - WARNING - ⚠️  位置系统采集器: 数据延迟 10.7分钟，超过阈值(10分钟)
2025-12-25 02:32:33,639 - WARNING - 🚨 位置系统采集器需要重启
2025-12-25 02:32:33,639 - INFO - 🔄 正在重启 position-system-collector...
2025-12-25 02:32:34,097 - INFO - ✅ position-system-collector 重启成功
2025-12-25 02:32:34,100 - INFO - ✅ 加密货币指数采集器: 最新数据时间 10:49:00, 延迟 11509.6分钟
2025-12-25 02:32:34,100 - WARNING - ⚠️  加密货币指数采集器: 数据延迟 11509.6分钟，超过阈值(10分钟)
2025-12-25 02:32:34,100 - WARNING - 🚨 加密货币指数采集器需要重启
2025-12-25 02:32:34,100 - INFO - 🔄 正在重启 crypto-index-collector...
2025-12-25 02:32:34,501 - INFO - ✅ crypto-index-collector 重启成功
2025-12-25 02:32:34,501 - INFO - ============================================================
2025-12-25 02:32:34,501 - INFO - 
2025-12-25 02:37:34,502 - INFO - ============================================================
2025-12-25 02:37:34,502 - INFO - 🔍 开始监控采集器状态
2025-12-25 02:37:34,502 - INFO - 当前时间: 2025-12-25 10:37:34
2025-12-25 02:37:34,505 - INFO - ✅ V1V2采集器: 最新数据时间 10:35:00, 延迟 2.6分钟
2025-12-25 02:37:34,508 - INFO - ✅ 支撑压力线采集器: 最新数据时间 10:37:34, 延迟 6.0分钟
2025-12-25 02:37:34,511 - INFO - ✅ 位置系统采集器: 最新数据时间 10:32:54, 延迟 10.7分钟
2025-12-25 02:37:34,511 - WARNING - ⚠️  位置系统采集器: 数据延迟 10.7分钟，超过阈值(10分钟)
2025-12-25 02:37:34,512 - WARNING - 🚨 位置系统采集器需要重启
2025-12-25 02:37:34,512 - INFO - 🔄 正在重启 position-system-collector...
2025-12-25 02:37:34,985 - INFO - ✅ position-system-collector 重启成功
2025-12-25 02:37:34,989 - INFO - ✅ 加密货币指数采集器: 最新数据时间 10:49:00, 延迟 11514.6分钟
2025-12-25 02:37:34,989 - WARNING - ⚠️  加密货币指数采集器: 数据延迟 11514.6分钟，超过阈值(10分钟)
2025-12-25 02:37:34,989 - WARNING - 🚨 加密货币指数采集器需要重启
2025-12-25 02:37:34,989 - INFO - 🔄 正在重启 crypto-index-collector...
2025-12-25 02:37:35,441 - INFO - ✅ crypto-index-collector 重启成功
2025-12-25 02:37:35,441 - INFO - ============================================================
2025-12-25 02:37:35,441 - INFO - 
2025-12-25 02:42:35,441 - INFO - ============================================================
2025-12-25 02:42:35,442 - INFO - 🔍 开始监控采集器状态
2025-12-25 02:42:35,442 - INFO - 当前时间: 2025-12-25 10:42:35
2025-12-25 02:42:35,445 - INFO - ✅ V1V2采集器: 最新数据时间 10:40:00, 延迟 2.6分钟
2025-12-25 02:42:35,449 - INFO - ✅ 支撑压力线采集器: 最新数据时间 10:42:11, 延迟 6.4分钟
2025-12-25 02:42:35,452 - INFO - ✅ 位置系统采集器: 最新数据时间 10:37:55, 延迟 10.7分钟
2025-12-25 02:42:35,453 - WARNING - ⚠️  位置系统采集器: 数据延迟 10.7分钟，超过阈值(10分钟)
2025-12-25 02:42:35,453 - WARNING - 🚨 位置系统采集器需要重启
2025-12-25 02:42:35,453 - INFO - 🔄 正在重启 position-system-collector...
2025-12-25 02:42:35,851 - INFO - ✅ position-system-collector 重启成功
2025-12-25 02:42:35,855 - INFO - ✅ 加密货币指数采集器: 最新数据时间 10:49:00, 延迟 11519.6分钟
2025-12-25 02:42:35,855 - WARNING - ⚠️  加密货币指数采集器: 数据延迟 11519.6分钟，超过阈值(10分钟)
2025-12-25 02:42:35,855 - WARNING - 🚨 加密货币指数采集器需要重启
2025-12-25 02:42:35,856 - INFO - 🔄 正在重启 crypto-index-collector...
2025-12-25 02:42:36,316 - INFO - ✅ crypto-index-collector 重启成功
2025-12-25 02:42:36,317 - INFO - ============================================================
2025-12-25 02:42:36,317 - INFO - 
2025-12-25 02:47:36,317 - INFO - ============================================================
2025-12-25 02:47:36,317 - INFO - 🔍 开始监控采集器状态
2025-12-25 02:47:36,318 - INFO - 当前时间: 2025-12-25 10:47:36
2025-12-25 02:47:36,320 - INFO - ✅ V1V2采集器: 最新数据时间 10:45:00, 延迟 2.6分钟
2025-12-25 02:47:36,323 - INFO - ✅ 支撑压力线采集器: 最新数据时间 10:47:25, 延迟 6.2分钟
2025-12-25 02:47:36,327 - INFO - ✅ 位置系统采集器: 最新数据时间 10:42:55, 延迟 10.7分钟
2025-12-25 02:47:36,327 - WARNING - ⚠️  位置系统采集器: 数据延迟 10.7分钟，超过阈值(10分钟)
2025-12-25 02:47:36,327 - WARNING - 🚨 位置系统采集器需要重启
2025-12-25 02:47:36,327 - INFO - 🔄 正在重启 position-system-collector...
2025-12-25 02:47:36,741 - INFO - ✅ position-system-collector 重启成功
2025-12-25 02:47:36,745 - INFO - ✅ 加密货币指数采集器: 最新数据时间 10:49:00, 延迟 11524.6分钟
2025-12-25 02:47:36,745 - WARNING - ⚠️  加密货币指数采集器: 数据延迟 11524.6分钟，超过阈值(10分钟)
2025-12-25 02:47:36,745 - WARNING - 🚨 加密货币指数采集器需要重启
2025-12-25 02:47:36,745 - INFO - 🔄 正在重启 crypto-index-collector...
2025-12-25 02:47:37,159 - INFO - ✅ crypto-index-collector 重启成功
2025-12-25 02:47:37,159 - INFO - ============================================================
2025-12-25 02:47:37,159 - INFO - 
2025-12-25 02:52:37,160 - INFO - ============================================================
2025-12-25 02:52:37,160 - INFO - 🔍 开始监控采集器状态
2025-12-25 02:52:37,160 - INFO - 当前时间: 2025-12-25 10:52:37
2025-12-25 02:52:37,163 - INFO - ✅ V1V2采集器: 最新数据时间 10:50:00, 延迟 2.6分钟
2025-12-25 02:52:37,166 - INFO - ✅ 支撑压力线采集器: 最新数据时间 10:52:36, 延迟 6.0分钟
2025-12-25 02:52:37,168 - INFO - ✅ 位置系统采集器: 最新数据时间 10:47:56, 延迟 10.7分钟
2025-12-25 02:52:37,169 - WARNING - ⚠️  位置系统采集器: 数据延迟 10.7分钟，超过阈值(10分钟)
2025-12-25 02:52:37,169 - WARNING - 🚨 位置系统采集器需要重启
2025-12-25 02:52:37,169 - INFO - 🔄 正在重启 position-system-collector...
2025-12-25 02:52:37,634 - INFO - ✅ position-system-collector 重启成功
2025-12-25 02:52:37,637 - INFO - ✅ 加密货币指数采集器: 最新数据时间 10:49:00, 延迟 11529.6分钟
2025-12-25 02:52:37,637 - WARNING - ⚠️  加密货币指数采集器: 数据延迟 11529.6分钟，超过阈值(10分钟)
2025-12-25 02:52:37,637 - WARNING - 🚨 加密货币指数采集器需要重启
2025-12-25 02:52:37,637 - INFO - 🔄 正在重启 crypto-index-collector...
2025-12-25 02:52:38,179 - INFO - ✅ crypto-index-collector 重启成功
2025-12-25 02:52:38,180 - INFO - ============================================================
2025-12-25 02:52:38,180 - INFO - 
2025-12-25 02:57:38,180 - INFO - ============================================================
2025-12-25 02:57:38,180 - INFO - 🔍 开始监控采集器状态
2025-12-25 02:57:38,181 - INFO - 当前时间: 2025-12-25 10:57:38
2025-12-25 02:57:38,183 - INFO - ✅ V1V2采集器: 最新数据时间 10:55:00, 延迟 2.6分钟
2025-12-25 02:57:38,186 - INFO - ✅ 支撑压力线采集器: 最新数据时间 10:57:22, 延迟 6.3分钟
2025-12-25 02:57:38,189 - INFO - ✅ 位置系统采集器: 最新数据时间 10:52:57, 延迟 10.7分钟
2025-12-25 02:57:38,190 - WARNING - ⚠️  位置系统采集器: 数据延迟 10.7分钟，超过阈值(10分钟)
2025-12-25 02:57:38,190 - WARNING - 🚨 位置系统采集器需要重启
2025-12-25 02:57:38,190 - INFO - 🔄 正在重启 position-system-collector...
2025-12-25 02:57:38,568 - INFO - ✅ position-system-collector 重启成功
2025-12-25 02:57:38,569 - INFO - ✅ 加密货币指数采集器: 最新数据时间 10:49:00, 延迟 11534.6分钟
2025-12-25 02:57:38,570 - WARNING - ⚠️  加密货币指数采集器: 数据延迟 11534.6分钟，超过阈值(10分钟)
2025-12-25 02:57:38,570 - WARNING - 🚨 加密货币指数采集器需要重启
2025-12-25 02:57:38,570 - INFO - 🔄 正在重启 crypto-index-collector...
2025-12-25 02:57:38,961 - INFO - ✅ crypto-index-collector 重启成功
2025-12-25 02:57:38,961 - INFO - ============================================================
2025-12-25 02:57:38,962 - INFO - 
2025-12-25 03:02:38,962 - INFO - ============================================================
2025-12-25 03:02:38,962 - INFO - 🔍 开始监控采集器状态
2025-12-25 03:02:38,962 - INFO - 当前时间: 2025-12-25 11:02:38
2025-12-25 03:02:38,965 - INFO - ✅ V1V2采集器: 最新数据时间 11:00:00, 延迟 2.6分钟
2025-12-25 03:02:38,968 - INFO - ✅ 支撑压力线采集器: 最新数据时间 11:02:38, 延迟 6.0分钟
2025-12-25 03:02:38,971 - INFO - ✅ 位置系统采集器: 最新数据时间 10:57:58, 延迟 10.7分钟
2025-12-25 03:02:38,972 - WARNING - ⚠️  位置系统采集器: 数据延迟 10.7分钟，超过阈值(10分钟)
2025-12-25 03:02:38,972 - WARNING - 🚨 位置系统采集器需要重启
2025-12-25 03:02:38,972 - INFO - 🔄 正在重启 position-system-collector...
2025-12-25 03:02:39,383 - INFO - ✅ position-system-collector 重启成功
2025-12-25 03:02:39,387 - INFO - ✅ 加密货币指数采集器: 最新数据时间 10:49:00, 延迟 11539.7分钟
2025-12-25 03:02:39,387 - WARNING - ⚠️  加密货币指数采集器: 数据延迟 11539.7分钟，超过阈值(10分钟)
2025-12-25 03:02:39,387 - WARNING - 🚨 加密货币指数采集器需要重启
2025-12-25 03:02:39,387 - INFO - 🔄 正在重启 crypto-index-collector...
2025-12-25 03:02:39,851 - INFO - ✅ crypto-index-collector 重启成功
2025-12-25 03:02:39,851 - INFO - ============================================================
2025-12-25 03:02:39,851 - INFO - 
2025-12-25 03:07:39,852 - INFO - ============================================================
2025-12-25 03:07:39,852 - INFO - 🔍 开始监控采集器状态
2025-12-25 03:07:39,852 - INFO - 当前时间: 2025-12-25 11:07:39
2025-12-25 03:07:39,855 - INFO - ✅ V1V2采集器: 最新数据时间 11:05:00, 延迟 2.7分钟
2025-12-25 03:07:39,858 - INFO - ✅ 支撑压力线采集器: 最新数据时间 11:07:39, 延迟 6.0分钟
2025-12-25 03:07:39,861 - INFO - ✅ 位置系统采集器: 最新数据时间 11:02:59, 延迟 10.7分钟
2025-12-25 03:07:39,861 - WARNING - ⚠️  位置系统采集器: 数据延迟 10.7分钟，超过阈值(10分钟)
2025-12-25 03:07:39,862 - WARNING - 🚨 位置系统采集器需要重启
2025-12-25 03:07:39,862 - INFO - 🔄 正在重启 position-system-collector...
2025-12-25 03:07:40,275 - INFO - ✅ position-system-collector 重启成功
2025-12-25 03:07:40,279 - INFO - ✅ 加密货币指数采集器: 最新数据时间 10:49:00, 延迟 11544.7分钟
2025-12-25 03:07:40,279 - WARNING - ⚠️  加密货币指数采集器: 数据延迟 11544.7分钟，超过阈值(10分钟)
2025-12-25 03:07:40,280 - WARNING - 🚨 加密货币指数采集器需要重启
2025-12-25 03:07:40,280 - INFO - 🔄 正在重启 crypto-index-collector...
2025-12-25 03:07:40,661 - INFO - ✅ crypto-index-collector 重启成功
2025-12-25 03:07:40,662 - INFO - ============================================================
2025-12-25 03:07:40,662 - INFO - 
2025-12-25 03:12:40,662 - INFO - ============================================================
2025-12-25 03:12:40,662 - INFO - 🔍 开始监控采集器状态
2025-12-25 03:12:40,663 - INFO - 当前时间: 2025-12-25 11:12:40
2025-12-25 03:12:40,665 - INFO - ✅ V1V2采集器: 最新数据时间 11:10:00, 延迟 2.7分钟
2025-12-25 03:12:40,668 - INFO - ✅ 支撑压力线采集器: 最新数据时间 11:12:12, 延迟 6.5分钟
2025-12-25 03:12:40,672 - INFO - ✅ 位置系统采集器: 最新数据时间 11:08:00, 延迟 10.7分钟
2025-12-25 03:12:40,672 - WARNING - ⚠️  位置系统采集器: 数据延迟 10.7分钟，超过阈值(10分钟)
2025-12-25 03:12:40,672 - WARNING - 🚨 位置系统采集器需要重启
2025-12-25 03:12:40,672 - INFO - 🔄 正在重启 position-system-collector...
2025-12-25 03:12:41,072 - INFO - ✅ position-system-collector 重启成功
2025-12-25 03:12:41,076 - INFO - ✅ 加密货币指数采集器: 最新数据时间 10:49:00, 延迟 11549.7分钟
2025-12-25 03:12:41,076 - WARNING - ⚠️  加密货币指数采集器: 数据延迟 11549.7分钟，超过阈值(10分钟)
2025-12-25 03:12:41,076 - WARNING - 🚨 加密货币指数采集器需要重启
2025-12-25 03:12:41,076 - INFO - 🔄 正在重启 crypto-index-collector...
2025-12-25 03:12:41,560 - INFO - ✅ crypto-index-collector 重启成功
2025-12-25 03:12:41,561 - INFO - ============================================================
2025-12-25 03:12:41,561 - INFO - 
2025-12-25 03:17:41,561 - INFO - ============================================================
2025-12-25 03:17:41,561 - INFO - 🔍 开始监控采集器状态
2025-12-25 03:17:41,562 - INFO - 当前时间: 2025-12-25 11:17:41
2025-12-25 03:17:41,564 - INFO - ✅ V1V2采集器: 最新数据时间 11:15:00, 延迟 2.7分钟
2025-12-25 03:17:41,567 - INFO - ✅ 支撑压力线采集器: 最新数据时间 11:17:26, 延迟 6.3分钟
2025-12-25 03:17:41,571 - INFO - ✅ 位置系统采集器: 最新数据时间 11:13:01, 延迟 10.7分钟
2025-12-25 03:17:41,571 - WARNING - ⚠️  位置系统采集器: 数据延迟 10.7分钟，超过阈值(10分钟)
2025-12-25 03:17:41,571 - WARNING - 🚨 位置系统采集器需要重启
2025-12-25 03:17:41,571 - INFO - 🔄 正在重启 position-system-collector...
2025-12-25 03:17:41,967 - INFO - ✅ position-system-collector 重启成功
2025-12-25 03:17:41,970 - INFO - ✅ 加密货币指数采集器: 最新数据时间 10:49:00, 延迟 11554.7分钟
2025-12-25 03:17:41,971 - WARNING - ⚠️  加密货币指数采集器: 数据延迟 11554.7分钟，超过阈值(10分钟)
2025-12-25 03:17:41,971 - WARNING - 🚨 加密货币指数采集器需要重启
2025-12-25 03:17:41,971 - INFO - 🔄 正在重启 crypto-index-collector...
2025-12-25 03:17:42,373 - INFO - ✅ crypto-index-collector 重启成功
2025-12-25 03:17:42,373 - INFO - ============================================================
2025-12-25 03:17:42,374 - INFO - 
2025-12-25 03:22:42,374 - INFO - ============================================================
2025-12-25 03:22:42,374 - INFO - 🔍 开始监控采集器状态
2025-12-25 03:22:42,374 - INFO - 当前时间: 2025-12-25 11:22:42
2025-12-25 03:22:42,377 - INFO - ✅ V1V2采集器: 最新数据时间 11:20:00, 延迟 2.7分钟
2025-12-25 03:22:42,380 - INFO - ✅ 支撑压力线采集器: 最新数据时间 11:22:41, 延迟 6.0分钟
2025-12-25 03:22:42,384 - INFO - ✅ 位置系统采集器: 最新数据时间 11:18:02, 延迟 10.7分钟
2025-12-25 03:22:42,384 - WARNING - ⚠️  位置系统采集器: 数据延迟 10.7分钟，超过阈值(10分钟)
2025-12-25 03:22:42,384 - WARNING - 🚨 位置系统采集器需要重启
2025-12-25 03:22:42,384 - INFO - 🔄 正在重启 position-system-collector...
2025-12-25 03:22:42,798 - INFO - ✅ position-system-collector 重启成功
2025-12-25 03:22:42,802 - INFO - ✅ 加密货币指数采集器: 最新数据时间 10:49:00, 延迟 11559.7分钟
2025-12-25 03:22:42,802 - WARNING - ⚠️  加密货币指数采集器: 数据延迟 11559.7分钟，超过阈值(10分钟)
2025-12-25 03:22:42,802 - WARNING - 🚨 加密货币指数采集器需要重启
2025-12-25 03:22:42,803 - INFO - 🔄 正在重启 crypto-index-collector...
2025-12-25 03:22:43,258 - INFO - ✅ crypto-index-collector 重启成功
2025-12-25 03:22:43,258 - INFO - ============================================================
2025-12-25 03:22:43,258 - INFO - 
2025-12-25 03:27:43,259 - INFO - ============================================================
2025-12-25 03:27:43,259 - INFO - 🔍 开始监控采集器状态
2025-12-25 03:27:43,259 - INFO - 当前时间: 2025-12-25 11:27:43
2025-12-25 03:27:43,262 - INFO - ✅ V1V2采集器: 最新数据时间 11:25:00, 延迟 2.7分钟
2025-12-25 03:27:43,265 - INFO - ✅ 支撑压力线采集器: 最新数据时间 11:27:42, 延迟 6.0分钟
2025-12-25 03:27:43,268 - INFO - ✅ 位置系统采集器: 最新数据时间 11:23:02, 延迟 10.7分钟
2025-12-25 03:27:43,269 - WARNING - ⚠️  位置系统采集器: 数据延迟 10.7分钟，超过阈值(10分钟)
2025-12-25 03:27:43,269 - WARNING - 🚨 位置系统采集器需要重启
2025-12-25 03:27:43,269 - INFO - 🔄 正在重启 position-system-collector...
2025-12-25 03:27:43,652 - INFO - ✅ position-system-collector 重启成功
2025-12-25 03:27:43,656 - INFO - ✅ 加密货币指数采集器: 最新数据时间 10:49:00, 延迟 11564.7分钟
2025-12-25 03:27:43,656 - WARNING - ⚠️  加密货币指数采集器: 数据延迟 11564.7分钟，超过阈值(10分钟)
2025-12-25 03:27:43,656 - WARNING - 🚨 加密货币指数采集器需要重启
2025-12-25 03:27:43,656 - INFO - 🔄 正在重启 crypto-index-collector...
2025-12-25 03:27:44,111 - INFO - ✅ crypto-index-collector 重启成功
2025-12-25 03:27:44,111 - INFO - ============================================================
2025-12-25 03:27:44,111 - INFO - 
2025-12-25 03:32:44,111 - INFO - ============================================================
2025-12-25 03:32:44,112 - INFO - 🔍 开始监控采集器状态
2025-12-25 03:32:44,112 - INFO - 当前时间: 2025-12-25 11:32:44
2025-12-25 03:32:44,114 - INFO - ✅ V1V2采集器: 最新数据时间 11:30:00, 延迟 2.7分钟
2025-12-25 03:32:44,118 - INFO - ✅ 支撑压力线采集器: 最新数据时间 11:32:43, 延迟 6.0分钟
2025-12-25 03:32:44,121 - INFO - ✅ 位置系统采集器: 最新数据时间 11:28:03, 延迟 10.7分钟
2025-12-25 03:32:44,121 - WARNING - ⚠️  位置系统采集器: 数据延迟 10.7分钟，超过阈值(10分钟)
2025-12-25 03:32:44,121 - WARNING - 🚨 位置系统采集器需要重启
2025-12-25 03:32:44,121 - INFO - 🔄 正在重启 position-system-collector...
2025-12-25 03:32:44,536 - INFO - ✅ position-system-collector 重启成功
2025-12-25 03:32:44,539 - INFO - ✅ 加密货币指数采集器: 最新数据时间 10:49:00, 延迟 11569.7分钟
2025-12-25 03:32:44,540 - WARNING - ⚠️  加密货币指数采集器: 数据延迟 11569.7分钟，超过阈值(10分钟)
2025-12-25 03:32:44,540 - WARNING - 🚨 加密货币指数采集器需要重启
2025-12-25 03:32:44,540 - INFO - 🔄 正在重启 crypto-index-collector...
2025-12-25 03:32:45,041 - INFO - ✅ crypto-index-collector 重启成功
2025-12-25 03:32:45,041 - INFO - ============================================================
2025-12-25 03:32:45,041 - INFO - 
2025-12-25 03:37:45,041 - INFO - ============================================================
2025-12-25 03:37:45,042 - INFO - 🔍 开始监控采集器状态
2025-12-25 03:37:45,042 - INFO - 当前时间: 2025-12-25 11:37:45
2025-12-25 03:37:45,044 - INFO - ✅ V1V2采集器: 最新数据时间 11:35:00, 延迟 2.8分钟
2025-12-25 03:37:45,048 - INFO - ✅ 支撑压力线采集器: 最新数据时间 11:37:22, 延迟 6.4分钟
2025-12-25 03:37:45,051 - INFO - ✅ 位置系统采集器: 最新数据时间 11:33:04, 延迟 10.7分钟
2025-12-25 03:37:45,051 - WARNING - ⚠️  位置系统采集器: 数据延迟 10.7分钟，超过阈值(10分钟)
2025-12-25 03:37:45,051 - WARNING - 🚨 位置系统采集器需要重启
2025-12-25 03:37:45,051 - INFO - 🔄 正在重启 position-system-collector...
2025-12-25 03:37:45,506 - INFO - ✅ position-system-collector 重启成功
2025-12-25 03:37:45,509 - INFO - ✅ 加密货币指数采集器: 最新数据时间 10:49:00, 延迟 11574.8分钟
2025-12-25 03:37:45,510 - WARNING - ⚠️  加密货币指数采集器: 数据延迟 11574.8分钟，超过阈值(10分钟)
2025-12-25 03:37:45,510 - WARNING - 🚨 加密货币指数采集器需要重启
2025-12-25 03:37:45,510 - INFO - 🔄 正在重启 crypto-index-collector...
2025-12-25 03:37:45,992 - INFO - ✅ crypto-index-collector 重启成功
2025-12-25 03:37:45,993 - INFO - ============================================================
2025-12-25 03:37:45,993 - INFO - 
2025-12-25 03:42:45,993 - INFO - ============================================================
2025-12-25 03:42:45,994 - INFO - 🔍 开始监控采集器状态
2025-12-25 03:42:45,994 - INFO - 当前时间: 2025-12-25 11:42:45
2025-12-25 03:42:45,996 - INFO - ✅ V1V2采集器: 最新数据时间 11:40:00, 延迟 2.8分钟
2025-12-25 03:42:46,000 - INFO - ✅ 支撑压力线采集器: 最新数据时间 11:42:36, 延迟 6.2分钟
2025-12-25 03:42:46,003 - INFO - ✅ 位置系统采集器: 最新数据时间 11:38:05, 延迟 10.7分钟
2025-12-25 03:42:46,004 - WARNING - ⚠️  位置系统采集器: 数据延迟 10.7分钟，超过阈值(10分钟)
2025-12-25 03:42:46,004 - WARNING - 🚨 位置系统采集器需要重启
2025-12-25 03:42:46,004 - INFO - 🔄 正在重启 position-system-collector...
2025-12-25 03:42:46,420 - INFO - ✅ position-system-collector 重启成功
2025-12-25 03:42:46,424 - INFO - ✅ 加密货币指数采集器: 最新数据时间 10:49:00, 延迟 11579.8分钟
2025-12-25 03:42:46,424 - WARNING - ⚠️  加密货币指数采集器: 数据延迟 11579.8分钟，超过阈值(10分钟)
2025-12-25 03:42:46,424 - WARNING - 🚨 加密货币指数采集器需要重启
2025-12-25 03:42:46,425 - INFO - 🔄 正在重启 crypto-index-collector...
2025-12-25 03:42:46,813 - INFO - ✅ crypto-index-collector 重启成功
2025-12-25 03:42:46,813 - INFO - ============================================================
2025-12-25 03:42:46,814 - INFO - 
2025-12-25 03:47:46,814 - INFO - ============================================================
2025-12-25 03:47:46,814 - INFO - 🔍 开始监控采集器状态
2025-12-25 03:47:46,814 - INFO - 当前时间: 2025-12-25 11:47:46
2025-12-25 03:47:46,817 - INFO - ✅ V1V2采集器: 最新数据时间 11:45:00, 延迟 2.8分钟
2025-12-25 03:47:46,820 - INFO - ✅ 支撑压力线采集器: 最新数据时间 11:47:45, 延迟 6.0分钟
2025-12-25 03:47:46,823 - INFO - ✅ 位置系统采集器: 最新数据时间 11:43:06, 延迟 10.7分钟
2025-12-25 03:47:46,824 - WARNING - ⚠️  位置系统采集器: 数据延迟 10.7分钟，超过阈值(10分钟)
2025-12-25 03:47:46,824 - WARNING - 🚨 位置系统采集器需要重启
2025-12-25 03:47:46,824 - INFO - 🔄 正在重启 position-system-collector...
2025-12-25 03:47:47,292 - INFO - ✅ position-system-collector 重启成功
2025-12-25 03:47:47,295 - INFO - ✅ 加密货币指数采集器: 最新数据时间 10:49:00, 延迟 11584.8分钟
2025-12-25 03:47:47,295 - WARNING - ⚠️  加密货币指数采集器: 数据延迟 11584.8分钟，超过阈值(10分钟)
2025-12-25 03:47:47,295 - WARNING - 🚨 加密货币指数采集器需要重启
2025-12-25 03:47:47,296 - INFO - 🔄 正在重启 crypto-index-collector...
2025-12-25 03:47:47,733 - INFO - ✅ crypto-index-collector 重启成功
2025-12-25 03:47:47,733 - INFO - ============================================================
2025-12-25 03:47:47,733 - INFO - 
2025-12-25 03:52:47,733 - INFO - ============================================================
2025-12-25 03:52:47,733 - INFO - 🔍 开始监控采集器状态
2025-12-25 03:52:47,734 - INFO - 当前时间: 2025-12-25 11:52:47
2025-12-25 03:52:47,735 - INFO - ✅ V1V2采集器: 最新数据时间 11:50:00, 延迟 2.8分钟
2025-12-25 03:52:47,736 - INFO - ✅ 支撑压力线采集器: 最新数据时间 11:52:47, 延迟 6.0分钟
2025-12-25 03:52:47,739 - INFO - ✅ 位置系统采集器: 最新数据时间 11:48:07, 延迟 10.7分钟
2025-12-25 03:52:47,739 - WARNING - ⚠️  位置系统采集器: 数据延迟 10.7分钟，超过阈值(10分钟)
2025-12-25 03:52:47,739 - WARNING - 🚨 位置系统采集器需要重启
2025-12-25 03:52:47,740 - INFO - 🔄 正在重启 position-system-collector...
2025-12-25 03:52:48,152 - INFO - ✅ position-system-collector 重启成功
2025-12-25 03:52:48,156 - INFO - ✅ 加密货币指数采集器: 最新数据时间 10:49:00, 延迟 11589.8分钟
2025-12-25 03:52:48,156 - WARNING - ⚠️  加密货币指数采集器: 数据延迟 11589.8分钟，超过阈值(10分钟)
2025-12-25 03:52:48,156 - WARNING - 🚨 加密货币指数采集器需要重启
2025-12-25 03:52:48,156 - INFO - 🔄 正在重启 crypto-index-collector...
2025-12-25 03:52:48,575 - INFO - ✅ crypto-index-collector 重启成功
2025-12-25 03:52:48,575 - INFO - ============================================================
2025-12-25 03:52:48,575 - INFO - 
2025-12-25 03:57:48,575 - INFO - ============================================================
2025-12-25 03:57:48,576 - INFO - 🔍 开始监控采集器状态
2025-12-25 03:57:48,576 - INFO - 当前时间: 2025-12-25 11:57:48
2025-12-25 03:57:48,578 - INFO - ✅ V1V2采集器: 最新数据时间 11:55:00, 延迟 2.8分钟
2025-12-25 03:57:48,582 - INFO - ✅ 支撑压力线采集器: 最新数据时间 11:57:17, 延迟 6.5分钟
2025-12-25 03:57:48,585 - INFO - ✅ 位置系统采集器: 最新数据时间 11:53:08, 延迟 10.7分钟
2025-12-25 03:57:48,585 - WARNING - ⚠️  位置系统采集器: 数据延迟 10.7分钟，超过阈值(10分钟)
2025-12-25 03:57:48,585 - WARNING - 🚨 位置系统采集器需要重启
2025-12-25 03:57:48,585 - INFO - 🔄 正在重启 position-system-collector...
2025-12-25 03:57:49,009 - INFO - ✅ position-system-collector 重启成功
2025-12-25 03:57:49,013 - INFO - ✅ 加密货币指数采集器: 最新数据时间 10:49:00, 延迟 11594.8分钟
2025-12-25 03:57:49,013 - WARNING - ⚠️  加密货币指数采集器: 数据延迟 11594.8分钟，超过阈值(10分钟)
2025-12-25 03:57:49,013 - WARNING - 🚨 加密货币指数采集器需要重启
2025-12-25 03:57:49,013 - INFO - 🔄 正在重启 crypto-index-collector...
2025-12-25 03:57:49,402 - INFO - ✅ crypto-index-collector 重启成功
2025-12-25 03:57:49,402 - INFO - ============================================================
2025-12-25 03:57:49,402 - INFO - 
2025-12-25 04:02:49,403 - INFO - ============================================================
2025-12-25 04:02:49,403 - INFO - 🔍 开始监控采集器状态
2025-12-25 04:02:49,403 - INFO - 当前时间: 2025-12-25 12:02:49
2025-12-25 04:02:49,406 - INFO - ✅ V1V2采集器: 最新数据时间 12:00:00, 延迟 2.8分钟
2025-12-25 04:02:49,409 - INFO - ✅ 支撑压力线采集器: 最新数据时间 12:02:31, 延迟 6.3分钟
2025-12-25 04:02:49,412 - INFO - ✅ 位置系统采集器: 最新数据时间 11:58:09, 延迟 10.7分钟
2025-12-25 04:02:49,412 - WARNING - ⚠️  位置系统采集器: 数据延迟 10.7分钟，超过阈值(10分钟)
2025-12-25 04:02:49,412 - WARNING - 🚨 位置系统采集器需要重启
2025-12-25 04:02:49,412 - INFO - 🔄 正在重启 position-system-collector...
2025-12-25 04:02:49,809 - INFO - ✅ position-system-collector 重启成功
2025-12-25 04:02:49,813 - INFO - ✅ 加密货币指数采集器: 最新数据时间 10:49:00, 延迟 11599.8分钟
2025-12-25 04:02:49,813 - WARNING - ⚠️  加密货币指数采集器: 数据延迟 11599.8分钟，超过阈值(10分钟)
2025-12-25 04:02:49,813 - WARNING - 🚨 加密货币指数采集器需要重启
2025-12-25 04:02:49,813 - INFO - 🔄 正在重启 crypto-index-collector...
2025-12-25 04:02:50,262 - INFO - ✅ crypto-index-collector 重启成功
2025-12-25 04:02:50,262 - INFO - ============================================================
2025-12-25 04:02:50,262 - INFO - 
2025-12-25 04:07:50,262 - INFO - ============================================================
2025-12-25 04:07:50,263 - INFO - 🔍 开始监控采集器状态
2025-12-25 04:07:50,263 - INFO - 当前时间: 2025-12-25 12:07:50
2025-12-25 04:07:50,265 - INFO - ✅ V1V2采集器: 最新数据时间 12:05:00, 延迟 2.8分钟
2025-12-25 04:07:50,270 - INFO - ✅ 支撑压力线采集器: 最新数据时间 12:07:46, 延迟 6.1分钟
2025-12-25 04:07:50,273 - INFO - ✅ 位置系统采集器: 最新数据时间 12:03:09, 延迟 10.7分钟
2025-12-25 04:07:50,273 - WARNING - ⚠️  位置系统采集器: 数据延迟 10.7分钟，超过阈值(10分钟)
2025-12-25 04:07:50,273 - WARNING - 🚨 位置系统采集器需要重启
2025-12-25 04:07:50,273 - INFO - 🔄 正在重启 position-system-collector...
2025-12-25 04:07:50,701 - INFO - ✅ position-system-collector 重启成功
2025-12-25 04:07:50,705 - INFO - ✅ 加密货币指数采集器: 最新数据时间 10:49:00, 延迟 11604.8分钟
2025-12-25 04:07:50,705 - WARNING - ⚠️  加密货币指数采集器: 数据延迟 11604.8分钟，超过阈值(10分钟)
2025-12-25 04:07:50,705 - WARNING - 🚨 加密货币指数采集器需要重启
2025-12-25 04:07:50,706 - INFO - 🔄 正在重启 crypto-index-collector...
2025-12-25 04:07:51,097 - INFO - ✅ crypto-index-collector 重启成功
2025-12-25 04:07:51,097 - INFO - ============================================================
2025-12-25 04:07:51,097 - INFO - 
2025-12-25 04:12:51,097 - INFO - ============================================================
2025-12-25 04:12:51,098 - INFO - 🔍 开始监控采集器状态
2025-12-25 04:12:51,098 - INFO - 当前时间: 2025-12-25 12:12:51
2025-12-25 04:12:51,100 - INFO - ✅ V1V2采集器: 最新数据时间 12:10:00, 延迟 2.9分钟
2025-12-25 04:12:51,104 - INFO - ✅ 支撑压力线采集器: 最新数据时间 12:12:50, 延迟 6.0分钟
2025-12-25 04:12:51,107 - INFO - ✅ 位置系统采集器: 最新数据时间 12:08:10, 延迟 10.7分钟
2025-12-25 04:12:51,107 - WARNING - ⚠️  位置系统采集器: 数据延迟 10.7分钟，超过阈值(10分钟)
2025-12-25 04:12:51,107 - WARNING - 🚨 位置系统采集器需要重启
2025-12-25 04:12:51,107 - INFO - 🔄 正在重启 position-system-collector...
2025-12-25 04:12:51,537 - INFO - ✅ position-system-collector 重启成功
2025-12-25 04:12:51,541 - INFO - ✅ 加密货币指数采集器: 最新数据时间 10:49:00, 延迟 11609.9分钟
2025-12-25 04:12:51,542 - WARNING - ⚠️  加密货币指数采集器: 数据延迟 11609.9分钟，超过阈值(10分钟)
2025-12-25 04:12:51,542 - WARNING - 🚨 加密货币指数采集器需要重启
2025-12-25 04:12:51,542 - INFO - 🔄 正在重启 crypto-index-collector...
2025-12-25 04:12:52,018 - INFO - ✅ crypto-index-collector 重启成功
2025-12-25 04:12:52,018 - INFO - ============================================================
2025-12-25 04:12:52,018 - INFO - 
2025-12-25 04:17:52,019 - INFO - ============================================================
2025-12-25 04:17:52,019 - INFO - 🔍 开始监控采集器状态
2025-12-25 04:17:52,019 - INFO - 当前时间: 2025-12-25 12:17:52
2025-12-25 04:17:52,023 - INFO - ✅ V1V2采集器: 最新数据时间 12:15:00, 延迟 2.9分钟
2025-12-25 04:17:52,026 - INFO - ✅ 支撑压力线采集器: 最新数据时间 12:17:51, 延迟 6.0分钟
2025-12-25 04:17:52,030 - INFO - ✅ 位置系统采集器: 最新数据时间 12:13:11, 延迟 10.7分钟
2025-12-25 04:17:52,030 - WARNING - ⚠️  位置系统采集器: 数据延迟 10.7分钟，超过阈值(10分钟)
2025-12-25 04:17:52,030 - WARNING - 🚨 位置系统采集器需要重启
2025-12-25 04:17:52,030 - INFO - 🔄 正在重启 position-system-collector...
2025-12-25 04:17:52,421 - INFO - ✅ position-system-collector 重启成功
2025-12-25 04:17:52,425 - INFO - ✅ 加密货币指数采集器: 最新数据时间 10:49:00, 延迟 11614.9分钟
2025-12-25 04:17:52,425 - WARNING - ⚠️  加密货币指数采集器: 数据延迟 11614.9分钟，超过阈值(10分钟)
2025-12-25 04:17:52,426 - WARNING - 🚨 加密货币指数采集器需要重启
2025-12-25 04:17:52,426 - INFO - 🔄 正在重启 crypto-index-collector...
2025-12-25 04:17:52,856 - INFO - ✅ crypto-index-collector 重启成功
2025-12-25 04:17:52,857 - INFO - ============================================================
2025-12-25 04:17:52,857 - INFO - 
2025-12-25 04:22:52,857 - INFO - ============================================================
2025-12-25 04:22:52,857 - INFO - 🔍 开始监控采集器状态
2025-12-25 04:22:52,858 - INFO - 当前时间: 2025-12-25 12:22:52
2025-12-25 04:22:52,860 - INFO - ✅ V1V2采集器: 最新数据时间 12:20:00, 延迟 2.9分钟
2025-12-25 04:22:52,864 - INFO - ✅ 支撑压力线采集器: 最新数据时间 12:22:27, 延迟 6.4分钟
2025-12-25 04:22:52,868 - INFO - ✅ 位置系统采集器: 最新数据时间 12:18:12, 延迟 10.7分钟
2025-12-25 04:22:52,868 - WARNING - ⚠️  位置系统采集器: 数据延迟 10.7分钟，超过阈值(10分钟)
2025-12-25 04:22:52,868 - WARNING - 🚨 位置系统采集器需要重启
2025-12-25 04:22:52,868 - INFO - 🔄 正在重启 position-system-collector...
2025-12-25 04:22:53,268 - INFO - ✅ position-system-collector 重启成功
2025-12-25 04:22:53,271 - INFO - ✅ 加密货币指数采集器: 最新数据时间 10:49:00, 延迟 11619.9分钟
2025-12-25 04:22:53,272 - WARNING - ⚠️  加密货币指数采集器: 数据延迟 11619.9分钟，超过阈值(10分钟)
2025-12-25 04:22:53,272 - WARNING - 🚨 加密货币指数采集器需要重启
2025-12-25 04:22:53,272 - INFO - 🔄 正在重启 crypto-index-collector...
2025-12-25 04:22:53,697 - INFO - ✅ crypto-index-collector 重启成功
2025-12-25 04:22:53,697 - INFO - ============================================================
2025-12-25 04:22:53,697 - INFO - 
2025-12-25 04:27:53,697 - INFO - ============================================================
2025-12-25 04:27:53,698 - INFO - 🔍 开始监控采集器状态
2025-12-25 04:27:53,698 - INFO - 当前时间: 2025-12-25 12:27:53
2025-12-25 04:27:53,700 - INFO - ✅ V1V2采集器: 最新数据时间 12:25:00, 延迟 2.9分钟
2025-12-25 04:27:53,704 - INFO - ✅ 支撑压力线采集器: 最新数据时间 12:27:42, 延迟 6.2分钟
2025-12-25 04:27:53,707 - INFO - ✅ 位置系统采集器: 最新数据时间 12:23:13, 延迟 10.7分钟
2025-12-25 04:27:53,707 - WARNING - ⚠️  位置系统采集器: 数据延迟 10.7分钟，超过阈值(10分钟)
2025-12-25 04:27:53,707 - WARNING - 🚨 位置系统采集器需要重启
2025-12-25 04:27:53,708 - INFO - 🔄 正在重启 position-system-collector...
2025-12-25 04:27:54,097 - INFO - ✅ position-system-collector 重启成功
2025-12-25 04:27:54,101 - INFO - ✅ 加密货币指数采集器: 最新数据时间 10:49:00, 延迟 11624.9分钟
2025-12-25 04:27:54,101 - WARNING - ⚠️  加密货币指数采集器: 数据延迟 11624.9分钟，超过阈值(10分钟)
2025-12-25 04:27:54,101 - WARNING - 🚨 加密货币指数采集器需要重启
2025-12-25 04:27:54,101 - INFO - 🔄 正在重启 crypto-index-collector...
2025-12-25 04:27:54,560 - INFO - ✅ crypto-index-collector 重启成功
2025-12-25 04:27:54,561 - INFO - ============================================================
2025-12-25 04:27:54,561 - INFO - 
2025-12-25 04:32:54,561 - INFO - ============================================================
2025-12-25 04:32:54,561 - INFO - 🔍 开始监控采集器状态
2025-12-25 04:32:54,562 - INFO - 当前时间: 2025-12-25 12:32:54
2025-12-25 04:32:54,564 - INFO - ✅ V1V2采集器: 最新数据时间 12:30:00, 延迟 2.9分钟
2025-12-25 04:32:54,567 - INFO - ✅ 支撑压力线采集器: 最新数据时间 12:32:54, 延迟 6.0分钟
2025-12-25 04:32:54,570 - INFO - ✅ 位置系统采集器: 最新数据时间 12:28:14, 延迟 10.7分钟
2025-12-25 04:32:54,571 - WARNING - ⚠️  位置系统采集器: 数据延迟 10.7分钟，超过阈值(10分钟)
2025-12-25 04:32:54,571 - WARNING - 🚨 位置系统采集器需要重启
2025-12-25 04:32:54,571 - INFO - 🔄 正在重启 position-system-collector...
2025-12-25 04:32:54,959 - INFO - ✅ position-system-collector 重启成功
2025-12-25 04:32:54,963 - INFO - ✅ 加密货币指数采集器: 最新数据时间 10:49:00, 延迟 11629.9分钟
2025-12-25 04:32:54,963 - WARNING - ⚠️  加密货币指数采集器: 数据延迟 11629.9分钟，超过阈值(10分钟)
2025-12-25 04:32:54,964 - WARNING - 🚨 加密货币指数采集器需要重启
2025-12-25 04:32:54,964 - INFO - 🔄 正在重启 crypto-index-collector...
2025-12-25 04:32:55,351 - INFO - ✅ crypto-index-collector 重启成功
2025-12-25 04:32:55,351 - INFO - ============================================================
2025-12-25 04:32:55,351 - INFO - 
2025-12-25 04:37:55,351 - INFO - ============================================================
2025-12-25 04:37:55,352 - INFO - 🔍 开始监控采集器状态
2025-12-25 04:37:55,352 - INFO - 当前时间: 2025-12-25 12:37:55
2025-12-25 04:37:55,354 - INFO - ✅ V1V2采集器: 最新数据时间 12:35:00, 延迟 2.9分钟
2025-12-25 04:37:55,357 - INFO - ✅ 支撑压力线采集器: 最新数据时间 12:37:54, 延迟 6.0分钟
2025-12-25 04:37:55,360 - INFO - ✅ 位置系统采集器: 最新数据时间 12:33:15, 延迟 10.7分钟
2025-12-25 04:37:55,360 - WARNING - ⚠️  位置系统采集器: 数据延迟 10.7分钟，超过阈值(10分钟)
2025-12-25 04:37:55,360 - WARNING - 🚨 位置系统采集器需要重启
2025-12-25 04:37:55,360 - INFO - 🔄 正在重启 position-system-collector...
2025-12-25 04:37:55,822 - INFO - ✅ position-system-collector 重启成功
2025-12-25 04:37:55,825 - INFO - ✅ 加密货币指数采集器: 最新数据时间 10:49:00, 延迟 11634.9分钟
2025-12-25 04:37:55,826 - WARNING - ⚠️  加密货币指数采集器: 数据延迟 11634.9分钟，超过阈值(10分钟)
2025-12-25 04:37:55,826 - WARNING - 🚨 加密货币指数采集器需要重启
2025-12-25 04:37:55,826 - INFO - 🔄 正在重启 crypto-index-collector...
2025-12-25 04:37:56,254 - INFO - ✅ crypto-index-collector 重启成功
2025-12-25 04:37:56,255 - INFO - ============================================================
2025-12-25 04:37:56,255 - INFO - 
2025-12-25 04:42:56,255 - INFO - ============================================================
2025-12-25 04:42:56,255 - INFO - 🔍 开始监控采集器状态
2025-12-25 04:42:56,256 - INFO - 当前时间: 2025-12-25 12:42:56
2025-12-25 04:42:56,258 - INFO - ✅ V1V2采集器: 最新数据时间 12:40:00, 延迟 2.9分钟
2025-12-25 04:42:56,262 - INFO - ✅ 支撑压力线采集器: 最新数据时间 12:42:55, 延迟 6.0分钟
2025-12-25 04:42:56,266 - INFO - ✅ 位置系统采集器: 最新数据时间 12:38:15, 延迟 10.7分钟
2025-12-25 04:42:56,266 - WARNING - ⚠️  位置系统采集器: 数据延迟 10.7分钟，超过阈值(10分钟)
2025-12-25 04:42:56,266 - WARNING - 🚨 位置系统采集器需要重启
2025-12-25 04:42:56,266 - INFO - 🔄 正在重启 position-system-collector...
2025-12-25 04:42:56,632 - INFO - ✅ position-system-collector 重启成功
2025-12-25 04:42:56,636 - INFO - ✅ 加密货币指数采集器: 最新数据时间 10:49:00, 延迟 11639.9分钟
2025-12-25 04:42:56,636 - WARNING - ⚠️  加密货币指数采集器: 数据延迟 11639.9分钟，超过阈值(10分钟)
2025-12-25 04:42:56,636 - WARNING - 🚨 加密货币指数采集器需要重启
2025-12-25 04:42:56,637 - INFO - 🔄 正在重启 crypto-index-collector...
2025-12-25 04:42:57,082 - INFO - ✅ crypto-index-collector 重启成功
2025-12-25 04:42:57,082 - INFO - ============================================================
2025-12-25 04:42:57,082 - INFO - 
2025-12-25 04:47:57,082 - INFO - ============================================================
2025-12-25 04:47:57,083 - INFO - 🔍 开始监控采集器状态
2025-12-25 04:47:57,083 - INFO - 当前时间: 2025-12-25 12:47:57
2025-12-25 04:47:57,085 - INFO - ✅ V1V2采集器: 最新数据时间 12:45:00, 延迟 3.0分钟
2025-12-25 04:47:57,089 - INFO - ✅ 支撑压力线采集器: 最新数据时间 12:47:38, 延迟 6.3分钟
2025-12-25 04:47:57,092 - INFO - ✅ 位置系统采集器: 最新数据时间 12:43:16, 延迟 10.7分钟
2025-12-25 04:47:57,092 - WARNING - ⚠️  位置系统采集器: 数据延迟 10.7分钟，超过阈值(10分钟)
2025-12-25 04:47:57,092 - WARNING - 🚨 位置系统采集器需要重启
2025-12-25 04:47:57,092 - INFO - 🔄 正在重启 position-system-collector...
2025-12-25 04:47:57,507 - INFO - ✅ position-system-collector 重启成功
2025-12-25 04:47:57,511 - INFO - ✅ 加密货币指数采集器: 最新数据时间 10:49:00, 延迟 11645.0分钟
2025-12-25 04:47:57,511 - WARNING - ⚠️  加密货币指数采集器: 数据延迟 11645.0分钟，超过阈值(10分钟)
2025-12-25 04:47:57,511 - WARNING - 🚨 加密货币指数采集器需要重启
2025-12-25 04:47:57,511 - INFO - 🔄 正在重启 crypto-index-collector...
2025-12-25 04:47:57,961 - INFO - ✅ crypto-index-collector 重启成功
2025-12-25 04:47:57,962 - INFO - ============================================================
2025-12-25 04:47:57,962 - INFO - 
2025-12-25 04:52:57,962 - INFO - ============================================================
2025-12-25 04:52:57,963 - INFO - 🔍 开始监控采集器状态
2025-12-25 04:52:57,963 - INFO - 当前时间: 2025-12-25 12:52:57
2025-12-25 04:52:57,965 - INFO - ✅ V1V2采集器: 最新数据时间 12:50:00, 延迟 3.0分钟
2025-12-25 04:52:57,968 - INFO - ✅ 支撑压力线采集器: 最新数据时间 12:52:53, 延迟 6.1分钟
2025-12-25 04:52:57,972 - INFO - ✅ 位置系统采集器: 最新数据时间 12:48:17, 延迟 10.7分钟
2025-12-25 04:52:57,972 - WARNING - ⚠️  位置系统采集器: 数据延迟 10.7分钟，超过阈值(10分钟)
2025-12-25 04:52:57,972 - WARNING - 🚨 位置系统采集器需要重启
2025-12-25 04:52:57,972 - INFO - 🔄 正在重启 position-system-collector...
2025-12-25 04:52:58,385 - INFO - ✅ position-system-collector 重启成功
2025-12-25 04:52:58,389 - INFO - ✅ 加密货币指数采集器: 最新数据时间 10:49:00, 延迟 11650.0分钟
2025-12-25 04:52:58,389 - WARNING - ⚠️  加密货币指数采集器: 数据延迟 11650.0分钟，超过阈值(10分钟)
2025-12-25 04:52:58,389 - WARNING - 🚨 加密货币指数采集器需要重启
2025-12-25 04:52:58,389 - INFO - 🔄 正在重启 crypto-index-collector...
2025-12-25 04:52:58,844 - INFO - ✅ crypto-index-collector 重启成功
2025-12-25 04:52:58,844 - INFO - ============================================================
2025-12-25 04:52:58,844 - INFO - 
2025-12-25 04:57:58,845 - INFO - ============================================================
2025-12-25 04:57:58,845 - INFO - 🔍 开始监控采集器状态
2025-12-25 04:57:58,845 - INFO - 当前时间: 2025-12-25 12:57:58
2025-12-25 04:57:58,847 - INFO - ✅ V1V2采集器: 最新数据时间 12:55:00, 延迟 3.0分钟
2025-12-25 04:57:58,851 - INFO - ✅ 支撑压力线采集器: 最新数据时间 12:57:58, 延迟 6.0分钟
2025-12-25 04:57:58,854 - INFO - ✅ 位置系统采集器: 最新数据时间 12:53:18, 延迟 10.7分钟
2025-12-25 04:57:58,854 - WARNING - ⚠️  位置系统采集器: 数据延迟 10.7分钟，超过阈值(10分钟)
2025-12-25 04:57:58,854 - WARNING - 🚨 位置系统采集器需要重启
2025-12-25 04:57:58,854 - INFO - 🔄 正在重启 position-system-collector...
2025-12-25 04:57:59,297 - INFO - ✅ position-system-collector 重启成功
2025-12-25 04:57:59,301 - INFO - ✅ 加密货币指数采集器: 最新数据时间 10:49:00, 延迟 11655.0分钟
2025-12-25 04:57:59,301 - WARNING - ⚠️  加密货币指数采集器: 数据延迟 11655.0分钟，超过阈值(10分钟)
2025-12-25 04:57:59,301 - WARNING - 🚨 加密货币指数采集器需要重启
2025-12-25 04:57:59,301 - INFO - 🔄 正在重启 crypto-index-collector...
2025-12-25 04:57:59,783 - INFO - ✅ crypto-index-collector 重启成功
2025-12-25 04:57:59,783 - INFO - ============================================================
2025-12-25 04:57:59,783 - INFO - 
2025-12-25 05:02:59,783 - INFO - ============================================================
2025-12-25 05:02:59,784 - INFO - 🔍 开始监控采集器状态
2025-12-25 05:02:59,784 - INFO - 当前时间: 2025-12-25 13:02:59
2025-12-25 05:02:59,786 - INFO - ✅ V1V2采集器: 最新数据时间 13:00:00, 延迟 3.0分钟
2025-12-25 05:02:59,789 - INFO - ✅ 支撑压力线采集器: 最新数据时间 13:02:58, 延迟 6.0分钟
2025-12-25 05:02:59,792 - INFO - ✅ 位置系统采集器: 最新数据时间 12:58:19, 延迟 10.7分钟
2025-12-25 05:02:59,792 - WARNING - ⚠️  位置系统采集器: 数据延迟 10.7分钟，超过阈值(10分钟)
2025-12-25 05:02:59,792 - WARNING - 🚨 位置系统采集器需要重启
2025-12-25 05:02:59,792 - INFO - 🔄 正在重启 position-system-collector...
2025-12-25 05:03:00,235 - INFO - ✅ position-system-collector 重启成功
2025-12-25 05:03:00,238 - INFO - ✅ 加密货币指数采集器: 最新数据时间 10:49:00, 延迟 11660.0分钟
2025-12-25 05:03:00,238 - WARNING - ⚠️  加密货币指数采集器: 数据延迟 11660.0分钟，超过阈值(10分钟)
2025-12-25 05:03:00,238 - WARNING - 🚨 加密货币指数采集器需要重启
2025-12-25 05:03:00,238 - INFO - 🔄 正在重启 crypto-index-collector...
2025-12-25 05:03:00,604 - INFO - ✅ crypto-index-collector 重启成功
2025-12-25 05:03:00,604 - INFO - ============================================================
2025-12-25 05:03:00,604 - INFO - 
2025-12-25 05:08:00,604 - INFO - ============================================================
2025-12-25 05:08:00,605 - INFO - 🔍 开始监控采集器状态
2025-12-25 05:08:00,605 - INFO - 当前时间: 2025-12-25 13:08:00
2025-12-25 05:08:00,607 - INFO - ✅ V1V2采集器: 最新数据时间 13:05:00, 延迟 3.0分钟
2025-12-25 05:08:00,611 - INFO - ✅ 支撑压力线采集器: 最新数据时间 13:07:34, 延迟 6.4分钟
2025-12-25 05:08:00,614 - INFO - ✅ 位置系统采集器: 最新数据时间 13:03:20, 延迟 10.7分钟
2025-12-25 05:08:00,614 - WARNING - ⚠️  位置系统采集器: 数据延迟 10.7分钟，超过阈值(10分钟)
2025-12-25 05:08:00,614 - WARNING - 🚨 位置系统采集器需要重启
2025-12-25 05:08:00,614 - INFO - 🔄 正在重启 position-system-collector...
2025-12-25 05:08:01,068 - INFO - ✅ position-system-collector 重启成功
2025-12-25 05:08:01,071 - INFO - ✅ 加密货币指数采集器: 最新数据时间 10:49:00, 延迟 11665.0分钟
2025-12-25 05:08:01,072 - WARNING - ⚠️  加密货币指数采集器: 数据延迟 11665.0分钟，超过阈值(10分钟)
2025-12-25 05:08:01,072 - WARNING - 🚨 加密货币指数采集器需要重启
2025-12-25 05:08:01,072 - INFO - 🔄 正在重启 crypto-index-collector...
2025-12-25 05:08:01,541 - INFO - ✅ crypto-index-collector 重启成功
2025-12-25 05:08:01,542 - INFO - ============================================================
2025-12-25 05:08:01,542 - INFO - 
2025-12-25 05:13:01,542 - INFO - ============================================================
2025-12-25 05:13:01,542 - INFO - 🔍 开始监控采集器状态
2025-12-25 05:13:01,543 - INFO - 当前时间: 2025-12-25 13:13:01
2025-12-25 05:13:01,545 - INFO - ✅ V1V2采集器: 最新数据时间 13:10:00, 延迟 3.0分钟
2025-12-25 05:13:01,548 - INFO - ✅ 支撑压力线采集器: 最新数据时间 13:12:49, 延迟 6.2分钟
2025-12-25 05:13:01,552 - INFO - ✅ 位置系统采集器: 最新数据时间 13:08:21, 延迟 10.7分钟
2025-12-25 05:13:01,552 - WARNING - ⚠️  位置系统采集器: 数据延迟 10.7分钟，超过阈值(10分钟)
2025-12-25 05:13:01,552 - WARNING - 🚨 位置系统采集器需要重启
2025-12-25 05:13:01,552 - INFO - 🔄 正在重启 position-system-collector...
2025-12-25 05:13:01,966 - INFO - ✅ position-system-collector 重启成功
2025-12-25 05:13:01,969 - INFO - ✅ 加密货币指数采集器: 最新数据时间 10:49:00, 延迟 11670.0分钟
2025-12-25 05:13:01,970 - WARNING - ⚠️  加密货币指数采集器: 数据延迟 11670.0分钟，超过阈值(10分钟)
2025-12-25 05:13:01,970 - WARNING - 🚨 加密货币指数采集器需要重启
2025-12-25 05:13:01,970 - INFO - 🔄 正在重启 crypto-index-collector...
2025-12-25 05:13:02,376 - INFO - ✅ crypto-index-collector 重启成功
2025-12-25 05:13:02,376 - INFO - ============================================================
2025-12-25 05:13:02,376 - INFO - 
2025-12-25 05:18:02,377 - INFO - ============================================================
2025-12-25 05:18:02,377 - INFO - 🔍 开始监控采集器状态
2025-12-25 05:18:02,377 - INFO - 当前时间: 2025-12-25 13:18:02
2025-12-25 05:18:02,379 - INFO - ✅ V1V2采集器: 最新数据时间 13:15:00, 延迟 3.0分钟
2025-12-25 05:18:02,383 - INFO - ✅ 支撑压力线采集器: 最新数据时间 13:18:01, 延迟 6.0分钟
2025-12-25 05:18:02,386 - INFO - ✅ 位置系统采集器: 最新数据时间 13:13:22, 延迟 10.7分钟
2025-12-25 05:18:02,386 - WARNING - ⚠️  位置系统采集器: 数据延迟 10.7分钟，超过阈值(10分钟)
2025-12-25 05:18:02,386 - WARNING - 🚨 位置系统采集器需要重启
2025-12-25 05:18:02,386 - INFO - 🔄 正在重启 position-system-collector...
2025-12-25 05:18:02,783 - INFO - ✅ position-system-collector 重启成功
2025-12-25 05:18:02,787 - INFO - ✅ 加密货币指数采集器: 最新数据时间 10:49:00, 延迟 11675.0分钟
2025-12-25 05:18:02,787 - WARNING - ⚠️  加密货币指数采集器: 数据延迟 11675.0分钟，超过阈值(10分钟)
2025-12-25 05:18:02,788 - WARNING - 🚨 加密货币指数采集器需要重启
2025-12-25 05:18:02,788 - INFO - 🔄 正在重启 crypto-index-collector...
2025-12-25 05:18:03,252 - INFO - ✅ crypto-index-collector 重启成功
2025-12-25 05:18:03,252 - INFO - ============================================================
2025-12-25 05:18:03,253 - INFO - 
2025-12-25 05:23:03,253 - INFO - ============================================================
2025-12-25 05:23:03,253 - INFO - 🔍 开始监控采集器状态
2025-12-25 05:23:03,254 - INFO - 当前时间: 2025-12-25 13:23:03
2025-12-25 05:23:03,256 - INFO - ✅ V1V2采集器: 最新数据时间 13:20:00, 延迟 3.1分钟
2025-12-25 05:23:03,259 - INFO - ✅ 支撑压力线采集器: 最新数据时间 13:23:02, 延迟 6.0分钟
2025-12-25 05:23:03,262 - INFO - ✅ 位置系统采集器: 最新数据时间 13:18:22, 延迟 10.7分钟
2025-12-25 05:23:03,263 - WARNING - ⚠️  位置系统采集器: 数据延迟 10.7分钟，超过阈值(10分钟)
2025-12-25 05:23:03,263 - WARNING - 🚨 位置系统采集器需要重启
2025-12-25 05:23:03,263 - INFO - 🔄 正在重启 position-system-collector...
2025-12-25 05:23:03,659 - INFO - ✅ position-system-collector 重启成功
2025-12-25 05:23:03,663 - INFO - ✅ 加密货币指数采集器: 最新数据时间 10:49:00, 延迟 11680.1分钟
2025-12-25 05:23:03,663 - WARNING - ⚠️  加密货币指数采集器: 数据延迟 11680.1分钟，超过阈值(10分钟)
2025-12-25 05:23:03,663 - WARNING - 🚨 加密货币指数采集器需要重启
2025-12-25 05:23:03,663 - INFO - 🔄 正在重启 crypto-index-collector...
2025-12-25 05:23:04,110 - INFO - ✅ crypto-index-collector 重启成功
2025-12-25 05:23:04,110 - INFO - ============================================================
2025-12-25 05:23:04,110 - INFO - 
2025-12-25 05:28:04,110 - INFO - ============================================================
2025-12-25 05:28:04,111 - INFO - 🔍 开始监控采集器状态
2025-12-25 05:28:04,111 - INFO - 当前时间: 2025-12-25 13:28:04
2025-12-25 05:28:04,113 - INFO - ✅ V1V2采集器: 最新数据时间 13:25:00, 延迟 3.1分钟
2025-12-25 05:28:04,117 - INFO - ✅ 支撑压力线采集器: 最新数据时间 13:28:03, 延迟 6.0分钟
2025-12-25 05:28:04,120 - INFO - ✅ 位置系统采集器: 最新数据时间 13:23:23, 延迟 10.7分钟
2025-12-25 05:28:04,121 - WARNING - ⚠️  位置系统采集器: 数据延迟 10.7分钟，超过阈值(10分钟)
2025-12-25 05:28:04,121 - WARNING - 🚨 位置系统采集器需要重启
2025-12-25 05:28:04,121 - INFO - 🔄 正在重启 position-system-collector...
2025-12-25 05:28:04,559 - INFO - ✅ position-system-collector 重启成功
2025-12-25 05:28:04,563 - INFO - ✅ 加密货币指数采集器: 最新数据时间 10:49:00, 延迟 11685.1分钟
2025-12-25 05:28:04,563 - WARNING - ⚠️  加密货币指数采集器: 数据延迟 11685.1分钟，超过阈值(10分钟)
2025-12-25 05:28:04,563 - WARNING - 🚨 加密货币指数采集器需要重启
2025-12-25 05:28:04,563 - INFO - 🔄 正在重启 crypto-index-collector...
2025-12-25 05:28:04,992 - INFO - ✅ crypto-index-collector 重启成功
2025-12-25 05:28:04,992 - INFO - ============================================================
2025-12-25 05:28:04,993 - INFO - 
2025-12-25 05:33:04,993 - INFO - ============================================================
2025-12-25 05:33:04,993 - INFO - 🔍 开始监控采集器状态
2025-12-25 05:33:04,993 - INFO - 当前时间: 2025-12-25 13:33:04
2025-12-25 05:33:04,996 - INFO - ✅ V1V2采集器: 最新数据时间 13:30:00, 延迟 3.1分钟
2025-12-25 05:33:04,999 - INFO - ✅ 支撑压力线采集器: 最新数据时间 13:32:44, 延迟 6.3分钟
2025-12-25 05:33:05,002 - INFO - ✅ 位置系统采集器: 最新数据时间 13:28:24, 延迟 10.7分钟
2025-12-25 05:33:05,002 - WARNING - ⚠️  位置系统采集器: 数据延迟 10.7分钟，超过阈值(10分钟)
2025-12-25 05:33:05,003 - WARNING - 🚨 位置系统采集器需要重启
2025-12-25 05:33:05,003 - INFO - 🔄 正在重启 position-system-collector...
2025-12-25 05:33:05,434 - INFO - ✅ position-system-collector 重启成功
2025-12-25 05:33:05,438 - INFO - ✅ 加密货币指数采集器: 最新数据时间 10:49:00, 延迟 11690.1分钟
2025-12-25 05:33:05,438 - WARNING - ⚠️  加密货币指数采集器: 数据延迟 11690.1分钟，超过阈值(10分钟)
2025-12-25 05:33:05,438 - WARNING - 🚨 加密货币指数采集器需要重启
2025-12-25 05:33:05,438 - INFO - 🔄 正在重启 crypto-index-collector...
2025-12-25 05:33:05,837 - INFO - ✅ crypto-index-collector 重启成功
2025-12-25 05:33:05,838 - INFO - ============================================================
2025-12-25 05:33:05,838 - INFO - 
2025-12-25 05:38:05,838 - INFO - ============================================================
2025-12-25 05:38:05,838 - INFO - 🔍 开始监控采集器状态
2025-12-25 05:38:05,839 - INFO - 当前时间: 2025-12-25 13:38:05
2025-12-25 05:38:05,841 - INFO - ✅ V1V2采集器: 最新数据时间 13:35:00, 延迟 3.1分钟
2025-12-25 05:38:05,844 - INFO - ✅ 支撑压力线采集器: 最新数据时间 13:37:58, 延迟 6.1分钟
2025-12-25 05:38:05,848 - INFO - ✅ 位置系统采集器: 最新数据时间 13:33:25, 延迟 10.7分钟
2025-12-25 05:38:05,848 - WARNING - ⚠️  位置系统采集器: 数据延迟 10.7分钟，超过阈值(10分钟)
2025-12-25 05:38:05,848 - WARNING - 🚨 位置系统采集器需要重启
2025-12-25 05:38:05,848 - INFO - 🔄 正在重启 position-system-collector...
2025-12-25 05:38:06,265 - INFO - ✅ position-system-collector 重启成功
2025-12-25 05:38:06,269 - INFO - ✅ 加密货币指数采集器: 最新数据时间 10:49:00, 延迟 11695.1分钟
2025-12-25 05:38:06,269 - WARNING - ⚠️  加密货币指数采集器: 数据延迟 11695.1分钟，超过阈值(10分钟)
2025-12-25 05:38:06,269 - WARNING - 🚨 加密货币指数采集器需要重启
2025-12-25 05:38:06,269 - INFO - 🔄 正在重启 crypto-index-collector...
2025-12-25 05:38:06,732 - INFO - ✅ crypto-index-collector 重启成功
2025-12-25 05:38:06,733 - INFO - ============================================================
2025-12-25 05:38:06,733 - INFO - 
2025-12-25 05:43:06,733 - INFO - ============================================================
2025-12-25 05:43:06,733 - INFO - 🔍 开始监控采集器状态
2025-12-25 05:43:06,733 - INFO - 当前时间: 2025-12-25 13:43:06
2025-12-25 05:43:06,736 - INFO - ✅ V1V2采集器: 最新数据时间 13:40:00, 延迟 3.1分钟
2025-12-25 05:43:06,739 - INFO - ✅ 支撑压力线采集器: 最新数据时间 13:43:06, 延迟 6.0分钟
2025-12-25 05:43:06,741 - INFO - ✅ 位置系统采集器: 最新数据时间 13:38:26, 延迟 10.7分钟
2025-12-25 05:43:06,742 - WARNING - ⚠️  位置系统采集器: 数据延迟 10.7分钟，超过阈值(10分钟)
2025-12-25 05:43:06,742 - WARNING - 🚨 位置系统采集器需要重启
2025-12-25 05:43:06,742 - INFO - 🔄 正在重启 position-system-collector...
2025-12-25 05:43:07,141 - INFO - ✅ position-system-collector 重启成功
2025-12-25 05:43:07,144 - INFO - ✅ 加密货币指数采集器: 最新数据时间 10:49:00, 延迟 11700.1分钟
2025-12-25 05:43:07,145 - WARNING - ⚠️  加密货币指数采集器: 数据延迟 11700.1分钟，超过阈值(10分钟)
2025-12-25 05:43:07,145 - WARNING - 🚨 加密货币指数采集器需要重启
2025-12-25 05:43:07,145 - INFO - 🔄 正在重启 crypto-index-collector...
2025-12-25 05:43:07,558 - INFO - ✅ crypto-index-collector 重启成功
2025-12-25 05:43:07,558 - INFO - ============================================================
2025-12-25 05:43:07,558 - INFO - 
2025-12-25 05:48:07,559 - INFO - ============================================================
2025-12-25 05:48:07,559 - INFO - 🔍 开始监控采集器状态
2025-12-25 05:48:07,559 - INFO - 当前时间: 2025-12-25 13:48:07
2025-12-25 05:48:07,562 - INFO - ✅ V1V2采集器: 最新数据时间 13:45:00, 延迟 3.1分钟
2025-12-25 05:48:07,566 - INFO - ✅ 支撑压力线采集器: 最新数据时间 13:48:07, 延迟 6.0分钟
2025-12-25 05:48:07,569 - INFO - ✅ 位置系统采集器: 最新数据时间 13:43:27, 延迟 10.7分钟
2025-12-25 05:48:07,569 - WARNING - ⚠️  位置系统采集器: 数据延迟 10.7分钟，超过阈值(10分钟)
2025-12-25 05:48:07,569 - WARNING - 🚨 位置系统采集器需要重启
2025-12-25 05:48:07,569 - INFO - 🔄 正在重启 position-system-collector...
2025-12-25 05:48:08,021 - INFO - ✅ position-system-collector 重启成功
2025-12-25 05:48:08,025 - INFO - ✅ 加密货币指数采集器: 最新数据时间 10:49:00, 延迟 11705.1分钟
2025-12-25 05:48:08,025 - WARNING - ⚠️  加密货币指数采集器: 数据延迟 11705.1分钟，超过阈值(10分钟)
2025-12-25 05:48:08,025 - WARNING - 🚨 加密货币指数采集器需要重启
2025-12-25 05:48:08,025 - INFO - 🔄 正在重启 crypto-index-collector...
2025-12-25 05:48:08,482 - INFO - ✅ crypto-index-collector 重启成功
2025-12-25 05:48:08,483 - INFO - ============================================================
2025-12-25 05:48:08,483 - INFO - 
2025-12-25 05:53:23,917 - INFO - ============================================================
2025-12-25 05:53:23,918 - INFO - 🔍 开始监控采集器状态
2025-12-25 05:53:23,919 - INFO - 当前时间: 2025-12-25 13:53:23
2025-12-25 05:53:23,922 - INFO - ✅ V1V2采集器: 最新数据时间 13:50:00, 延迟 3.4分钟
2025-12-25 05:53:23,926 - INFO - ✅ 支撑压力线采集器: 最新数据时间 13:53:04, 延迟 6.3分钟
2025-12-25 05:53:23,929 - INFO - ✅ 位置系统采集器: 最新数据时间 13:48:28, 延迟 10.9分钟
2025-12-25 05:53:23,929 - WARNING - ⚠️  位置系统采集器: 数据延迟 10.9分钟，超过阈值(10分钟)
2025-12-25 05:53:23,929 - WARNING - 🚨 位置系统采集器需要重启
2025-12-25 05:53:23,930 - INFO - 🔄 正在重启 position-system-collector...
2025-12-25 05:53:24,349 - INFO - ✅ position-system-collector 重启成功
2025-12-25 05:53:24,352 - INFO - ✅ 加密货币指数采集器: 最新数据时间 10:49:00, 延迟 11710.4分钟
2025-12-25 05:53:24,353 - WARNING - ⚠️  加密货币指数采集器: 数据延迟 11710.4分钟，超过阈值(10分钟)
2025-12-25 05:53:24,353 - WARNING - 🚨 加密货币指数采集器需要重启
2025-12-25 05:53:24,353 - INFO - 🔄 正在重启 crypto-index-collector...
2025-12-25 05:53:24,795 - INFO - ✅ crypto-index-collector 重启成功
2025-12-25 05:53:24,795 - INFO - ============================================================
2025-12-25 05:53:24,795 - INFO - 
2025-12-25 05:58:30,926 - INFO - ============================================================
2025-12-25 05:58:30,927 - INFO - 🔍 开始监控采集器状态
2025-12-25 05:58:30,927 - INFO - 当前时间: 2025-12-25 13:58:30
2025-12-25 05:58:30,931 - INFO - ✅ V1V2采集器: 最新数据时间 13:55:00, 延迟 3.5分钟
2025-12-25 05:58:30,934 - INFO - ✅ 支撑压力线采集器: 最新数据时间 13:58:29, 延迟 6.0分钟
2025-12-25 05:58:30,937 - INFO - ✅ 位置系统采集器: 最新数据时间 13:53:44, 延迟 10.8分钟
2025-12-25 05:58:30,937 - WARNING - ⚠️  位置系统采集器: 数据延迟 10.8分钟，超过阈值(10分钟)
2025-12-25 05:58:30,938 - WARNING - 🚨 位置系统采集器需要重启
2025-12-25 05:58:30,938 - INFO - 🔄 正在重启 position-system-collector...
2025-12-25 05:58:31,371 - INFO - ✅ position-system-collector 重启成功
2025-12-25 05:58:31,374 - INFO - ✅ 加密货币指数采集器: 最新数据时间 10:49:00, 延迟 11715.5分钟
2025-12-25 05:58:31,374 - WARNING - ⚠️  加密货币指数采集器: 数据延迟 11715.5分钟，超过阈值(10分钟)
2025-12-25 05:58:31,375 - WARNING - 🚨 加密货币指数采集器需要重启
2025-12-25 05:58:31,375 - INFO - 🔄 正在重启 crypto-index-collector...
2025-12-25 05:58:31,825 - INFO - ✅ crypto-index-collector 重启成功
2025-12-25 05:58:31,825 - INFO - ============================================================
2025-12-25 05:58:31,825 - INFO - 
2025-12-25 06:03:31,825 - INFO - ============================================================
2025-12-25 06:03:31,826 - INFO - 🔍 开始监控采集器状态
2025-12-25 06:03:31,826 - INFO - 当前时间: 2025-12-25 14:03:31
2025-12-25 06:03:31,829 - INFO - ✅ V1V2采集器: 最新数据时间 14:00:00, 延迟 3.5分钟
2025-12-25 06:03:31,833 - INFO - ✅ 支撑压力线采集器: 最新数据时间 14:03:31, 延迟 6.0分钟
2025-12-25 06:03:31,836 - INFO - ✅ 位置系统采集器: 最新数据时间 13:58:51, 延迟 10.7分钟
2025-12-25 06:03:31,836 - WARNING - ⚠️  位置系统采集器: 数据延迟 10.7分钟，超过阈值(10分钟)
2025-12-25 06:03:31,836 - WARNING - 🚨 位置系统采集器需要重启
2025-12-25 06:03:31,837 - INFO - 🔄 正在重启 position-system-collector...
2025-12-25 06:03:32,262 - INFO - ✅ position-system-collector 重启成功
2025-12-25 06:03:32,265 - INFO - ✅ 加密货币指数采集器: 最新数据时间 10:49:00, 延迟 11720.5分钟
2025-12-25 06:03:32,266 - WARNING - ⚠️  加密货币指数采集器: 数据延迟 11720.5分钟，超过阈值(10分钟)
2025-12-25 06:03:32,266 - WARNING - 🚨 加密货币指数采集器需要重启
2025-12-25 06:03:32,266 - INFO - 🔄 正在重启 crypto-index-collector...
2025-12-25 06:03:32,724 - INFO - ✅ crypto-index-collector 重启成功
2025-12-25 06:03:32,724 - INFO - ============================================================
2025-12-25 06:03:32,724 - INFO - 
2025-12-25 06:08:32,724 - INFO - ============================================================
2025-12-25 06:08:32,725 - INFO - 🔍 开始监控采集器状态
2025-12-25 06:08:32,725 - INFO - 当前时间: 2025-12-25 14:08:32
2025-12-25 06:08:32,727 - INFO - ✅ V1V2采集器: 最新数据时间 14:05:00, 延迟 3.5分钟
2025-12-25 06:08:32,731 - INFO - ✅ 支撑压力线采集器: 最新数据时间 14:08:01, 延迟 6.5分钟
2025-12-25 06:08:32,734 - INFO - ✅ 位置系统采集器: 最新数据时间 14:03:52, 延迟 10.7分钟
2025-12-25 06:08:32,734 - WARNING - ⚠️  位置系统采集器: 数据延迟 10.7分钟，超过阈值(10分钟)
2025-12-25 06:08:32,734 - WARNING - 🚨 位置系统采集器需要重启
2025-12-25 06:08:32,734 - INFO - 🔄 正在重启 position-system-collector...
2025-12-25 06:08:33,154 - INFO - ✅ position-system-collector 重启成功
2025-12-25 06:08:33,158 - INFO - ✅ 加密货币指数采集器: 最新数据时间 10:49:00, 延迟 11725.6分钟
2025-12-25 06:08:33,158 - WARNING - ⚠️  加密货币指数采集器: 数据延迟 11725.6分钟，超过阈值(10分钟)
2025-12-25 06:08:33,158 - WARNING - 🚨 加密货币指数采集器需要重启
2025-12-25 06:08:33,158 - INFO - 🔄 正在重启 crypto-index-collector...
2025-12-25 06:08:33,622 - INFO - ✅ crypto-index-collector 重启成功
2025-12-25 06:08:33,622 - INFO - ============================================================
2025-12-25 06:08:33,623 - INFO - 
2025-12-25 06:13:33,623 - INFO - ============================================================
2025-12-25 06:13:33,623 - INFO - 🔍 开始监控采集器状态
2025-12-25 06:13:33,624 - INFO - 当前时间: 2025-12-25 14:13:33
2025-12-25 06:13:33,626 - INFO - ✅ V1V2采集器: 最新数据时间 14:10:00, 延迟 3.6分钟
2025-12-25 06:13:33,630 - INFO - ✅ 支撑压力线采集器: 最新数据时间 14:13:16, 延迟 6.3分钟
2025-12-25 06:13:33,633 - INFO - ✅ 位置系统采集器: 最新数据时间 14:08:53, 延迟 10.7分钟
2025-12-25 06:13:33,634 - WARNING - ⚠️  位置系统采集器: 数据延迟 10.7分钟，超过阈值(10分钟)
2025-12-25 06:13:33,634 - WARNING - 🚨 位置系统采集器需要重启
2025-12-25 06:13:33,634 - INFO - 🔄 正在重启 position-system-collector...
2025-12-25 06:13:34,075 - INFO - ✅ position-system-collector 重启成功
2025-12-25 06:13:34,078 - INFO - ✅ 加密货币指数采集器: 最新数据时间 10:49:00, 延迟 11730.6分钟
2025-12-25 06:13:34,078 - WARNING - ⚠️  加密货币指数采集器: 数据延迟 11730.6分钟，超过阈值(10分钟)
2025-12-25 06:13:34,078 - WARNING - 🚨 加密货币指数采集器需要重启
2025-12-25 06:13:34,078 - INFO - 🔄 正在重启 crypto-index-collector...
2025-12-25 06:13:34,569 - INFO - ✅ crypto-index-collector 重启成功
2025-12-25 06:13:34,570 - INFO - ============================================================
2025-12-25 06:13:34,570 - INFO - 
2025-12-25 06:18:34,570 - INFO - ============================================================
2025-12-25 06:18:34,570 - INFO - 🔍 开始监控采集器状态
2025-12-25 06:18:34,571 - INFO - 当前时间: 2025-12-25 14:18:34
2025-12-25 06:18:34,573 - INFO - ✅ V1V2采集器: 最新数据时间 14:15:00, 延迟 3.6分钟
2025-12-25 06:18:34,576 - INFO - ✅ 支撑压力线采集器: 最新数据时间 14:18:31, 延迟 6.1分钟
2025-12-25 06:18:34,579 - INFO - ✅ 位置系统采集器: 最新数据时间 14:13:54, 延迟 10.7分钟
2025-12-25 06:18:34,580 - WARNING - ⚠️  位置系统采集器: 数据延迟 10.7分钟，超过阈值(10分钟)
2025-12-25 06:18:34,580 - WARNING - 🚨 位置系统采集器需要重启
2025-12-25 06:18:34,580 - INFO - 🔄 正在重启 position-system-collector...
2025-12-25 06:18:35,049 - INFO - ✅ position-system-collector 重启成功
2025-12-25 06:18:35,052 - INFO - ✅ 加密货币指数采集器: 最新数据时间 10:49:00, 延迟 11735.6分钟
2025-12-25 06:18:35,052 - WARNING - ⚠️  加密货币指数采集器: 数据延迟 11735.6分钟，超过阈值(10分钟)
2025-12-25 06:18:35,052 - WARNING - 🚨 加密货币指数采集器需要重启
2025-12-25 06:18:35,052 - INFO - 🔄 正在重启 crypto-index-collector...
2025-12-25 06:18:35,445 - INFO - ✅ crypto-index-collector 重启成功
2025-12-25 06:18:35,446 - INFO - ============================================================
2025-12-25 06:18:35,446 - INFO - 
2025-12-25 06:23:35,446 - INFO - ============================================================
2025-12-25 06:23:35,447 - INFO - 🔍 开始监控采集器状态
2025-12-25 06:23:35,447 - INFO - 当前时间: 2025-12-25 14:23:35
2025-12-25 06:23:35,449 - INFO - ✅ V1V2采集器: 最新数据时间 14:20:00, 延迟 3.6分钟
2025-12-25 06:23:35,452 - INFO - ✅ 支撑压力线采集器: 最新数据时间 14:23:35, 延迟 6.0分钟
2025-12-25 06:23:35,455 - INFO - ✅ 位置系统采集器: 最新数据时间 14:18:55, 延迟 10.7分钟
2025-12-25 06:23:35,455 - WARNING - ⚠️  位置系统采集器: 数据延迟 10.7分钟，超过阈值(10分钟)
2025-12-25 06:23:35,455 - WARNING - 🚨 位置系统采集器需要重启
2025-12-25 06:23:35,455 - INFO - 🔄 正在重启 position-system-collector...
2025-12-25 06:23:35,860 - INFO - ✅ position-system-collector 重启成功
2025-12-25 06:23:35,864 - INFO - ✅ 加密货币指数采集器: 最新数据时间 10:49:00, 延迟 11740.6分钟
2025-12-25 06:23:35,864 - WARNING - ⚠️  加密货币指数采集器: 数据延迟 11740.6分钟，超过阈值(10分钟)
2025-12-25 06:23:35,864 - WARNING - 🚨 加密货币指数采集器需要重启
2025-12-25 06:23:35,865 - INFO - 🔄 正在重启 crypto-index-collector...
2025-12-25 06:23:36,271 - INFO - ✅ crypto-index-collector 重启成功
2025-12-25 06:23:36,272 - INFO - ============================================================
2025-12-25 06:23:36,272 - INFO - 
2025-12-25 06:28:36,272 - INFO - ============================================================
2025-12-25 06:28:36,272 - INFO - 🔍 开始监控采集器状态
2025-12-25 06:28:36,273 - INFO - 当前时间: 2025-12-25 14:28:36
2025-12-25 06:28:36,275 - INFO - ✅ V1V2采集器: 最新数据时间 14:25:00, 延迟 3.6分钟
2025-12-25 06:28:36,278 - INFO - ✅ 支撑压力线采集器: 最新数据时间 14:28:35, 延迟 6.0分钟
2025-12-25 06:28:36,281 - INFO - ✅ 位置系统采集器: 最新数据时间 14:23:56, 延迟 10.7分钟
2025-12-25 06:28:36,282 - WARNING - ⚠️  位置系统采集器: 数据延迟 10.7分钟，超过阈值(10分钟)
2025-12-25 06:28:36,282 - WARNING - 🚨 位置系统采集器需要重启
2025-12-25 06:28:36,282 - INFO - 🔄 正在重启 position-system-collector...
2025-12-25 06:28:36,677 - INFO - ✅ position-system-collector 重启成功
2025-12-25 06:28:36,680 - INFO - ✅ 加密货币指数采集器: 最新数据时间 10:49:00, 延迟 11745.6分钟
2025-12-25 06:28:36,680 - WARNING - ⚠️  加密货币指数采集器: 数据延迟 11745.6分钟，超过阈值(10分钟)
2025-12-25 06:28:36,680 - WARNING - 🚨 加密货币指数采集器需要重启
2025-12-25 06:28:36,680 - INFO - 🔄 正在重启 crypto-index-collector...
2025-12-25 06:28:37,101 - INFO - ✅ crypto-index-collector 重启成功
2025-12-25 06:28:37,101 - INFO - ============================================================
2025-12-25 06:28:37,102 - INFO - 
2025-12-25 06:33:37,102 - INFO - ============================================================
2025-12-25 06:33:37,102 - INFO - 🔍 开始监控采集器状态
2025-12-25 06:33:37,102 - INFO - 当前时间: 2025-12-25 14:33:37
2025-12-25 06:33:37,103 - INFO - ✅ V1V2采集器: 最新数据时间 14:30:00, 延迟 3.6分钟
2025-12-25 06:33:37,104 - INFO - ✅ 支撑压力线采集器: 最新数据时间 14:33:32, 延迟 6.1分钟
2025-12-25 06:33:37,106 - INFO - ✅ 位置系统采集器: 最新数据时间 14:28:56, 延迟 10.7分钟
2025-12-25 06:33:37,106 - WARNING - ⚠️  位置系统采集器: 数据延迟 10.7分钟，超过阈值(10分钟)
2025-12-25 06:33:37,107 - WARNING - 🚨 位置系统采集器需要重启
2025-12-25 06:33:37,107 - INFO - 🔄 正在重启 position-system-collector...
2025-12-25 06:33:37,546 - INFO - ✅ position-system-collector 重启成功
2025-12-25 06:33:37,549 - INFO - ✅ 加密货币指数采集器: 最新数据时间 10:49:00, 延迟 11750.6分钟
2025-12-25 06:33:37,549 - WARNING - ⚠️  加密货币指数采集器: 数据延迟 11750.6分钟，超过阈值(10分钟)
2025-12-25 06:33:37,549 - WARNING - 🚨 加密货币指数采集器需要重启
2025-12-25 06:33:37,549 - INFO - 🔄 正在重启 crypto-index-collector...
2025-12-25 06:33:37,965 - INFO - ✅ crypto-index-collector 重启成功
2025-12-25 06:33:37,965 - INFO - ============================================================
2025-12-25 06:33:37,965 - INFO - 
2025-12-25 06:38:37,966 - INFO - ============================================================
2025-12-25 06:38:37,966 - INFO - 🔍 开始监控采集器状态
2025-12-25 06:38:37,966 - INFO - 当前时间: 2025-12-25 14:38:37
2025-12-25 06:38:37,969 - INFO - ✅ V1V2采集器: 最新数据时间 14:35:00, 延迟 3.6分钟
2025-12-25 06:38:37,972 - INFO - ✅ 支撑压力线采集器: 最新数据时间 14:38:36, 延迟 6.0分钟
2025-12-25 06:38:37,976 - INFO - ✅ 位置系统采集器: 最新数据时间 14:33:57, 延迟 10.7分钟
2025-12-25 06:38:37,976 - WARNING - ⚠️  位置系统采集器: 数据延迟 10.7分钟，超过阈值(10分钟)
2025-12-25 06:38:37,976 - WARNING - 🚨 位置系统采集器需要重启
2025-12-25 06:38:37,976 - INFO - 🔄 正在重启 position-system-collector...
2025-12-25 06:38:38,430 - INFO - ✅ position-system-collector 重启成功
2025-12-25 06:38:38,433 - INFO - ✅ 加密货币指数采集器: 最新数据时间 10:49:00, 延迟 11755.6分钟
2025-12-25 06:38:38,433 - WARNING - ⚠️  加密货币指数采集器: 数据延迟 11755.6分钟，超过阈值(10分钟)
2025-12-25 06:38:38,433 - WARNING - 🚨 加密货币指数采集器需要重启
2025-12-25 06:38:38,434 - INFO - 🔄 正在重启 crypto-index-collector...
2025-12-25 06:38:38,906 - INFO - ✅ crypto-index-collector 重启成功
2025-12-25 06:38:38,906 - INFO - ============================================================
2025-12-25 06:38:38,906 - INFO - 
2025-12-25 06:43:38,906 - INFO - ============================================================
2025-12-25 06:43:38,907 - INFO - 🔍 开始监控采集器状态
2025-12-25 06:43:38,907 - INFO - 当前时间: 2025-12-25 14:43:38
2025-12-25 06:43:38,909 - INFO - ✅ V1V2采集器: 最新数据时间 14:40:00, 延迟 3.6分钟
2025-12-25 06:43:38,912 - INFO - ✅ 支撑压力线采集器: 最新数据时间 14:43:38, 延迟 6.0分钟
2025-12-25 06:43:38,916 - INFO - ✅ 位置系统采集器: 最新数据时间 14:38:58, 延迟 10.7分钟
2025-12-25 06:43:38,916 - WARNING - ⚠️  位置系统采集器: 数据延迟 10.7分钟，超过阈值(10分钟)
2025-12-25 06:43:38,916 - WARNING - 🚨 位置系统采集器需要重启
2025-12-25 06:43:38,916 - INFO - 🔄 正在重启 position-system-collector...
2025-12-25 06:43:39,321 - INFO - ✅ position-system-collector 重启成功
2025-12-25 06:43:39,324 - INFO - ✅ 加密货币指数采集器: 最新数据时间 10:49:00, 延迟 11760.7分钟
2025-12-25 06:43:39,325 - WARNING - ⚠️  加密货币指数采集器: 数据延迟 11760.7分钟，超过阈值(10分钟)
2025-12-25 06:43:39,325 - WARNING - 🚨 加密货币指数采集器需要重启
2025-12-25 06:43:39,325 - INFO - 🔄 正在重启 crypto-index-collector...
2025-12-25 06:43:39,746 - INFO - ✅ crypto-index-collector 重启成功
2025-12-25 06:43:39,746 - INFO - ============================================================
2025-12-25 06:43:39,746 - INFO - 
2025-12-25 06:48:39,747 - INFO - ============================================================
2025-12-25 06:48:39,747 - INFO - 🔍 开始监控采集器状态
2025-12-25 06:48:39,747 - INFO - 当前时间: 2025-12-25 14:48:39
2025-12-25 06:48:39,750 - INFO - ✅ V1V2采集器: 最新数据时间 14:45:00, 延迟 3.7分钟
2025-12-25 06:48:39,753 - INFO - ✅ 支撑压力线采集器: 最新数据时间 14:48:12, 延迟 6.5分钟
2025-12-25 06:48:39,756 - INFO - ✅ 位置系统采集器: 最新数据时间 14:43:59, 延迟 10.7分钟
2025-12-25 06:48:39,757 - WARNING - ⚠️  位置系统采集器: 数据延迟 10.7分钟，超过阈值(10分钟)
2025-12-25 06:48:39,757 - WARNING - 🚨 位置系统采集器需要重启
2025-12-25 06:48:39,757 - INFO - 🔄 正在重启 position-system-collector...
2025-12-25 06:48:40,164 - INFO - ✅ position-system-collector 重启成功
2025-12-25 06:48:40,168 - INFO - ✅ 加密货币指数采集器: 最新数据时间 10:49:00, 延迟 11765.7分钟
2025-12-25 06:48:40,168 - WARNING - ⚠️  加密货币指数采集器: 数据延迟 11765.7分钟，超过阈值(10分钟)
2025-12-25 06:48:40,168 - WARNING - 🚨 加密货币指数采集器需要重启
2025-12-25 06:48:40,169 - INFO - 🔄 正在重启 crypto-index-collector...
2025-12-25 06:48:40,647 - INFO - ✅ crypto-index-collector 重启成功
2025-12-25 06:48:40,648 - INFO - ============================================================
2025-12-25 06:48:40,648 - INFO - 
2025-12-25 06:53:40,648 - INFO - ============================================================
2025-12-25 06:53:40,648 - INFO - 🔍 开始监控采集器状态
2025-12-25 06:53:40,649 - INFO - 当前时间: 2025-12-25 14:53:40
2025-12-25 06:53:40,651 - INFO - ✅ V1V2采集器: 最新数据时间 14:50:00, 延迟 3.7分钟
2025-12-25 06:53:40,655 - INFO - ✅ 支撑压力线采集器: 最新数据时间 14:53:26, 延迟 6.2分钟
2025-12-25 06:53:40,658 - INFO - ✅ 位置系统采集器: 最新数据时间 14:49:00, 延迟 10.7分钟
2025-12-25 06:53:40,658 - WARNING - ⚠️  位置系统采集器: 数据延迟 10.7分钟，超过阈值(10分钟)
2025-12-25 06:53:40,658 - WARNING - 🚨 位置系统采集器需要重启
2025-12-25 06:53:40,658 - INFO - 🔄 正在重启 position-system-collector...
2025-12-25 06:53:41,073 - INFO - ✅ position-system-collector 重启成功
2025-12-25 06:53:41,077 - INFO - ✅ 加密货币指数采集器: 最新数据时间 10:49:00, 延迟 11770.7分钟
2025-12-25 06:53:41,077 - WARNING - ⚠️  加密货币指数采集器: 数据延迟 11770.7分钟，超过阈值(10分钟)
2025-12-25 06:53:41,078 - WARNING - 🚨 加密货币指数采集器需要重启
2025-12-25 06:53:41,078 - INFO - 🔄 正在重启 crypto-index-collector...
2025-12-25 06:53:41,575 - INFO - ✅ crypto-index-collector 重启成功
2025-12-25 06:53:41,576 - INFO - ============================================================
2025-12-25 06:53:41,576 - INFO - 
2025-12-25 06:58:41,576 - INFO - ============================================================
2025-12-25 06:58:41,576 - INFO - 🔍 开始监控采集器状态
2025-12-25 06:58:41,577 - INFO - 当前时间: 2025-12-25 14:58:41
2025-12-25 06:58:41,579 - INFO - ✅ V1V2采集器: 最新数据时间 14:55:00, 延迟 3.7分钟
2025-12-25 06:58:41,583 - INFO - ✅ 支撑压力线采集器: 最新数据时间 14:58:41, 延迟 6.0分钟
2025-12-25 06:58:41,586 - INFO - ✅ 位置系统采集器: 最新数据时间 14:54:01, 延迟 10.7分钟
2025-12-25 06:58:41,586 - WARNING - ⚠️  位置系统采集器: 数据延迟 10.7分钟，超过阈值(10分钟)
2025-12-25 06:58:41,586 - WARNING - 🚨 位置系统采集器需要重启
2025-12-25 06:58:41,586 - INFO - 🔄 正在重启 position-system-collector...
2025-12-25 06:58:42,056 - INFO - ✅ position-system-collector 重启成功
2025-12-25 06:58:42,059 - INFO - ✅ 加密货币指数采集器: 最新数据时间 10:49:00, 延迟 11775.7分钟
2025-12-25 06:58:42,060 - WARNING - ⚠️  加密货币指数采集器: 数据延迟 11775.7分钟，超过阈值(10分钟)
2025-12-25 06:58:42,060 - WARNING - 🚨 加密货币指数采集器需要重启
2025-12-25 06:58:42,060 - INFO - 🔄 正在重启 crypto-index-collector...
2025-12-25 06:58:42,541 - INFO - ✅ crypto-index-collector 重启成功
2025-12-25 06:58:42,541 - INFO - ============================================================
2025-12-25 06:58:42,541 - INFO - 
2025-12-25 07:03:42,541 - INFO - ============================================================
2025-12-25 07:03:42,542 - INFO - 🔍 开始监控采集器状态
2025-12-25 07:03:42,542 - INFO - 当前时间: 2025-12-25 15:03:42
2025-12-25 07:03:42,544 - INFO - ✅ V1V2采集器: 最新数据时间 15:00:00, 延迟 3.7分钟
2025-12-25 07:03:42,547 - INFO - ✅ 支撑压力线采集器: 最新数据时间 15:03:42, 延迟 6.0分钟
2025-12-25 07:03:42,550 - INFO - ✅ 位置系统采集器: 最新数据时间 14:59:02, 延迟 10.7分钟
2025-12-25 07:03:42,550 - WARNING - ⚠️  位置系统采集器: 数据延迟 10.7分钟，超过阈值(10分钟)
2025-12-25 07:03:42,550 - WARNING - 🚨 位置系统采集器需要重启
2025-12-25 07:03:42,550 - INFO - 🔄 正在重启 position-system-collector...
2025-12-25 07:03:43,011 - INFO - ✅ position-system-collector 重启成功
2025-12-25 07:03:43,015 - INFO - ✅ 加密货币指数采集器: 最新数据时间 10:49:00, 延迟 11780.7分钟
2025-12-25 07:03:43,016 - WARNING - ⚠️  加密货币指数采集器: 数据延迟 11780.7分钟，超过阈值(10分钟)
2025-12-25 07:03:43,016 - WARNING - 🚨 加密货币指数采集器需要重启
2025-12-25 07:03:43,016 - INFO - 🔄 正在重启 crypto-index-collector...
2025-12-25 07:03:43,427 - INFO - ✅ crypto-index-collector 重启成功
2025-12-25 07:03:43,428 - INFO - ============================================================
2025-12-25 07:03:43,428 - INFO - 
2025-12-25 07:08:43,428 - INFO - ============================================================
2025-12-25 07:08:43,428 - INFO - 🔍 开始监控采集器状态
2025-12-25 07:08:43,429 - INFO - 当前时间: 2025-12-25 15:08:43
2025-12-25 07:08:43,431 - INFO - ✅ V1V2采集器: 最新数据时间 15:05:00, 延迟 3.7分钟
2025-12-25 07:08:43,434 - INFO - ✅ 支撑压力线采集器: 最新数据时间 15:08:42, 延迟 6.0分钟
2025-12-25 07:08:43,438 - INFO - ✅ 位置系统采集器: 最新数据时间 15:04:03, 延迟 10.7分钟
2025-12-25 07:08:43,438 - WARNING - ⚠️  位置系统采集器: 数据延迟 10.7分钟，超过阈值(10分钟)
2025-12-25 07:08:43,438 - WARNING - 🚨 位置系统采集器需要重启
2025-12-25 07:08:43,438 - INFO - 🔄 正在重启 position-system-collector...
2025-12-25 07:08:43,822 - INFO - ✅ position-system-collector 重启成功
2025-12-25 07:08:43,826 - INFO - ✅ 加密货币指数采集器: 最新数据时间 10:49:00, 延迟 11785.7分钟
2025-12-25 07:08:43,826 - WARNING - ⚠️  加密货币指数采集器: 数据延迟 11785.7分钟，超过阈值(10分钟)
2025-12-25 07:08:43,826 - WARNING - 🚨 加密货币指数采集器需要重启
2025-12-25 07:08:43,826 - INFO - 🔄 正在重启 crypto-index-collector...
2025-12-25 07:08:44,211 - INFO - ✅ crypto-index-collector 重启成功
2025-12-25 07:08:44,211 - INFO - ============================================================
2025-12-25 07:08:44,212 - INFO - 
2025-12-25 07:13:44,212 - INFO - ============================================================
2025-12-25 07:13:44,212 - INFO - 🔍 开始监控采集器状态
2025-12-25 07:13:44,212 - INFO - 当前时间: 2025-12-25 15:13:44
2025-12-25 07:13:44,215 - INFO - ✅ V1V2采集器: 最新数据时间 15:10:00, 延迟 3.7分钟
2025-12-25 07:13:44,218 - INFO - ✅ 支撑压力线采集器: 最新数据时间 15:13:21, 延迟 6.4分钟
2025-12-25 07:13:44,222 - INFO - ✅ 位置系统采集器: 最新数据时间 15:09:04, 延迟 10.7分钟
2025-12-25 07:13:44,222 - WARNING - ⚠️  位置系统采集器: 数据延迟 10.7分钟，超过阈值(10分钟)
2025-12-25 07:13:44,222 - WARNING - 🚨 位置系统采集器需要重启
2025-12-25 07:13:44,222 - INFO - 🔄 正在重启 position-system-collector...
2025-12-25 07:13:44,599 - INFO - ✅ position-system-collector 重启成功
2025-12-25 07:13:44,603 - INFO - ✅ 加密货币指数采集器: 最新数据时间 10:49:00, 延迟 11790.7分钟
2025-12-25 07:13:44,603 - WARNING - ⚠️  加密货币指数采集器: 数据延迟 11790.7分钟，超过阈值(10分钟)
2025-12-25 07:13:44,604 - WARNING - 🚨 加密货币指数采集器需要重启
2025-12-25 07:13:44,604 - INFO - 🔄 正在重启 crypto-index-collector...
2025-12-25 07:13:45,098 - INFO - ✅ crypto-index-collector 重启成功
2025-12-25 07:13:45,099 - INFO - ============================================================
2025-12-25 07:13:45,099 - INFO - 
