2025-12-25 01:52:25,906 - INFO - ✅ 数据库初始化完成
2025-12-25 01:52:25,907 - INFO - 🚀 加密货币指数采集器启动，采集间隔: 300秒 (5分钟)
2025-12-25 01:52:25,908 - INFO - 📊 执行首次指数采集...
2025-12-25 01:52:25,909 - WARNING - ⚠️  未找到今日基准价格，尝试从crypto_index_base_prices加载
2025-12-25 01:52:27,570 - INFO - ✅ 数据库初始化完成
2025-12-25 01:52:27,570 - INFO - 🚀 加密货币指数采集器启动，采集间隔: 300秒 (5分钟)
2025-12-25 01:52:27,570 - INFO - 📊 执行首次指数采集...
2025-12-25 01:52:27,571 - INFO - ✅ 加载今日基准价格（2025-12-25）: 1 个币种
2025-12-25 01:52:33,806 - INFO - ✅ 成功获取 27/27 个币种价格（从 OKX API）
2025-12-25 01:53:10,195 - INFO - ✅ 成功获取 27/27 个币种价格（从 OKX API）
2025-12-25 01:53:46,494 - INFO - ✅ 成功获取 27/27 个币种价格（从 OKX API）
2025-12-25 01:54:22,768 - INFO - ✅ 成功获取 27/27 个币种价格（从 OKX API）
2025-12-25 01:54:59,024 - INFO - ✅ 成功获取 27/27 个币种价格（从 OKX API）
2025-12-25 01:55:35,437 - INFO - ✅ 成功获取 27/27 个币种价格（从 OKX API）
2025-12-25 01:56:11,748 - INFO - ✅ 成功获取 27/27 个币种价格（从 OKX API）
2025-12-25 01:56:48,023 - INFO - ✅ 成功获取 27/27 个币种价格（从 OKX API）
2025-12-25 01:57:24,511 - INFO - ✅ 成功获取 27/27 个币种价格（从 OKX API）
2025-12-25 01:57:28,510 - INFO - ✅ 数据库初始化完成
2025-12-25 01:57:28,511 - INFO - 🚀 加密货币指数采集器启动，采集间隔: 300秒 (5分钟)
2025-12-25 01:57:28,511 - INFO - 📊 执行首次指数采集...
2025-12-25 01:57:28,512 - INFO - ✅ 加载今日基准价格（2025-12-25）: 27 个币种
2025-12-25 01:57:34,793 - INFO - ✅ 成功获取 27/27 个币种价格（从 OKX API）
2025-12-25 01:58:11,233 - INFO - ✅ 成功获取 27/27 个币种价格（从 OKX API）
2025-12-25 01:58:47,661 - INFO - ✅ 成功获取 27/27 个币种价格（从 OKX API）
2025-12-25 01:59:23,888 - INFO - ✅ 成功获取 27/27 个币种价格（从 OKX API）
2025-12-25 02:00:00,287 - INFO - ✅ 成功获取 27/27 个币种价格（从 OKX API）
2025-12-25 02:00:36,597 - INFO - ✅ 成功获取 27/27 个币种价格（从 OKX API）
2025-12-25 02:01:13,031 - INFO - ✅ 成功获取 27/27 个币种价格（从 OKX API）
2025-12-25 02:01:49,473 - INFO - ✅ 成功获取 27/27 个币种价格（从 OKX API）
2025-12-25 02:02:25,750 - INFO - ✅ 成功获取 27/27 个币种价格（从 OKX API）
2025-12-25 02:02:29,365 - INFO - ✅ 数据库初始化完成
2025-12-25 02:02:29,365 - INFO - 🚀 加密货币指数采集器启动，采集间隔: 300秒 (5分钟)
2025-12-25 02:02:29,365 - INFO - 📊 执行首次指数采集...
2025-12-25 02:02:29,366 - INFO - ✅ 加载今日基准价格（2025-12-25）: 27 个币种
2025-12-25 02:02:35,634 - INFO - ✅ 成功获取 27/27 个币种价格（从 OKX API）
2025-12-25 02:03:11,927 - INFO - ✅ 成功获取 27/27 个币种价格（从 OKX API）
2025-12-25 02:03:48,355 - INFO - ✅ 成功获取 27/27 个币种价格（从 OKX API）
2025-12-25 02:04:24,744 - INFO - ✅ 成功获取 27/27 个币种价格（从 OKX API）
2025-12-25 02:05:01,060 - INFO - ✅ 成功获取 27/27 个币种价格（从 OKX API）
2025-12-25 02:05:37,409 - INFO - ✅ 成功获取 27/27 个币种价格（从 OKX API）
2025-12-25 02:06:13,709 - INFO - ✅ 成功获取 27/27 个币种价格（从 OKX API）
2025-12-25 02:06:50,206 - INFO - ✅ 成功获取 27/27 个币种价格（从 OKX API）
2025-12-25 02:07:26,611 - INFO - ✅ 成功获取 27/27 个币种价格（从 OKX API）
2025-12-25 02:07:30,274 - INFO - ✅ 数据库初始化完成
2025-12-25 02:07:30,274 - INFO - 🚀 加密货币指数采集器启动，采集间隔: 300秒 (5分钟)
2025-12-25 02:07:30,274 - INFO - 📊 执行首次指数采集...
2025-12-25 02:07:30,275 - INFO - ✅ 加载今日基准价格（2025-12-25）: 27 个币种
2025-12-25 02:07:36,559 - INFO - ✅ 成功获取 27/27 个币种价格（从 OKX API）
2025-12-25 02:08:13,085 - INFO - ✅ 成功获取 27/27 个币种价格（从 OKX API）
2025-12-25 02:08:49,467 - INFO - ✅ 成功获取 27/27 个币种价格（从 OKX API）
2025-12-25 02:09:25,783 - INFO - ✅ 成功获取 27/27 个币种价格（从 OKX API）
2025-12-25 02:10:02,166 - INFO - ✅ 成功获取 27/27 个币种价格（从 OKX API）
2025-12-25 02:10:38,548 - INFO - ✅ 成功获取 27/27 个币种价格（从 OKX API）
2025-12-25 02:11:14,946 - INFO - ✅ 成功获取 27/27 个币种价格（从 OKX API）
2025-12-25 02:11:46,795 - WARNING - ⚠️  获取 sui 价格失败: 429 Client Error: Too Many Requests for url: https://www.okx.com/api/v5/market/ticker?instId=SUI-USDT-SWAP
2025-12-25 02:11:51,321 - INFO - ✅ 成功获取 26/27 个币种价格（从 OKX API）
2025-12-25 02:12:27,781 - INFO - ✅ 成功获取 27/27 个币种价格（从 OKX API）
2025-12-25 02:12:31,190 - INFO - ✅ 数据库初始化完成
2025-12-25 02:12:31,190 - INFO - 🚀 加密货币指数采集器启动，采集间隔: 300秒 (5分钟)
2025-12-25 02:12:31,190 - INFO - 📊 执行首次指数采集...
2025-12-25 02:12:31,192 - INFO - ✅ 加载今日基准价格（2025-12-25）: 27 个币种
2025-12-25 02:12:37,476 - INFO - ✅ 成功获取 27/27 个币种价格（从 OKX API）
