2025-12-25 01:52:25,943 - INFO - 🚀 资金监控系统采集器启动
2025-12-25 01:52:25,943 - INFO - 监控币种: 27个 - BTC, ETH, XRP, BNB, SOL, LTC, DOGE, SUI, TRX, TON, ETC, BCH, HBAR, XLM, FIL, LINK, CRO, DOT, AAVE, UNI, NEAR, APT, CFX, CRV, STX, LDO, TAO
2025-12-25 01:52:25,943 - INFO - ✅ 配置加载成功: 阈值=20.0%, 回看=3天
2025-12-25 01:52:25,943 - INFO - 配置: 阈值=20.0%, 回看=3天, 间隔=300秒
2025-12-25 01:52:25,950 - INFO - ✅ 数据库初始化完成
2025-12-25 01:52:25,950 - INFO - ============================================================
2025-12-25 01:52:25,950 - INFO - 开始采集 - 2025-12-25 09:52:25
2025-12-25 01:52:26,174 - INFO - ✅ BTC: Vol=$2,300,691.47 USDT
2025-12-25 01:52:26,176 - WARNING - 🚨 BTC 15min: 异常波动 -95.01% (当前=2,300,691, 3日均=46,109,961)
2025-12-25 01:52:26,177 - WARNING - 🚨 BTC 30min: 异常波动 -97.04% (当前=2,300,691, 3日均=77,731,184)
2025-12-25 01:52:26,178 - WARNING - 🚨 BTC 60min: 异常波动 -97.67% (当前=2,300,691, 3日均=98,931,742)
2025-12-25 01:52:26,409 - INFO - ✅ ETH: Vol=$5,469,259.49 USDT
2025-12-25 01:52:26,410 - WARNING - 🚨 ETH 15min: 异常波动 -90.03% (当前=5,469,259, 3日均=54,830,892)
2025-12-25 01:52:26,410 - WARNING - 🚨 ETH 30min: 异常波动 -94.39% (当前=5,469,259, 3日均=97,578,190)
2025-12-25 01:52:26,410 - WARNING - 🚨 ETH 60min: 异常波动 -96.05% (当前=5,469,259, 3日均=138,447,330)
2025-12-25 01:52:26,635 - INFO - ✅ XRP: Vol=$80,933.56 USDT
2025-12-25 01:52:26,636 - WARNING - 🚨 XRP 15min: 异常波动 -91.91% (当前=80,934, 3日均=1,000,216)
2025-12-25 01:52:26,636 - WARNING - 🚨 XRP 30min: 异常波动 -94.87% (当前=80,934, 3日均=1,576,506)
2025-12-25 01:52:26,636 - WARNING - 🚨 XRP 60min: 异常波动 -95.84% (当前=80,934, 3日均=1,946,767)
2025-12-25 01:52:26,855 - INFO - ✅ BNB: Vol=$9,232.24 USDT
2025-12-25 01:52:26,856 - WARNING - 🚨 BNB 15min: 异常波动 -97.53% (当前=9,232, 3日均=373,854)
2025-12-25 01:52:26,857 - WARNING - 🚨 BNB 30min: 异常波动 -98.53% (当前=9,232, 3日均=626,089)
2025-12-25 01:52:26,858 - WARNING - 🚨 BNB 60min: 异常波动 -98.87% (当前=9,232, 3日均=819,499)
2025-12-25 01:52:27,088 - INFO - ✅ SOL: Vol=$877,107.01 USDT
2025-12-25 01:52:27,089 - WARNING - 🚨 SOL 15min: 异常波动 -85.13% (当前=877,107, 3日均=5,898,558)
2025-12-25 01:52:27,089 - WARNING - 🚨 SOL 30min: 异常波动 -91.17% (当前=877,107, 3日均=9,936,319)
2025-12-25 01:52:27,089 - WARNING - 🚨 SOL 60min: 异常波动 -93.28% (当前=877,107, 3日均=13,054,015)
2025-12-25 01:52:27,310 - INFO - ✅ LTC: Vol=$71,669.61 USDT
2025-12-25 01:52:27,311 - WARNING - 🚨 LTC 15min: 异常波动 -71.22% (当前=71,670, 3日均=249,013)
2025-12-25 01:52:27,311 - WARNING - 🚨 LTC 30min: 异常波动 -82.17% (当前=71,670, 3日均=401,884)
2025-12-25 01:52:27,312 - WARNING - 🚨 LTC 60min: 异常波动 -87.66% (当前=71,670, 3日均=580,804)
2025-12-25 01:52:27,539 - INFO - ✅ DOGE: Vol=$239,379.04 USDT
2025-12-25 01:52:27,540 - WARNING - 🚨 DOGE 15min: 异常波动 -89.66% (当前=239,379, 3日均=2,316,196)
2025-12-25 01:52:27,541 - WARNING - 🚨 DOGE 30min: 异常波动 -93.54% (当前=239,379, 3日均=3,706,312)
2025-12-25 01:52:27,541 - WARNING - 🚨 DOGE 60min: 异常波动 -94.89% (当前=239,379, 3日均=4,682,220)
2025-12-25 01:52:27,771 - INFO - ✅ SUI: Vol=$39,406.28 USDT
2025-12-25 01:52:27,772 - WARNING - 🚨 SUI 15min: 异常波动 -87.45% (当前=39,406, 3日均=314,104)
2025-12-25 01:52:27,772 - WARNING - 🚨 SUI 30min: 异常波动 -92.77% (当前=39,406, 3日均=544,731)
2025-12-25 01:52:27,773 - WARNING - 🚨 SUI 60min: 异常波动 -94.26% (当前=39,406, 3日均=685,955)
2025-12-25 01:52:27,998 - INFO - ✅ TRX: Vol=$3,607.52 USDT
2025-12-25 01:52:27,999 - WARNING - 🚨 TRX 15min: 异常波动 -98.07% (当前=3,608, 3日均=187,219)
2025-12-25 01:52:28,000 - WARNING - 🚨 TRX 30min: 异常波动 -98.80% (当前=3,608, 3日均=301,690)
2025-12-25 01:52:28,000 - WARNING - 🚨 TRX 60min: 异常波动 -99.13% (当前=3,608, 3日均=413,950)
2025-12-25 01:52:28,228 - INFO - ✅ TON: Vol=$814.75 USDT
2025-12-25 01:52:28,229 - WARNING - 🚨 TON 15min: 异常波动 -96.95% (当前=815, 3日均=26,752)
2025-12-25 01:52:28,229 - WARNING - 🚨 TON 30min: 异常波动 -98.07% (当前=815, 3日均=42,224)
2025-12-25 01:52:28,230 - WARNING - 🚨 TON 60min: 异常波动 -98.43% (当前=815, 3日均=51,890)
2025-12-25 01:52:28,456 - INFO - ✅ ETC: Vol=$193.84 USDT
2025-12-25 01:52:28,457 - WARNING - 🚨 ETC 15min: 异常波动 -99.85% (当前=194, 3日均=129,941)
2025-12-25 01:52:28,458 - WARNING - 🚨 ETC 30min: 异常波动 -99.91% (当前=194, 3日均=210,657)
2025-12-25 01:52:28,458 - WARNING - 🚨 ETC 60min: 异常波动 -99.92% (当前=194, 3日均=245,919)
2025-12-25 01:52:28,698 - INFO - ✅ BCH: Vol=$24,997.90 USDT
2025-12-25 01:52:28,699 - WARNING - 🚨 BCH 15min: 异常波动 -94.25% (当前=24,998, 3日均=434,727)
2025-12-25 01:52:28,700 - WARNING - 🚨 BCH 30min: 异常波动 -96.61% (当前=24,998, 3日均=736,584)
2025-12-25 01:52:28,700 - WARNING - 🚨 BCH 60min: 异常波动 -97.35% (当前=24,998, 3日均=943,432)
2025-12-25 01:52:28,937 - INFO - ✅ HBAR: Vol=$11,121.12 USDT
2025-12-25 01:52:28,938 - WARNING - 🚨 HBAR 15min: 异常波动 -71.07% (当前=11,121, 3日均=38,442)
2025-12-25 01:52:28,938 - WARNING - 🚨 HBAR 30min: 异常波动 -83.86% (当前=11,121, 3日均=68,907)
2025-12-25 01:52:28,939 - WARNING - 🚨 HBAR 60min: 异常波动 -86.06% (当前=11,121, 3日均=79,771)
2025-12-25 01:52:29,181 - INFO - ✅ XLM: Vol=$3,069.97 USDT
2025-12-25 01:52:29,182 - WARNING - 🚨 XLM 15min: 异常波动 -95.19% (当前=3,070, 3日均=63,809)
2025-12-25 01:52:29,182 - WARNING - 🚨 XLM 30min: 异常波动 -96.68% (当前=3,070, 3日均=92,597)
2025-12-25 01:52:29,183 - WARNING - 🚨 XLM 60min: 异常波动 -97.11% (当前=3,070, 3日均=106,065)
2025-12-25 01:52:29,413 - INFO - ✅ FIL: Vol=$19,775.22 USDT
2025-12-25 01:52:29,414 - WARNING - 🚨 FIL 15min: 异常波动 -92.46% (当前=19,775, 3日均=262,174)
2025-12-25 01:52:29,415 - WARNING - 🚨 FIL 30min: 异常波动 -94.44% (当前=19,775, 3日均=355,868)
2025-12-25 01:52:29,415 - WARNING - 🚨 FIL 60min: 异常波动 -95.30% (当前=19,775, 3日均=421,028)
2025-12-25 01:52:29,651 - INFO - ✅ LINK: Vol=$365,398.84 USDT
2025-12-25 01:52:29,652 - WARNING - 🚨 LINK 15min: 异常波动 +85.59% (当前=365,399, 3日均=196,887)
2025-12-25 01:52:29,885 - INFO - ✅ CRO: Vol=$92.31 USDT
2025-12-25 01:52:29,886 - WARNING - 🚨 CRO 15min: 异常波动 -99.62% (当前=92, 3日均=24,074)
2025-12-25 01:52:29,886 - WARNING - 🚨 CRO 30min: 异常波动 -99.77% (当前=92, 3日均=39,837)
2025-12-25 01:52:29,887 - WARNING - 🚨 CRO 60min: 异常波动 -99.82% (当前=92, 3日均=51,604)
2025-12-25 01:52:30,122 - INFO - ✅ DOT: Vol=$27,617.53 USDT
2025-12-25 01:52:30,123 - WARNING - 🚨 DOT 15min: 异常波动 -72.23% (当前=27,618, 3日均=99,461)
2025-12-25 01:52:30,123 - WARNING - 🚨 DOT 30min: 异常波动 -82.58% (当前=27,618, 3日均=158,532)
2025-12-25 01:52:30,124 - WARNING - 🚨 DOT 60min: 异常波动 -86.32% (当前=27,618, 3日均=201,855)
2025-12-25 01:52:30,367 - INFO - ✅ AAVE: Vol=$64,223.89 USDT
2025-12-25 01:52:30,368 - WARNING - 🚨 AAVE 15min: 异常波动 -94.59% (当前=64,224, 3日均=1,186,941)
2025-12-25 01:52:30,369 - WARNING - 🚨 AAVE 30min: 异常波动 -96.62% (当前=64,224, 3日均=1,902,650)
2025-12-25 01:52:30,370 - WARNING - 🚨 AAVE 60min: 异常波动 -97.31% (当前=64,224, 3日均=2,390,030)
2025-12-25 01:52:30,607 - INFO - ✅ UNI: Vol=$53,009.80 USDT
2025-12-25 01:52:30,608 - WARNING - 🚨 UNI 15min: 异常波动 -86.26% (当前=53,010, 3日均=385,673)
2025-12-25 01:52:30,609 - WARNING - 🚨 UNI 30min: 异常波动 -91.99% (当前=53,010, 3日均=661,755)
2025-12-25 01:52:30,609 - WARNING - 🚨 UNI 60min: 异常波动 -93.22% (当前=53,010, 3日均=782,087)
2025-12-25 01:52:30,843 - INFO - ✅ NEAR: Vol=$44,852.21 USDT
2025-12-25 01:52:30,844 - WARNING - 🚨 NEAR 15min: 异常波动 -70.66% (当前=44,852, 3日均=152,854)
2025-12-25 01:52:30,844 - WARNING - 🚨 NEAR 30min: 异常波动 -81.84% (当前=44,852, 3日均=246,967)
2025-12-25 01:52:30,845 - WARNING - 🚨 NEAR 60min: 异常波动 -86.02% (当前=44,852, 3日均=320,867)
2025-12-25 01:52:31,074 - INFO - ✅ APT: Vol=$8,384.14 USDT
2025-12-25 01:52:31,075 - WARNING - 🚨 APT 15min: 异常波动 -91.80% (当前=8,384, 3日均=102,217)
2025-12-25 01:52:31,076 - WARNING - 🚨 APT 30min: 异常波动 -94.98% (当前=8,384, 3日均=166,999)
2025-12-25 01:52:31,076 - WARNING - 🚨 APT 60min: 异常波动 -96.20% (当前=8,384, 3日均=220,856)
2025-12-25 01:52:31,310 - INFO - ✅ CFX: Vol=$9,874.99 USDT
2025-12-25 01:52:31,311 - WARNING - 🚨 CFX 15min: 异常波动 -33.96% (当前=9,875, 3日均=14,953)
2025-12-25 01:52:31,312 - WARNING - 🚨 CFX 30min: 异常波动 -63.14% (当前=9,875, 3日均=26,793)
2025-12-25 01:52:31,312 - WARNING - 🚨 CFX 60min: 异常波动 -75.21% (当前=9,875, 3日均=39,835)
2025-12-25 01:52:31,543 - INFO - ✅ CRV: Vol=$20,777.84 USDT
2025-12-25 01:52:31,544 - WARNING - 🚨 CRV 15min: 异常波动 -95.49% (当前=20,778, 3日均=460,697)
2025-12-25 01:52:31,545 - WARNING - 🚨 CRV 30min: 异常波动 -97.36% (当前=20,778, 3日均=785,804)
2025-12-25 01:52:31,545 - WARNING - 🚨 CRV 60min: 异常波动 -97.98% (当前=20,778, 3日均=1,028,162)
2025-12-25 01:52:31,779 - INFO - ✅ STX: Vol=$75.32 USDT
2025-12-25 01:52:31,780 - WARNING - 🚨 STX 15min: 异常波动 -98.22% (当前=75, 3日均=4,243)
2025-12-25 01:52:31,781 - WARNING - 🚨 STX 30min: 异常波动 -99.01% (当前=75, 3日均=7,642)
2025-12-25 01:52:31,781 - WARNING - 🚨 STX 60min: 异常波动 -99.26% (当前=75, 3日均=10,246)
2025-12-25 01:52:32,001 - INFO - ✅ LDO: Vol=$2,008.81 USDT
2025-12-25 01:52:32,002 - WARNING - 🚨 LDO 15min: 异常波动 -90.03% (当前=2,009, 3日均=20,156)
2025-12-25 01:52:32,003 - WARNING - 🚨 LDO 30min: 异常波动 -93.65% (当前=2,009, 3日均=31,639)
2025-12-25 01:52:32,003 - WARNING - 🚨 LDO 60min: 异常波动 -95.07% (当前=2,009, 3日均=40,786)
2025-12-25 01:52:32,232 - INFO - ✅ TAO: Vol=$3,073.95 USDT
2025-12-25 01:52:32,233 - WARNING - 🚨 TAO 15min: 异常波动 -97.07% (当前=3,074, 3日均=104,809)
2025-12-25 01:52:32,234 - WARNING - 🚨 TAO 30min: 异常波动 -98.33% (当前=3,074, 3日均=183,880)
2025-12-25 01:52:32,234 - WARNING - 🚨 TAO 60min: 异常波动 -98.68% (当前=3,074, 3日均=232,989)
2025-12-25 01:52:32,237 - INFO - 采集完成: 成功=27, 失败=0
2025-12-25 01:52:32,238 - INFO - ============================================================
2025-12-25 01:52:32,239 - INFO - ⏰ 开始定时采集（间隔=300秒）
2025-12-25 01:57:32,240 - INFO - ✅ 配置加载成功: 阈值=20.0%, 回看=3天
2025-12-25 01:57:32,241 - INFO - ============================================================
2025-12-25 01:57:32,241 - INFO - 开始采集 - 2025-12-25 09:57:32
2025-12-25 01:57:32,472 - INFO - ✅ BTC: Vol=$1,051,613.44 USDT
2025-12-25 01:57:32,474 - WARNING - 🚨 BTC 15min: 异常波动 -92.10% (当前=3,352,305, 3日均=42,459,189)
2025-12-25 01:57:32,475 - WARNING - 🚨 BTC 30min: 异常波动 -95.31% (当前=3,352,305, 3日均=71,445,310)
2025-12-25 01:57:32,475 - WARNING - 🚨 BTC 60min: 异常波动 -96.31% (当前=3,352,305, 3日均=90,879,155)
2025-12-25 01:57:32,704 - INFO - ✅ ETH: Vol=$2,239,818.63 USDT
2025-12-25 01:57:32,705 - WARNING - 🚨 ETH 15min: 异常波动 -84.80% (当前=7,709,078, 3日均=50,717,423)
2025-12-25 01:57:32,706 - WARNING - 🚨 ETH 30min: 异常波动 -91.43% (当前=7,709,078, 3日均=89,902,446)
2025-12-25 01:57:32,706 - WARNING - 🚨 ETH 60min: 异常波动 -93.95% (当前=7,709,078, 3日均=127,365,824)
2025-12-25 01:57:32,943 - INFO - ✅ XRP: Vol=$148,971.44 USDT
2025-12-25 01:57:32,944 - WARNING - 🚨 XRP 15min: 异常波动 -75.11% (当前=229,905, 3日均=923,609)
2025-12-25 01:57:32,945 - WARNING - 🚨 XRP 30min: 异常波动 -84.16% (当前=229,905, 3日均=1,451,875)
2025-12-25 01:57:32,945 - WARNING - 🚨 XRP 60min: 异常波动 -87.17% (当前=229,905, 3日均=1,791,281)
2025-12-25 01:57:33,181 - INFO - ✅ BNB: Vol=$94,065.48 USDT
2025-12-25 01:57:33,182 - WARNING - 🚨 BNB 15min: 异常波动 -69.93% (当前=103,298, 3日均=343,469)
2025-12-25 01:57:33,183 - WARNING - 🚨 BNB 30min: 异常波动 -82.03% (当前=103,298, 3日均=574,684)
2025-12-25 01:57:33,183 - WARNING - 🚨 BNB 60min: 异常波动 -86.26% (当前=103,298, 3日均=751,976)
2025-12-25 01:57:33,416 - INFO - ✅ SOL: Vol=$319,836.56 USDT
2025-12-25 01:57:33,418 - WARNING - 🚨 SOL 15min: 异常波动 -78.16% (当前=1,196,944, 3日均=5,480,104)
2025-12-25 01:57:33,418 - WARNING - 🚨 SOL 30min: 异常波动 -86.96% (当前=1,196,944, 3日均=9,181,384)
2025-12-25 01:57:33,419 - WARNING - 🚨 SOL 60min: 异常波动 -90.06% (当前=1,196,944, 3日均=12,039,273)
2025-12-25 01:57:33,650 - INFO - ✅ LTC: Vol=$8,958.06 USDT
2025-12-25 01:57:33,651 - WARNING - 🚨 LTC 15min: 异常波动 -65.58% (当前=80,628, 3日均=234,234)
2025-12-25 01:57:33,651 - WARNING - 🚨 LTC 30min: 异常波动 -78.46% (当前=80,628, 3日均=374,366)
2025-12-25 01:57:33,652 - WARNING - 🚨 LTC 60min: 异常波动 -85.02% (当前=80,628, 3日均=538,376)
2025-12-25 01:57:33,888 - INFO - ✅ DOGE: Vol=$81,111.41 USDT
2025-12-25 01:57:33,890 - WARNING - 🚨 DOGE 15min: 异常波动 -85.05% (当前=320,490, 3日均=2,143,127)
2025-12-25 01:57:33,890 - WARNING - 🚨 DOGE 30min: 异常波动 -90.62% (当前=320,490, 3日均=3,417,401)
2025-12-25 01:57:33,891 - WARNING - 🚨 DOGE 60min: 异常波动 -92.57% (当前=320,490, 3日均=4,311,983)
2025-12-25 01:57:34,117 - INFO - ✅ SUI: Vol=$9,676.21 USDT
2025-12-25 01:57:34,118 - WARNING - 🚨 SUI 15min: 异常波动 -83.15% (当前=49,082, 3日均=291,213)
2025-12-25 01:57:34,119 - WARNING - 🚨 SUI 30min: 异常波动 -90.23% (当前=49,082, 3日均=502,620)
2025-12-25 01:57:34,119 - WARNING - 🚨 SUI 60min: 异常波动 -92.23% (当前=49,082, 3日均=632,076)
2025-12-25 01:57:34,348 - INFO - ✅ TRX: Vol=$9,510.76 USDT
2025-12-25 01:57:34,349 - WARNING - 🚨 TRX 15min: 异常波动 -92.37% (当前=13,118, 3日均=171,918)
2025-12-25 01:57:34,349 - WARNING - 🚨 TRX 30min: 异常波动 -95.26% (当前=13,118, 3日均=276,850)
2025-12-25 01:57:34,350 - WARNING - 🚨 TRX 60min: 异常波动 -96.55% (当前=13,118, 3日均=379,755)
2025-12-25 01:57:34,576 - INFO - ✅ TON: Vol=$843.17 USDT
2025-12-25 01:57:34,577 - WARNING - 🚨 TON 15min: 异常波动 -93.26% (当前=1,658, 3日均=24,591)
2025-12-25 01:57:34,577 - WARNING - 🚨 TON 30min: 异常波动 -95.72% (当前=1,658, 3日均=38,773)
2025-12-25 01:57:34,578 - WARNING - 🚨 TON 60min: 异常波动 -96.52% (当前=1,658, 3日均=47,634)
2025-12-25 01:57:34,797 - INFO - ✅ ETC: Vol=$324.29 USDT
2025-12-25 01:57:34,801 - WARNING - 🚨 ETC 15min: 异常波动 -99.57% (当前=518, 3日均=119,129)
2025-12-25 01:57:34,801 - WARNING - 🚨 ETC 30min: 异常波动 -99.73% (当前=518, 3日均=193,118)
2025-12-25 01:57:34,802 - WARNING - 🚨 ETC 60min: 异常波动 -99.77% (当前=518, 3日均=225,442)
2025-12-25 01:57:35,042 - INFO - ✅ BCH: Vol=$23,028.20 USDT
2025-12-25 01:57:35,043 - WARNING - 🚨 BCH 15min: 异常波动 -88.01% (当前=48,026, 3日均=400,583)
2025-12-25 01:57:35,043 - WARNING - 🚨 BCH 30min: 异常波动 -92.91% (当前=48,026, 3日均=677,285)
2025-12-25 01:57:35,044 - WARNING - 🚨 BCH 60min: 异常波动 -94.46% (当前=48,026, 3日均=866,896)
2025-12-25 01:57:35,276 - INFO - ✅ HBAR: Vol=$1,153.70 USDT
2025-12-25 01:57:35,277 - WARNING - 🚨 HBAR 15min: 异常波动 -66.06% (当前=12,275, 3日均=36,165)
2025-12-25 01:57:35,278 - WARNING - 🚨 HBAR 30min: 异常波动 -80.85% (当前=12,275, 3日均=64,092)
2025-12-25 01:57:35,278 - WARNING - 🚨 HBAR 60min: 异常波动 -83.42% (当前=12,275, 3日均=74,050)
2025-12-25 01:57:35,515 - INFO - ✅ XLM: Vol=$4,137.06 USDT
2025-12-25 01:57:35,516 - WARNING - 🚨 XLM 15min: 异常波动 -87.73% (当前=7,207, 3日均=58,747)
2025-12-25 01:57:35,517 - WARNING - 🚨 XLM 30min: 异常波动 -91.53% (当前=7,207, 3日均=85,136)
2025-12-25 01:57:35,517 - WARNING - 🚨 XLM 60min: 异常波动 -92.61% (当前=7,207, 3日均=97,482)
2025-12-25 01:57:35,743 - INFO - ✅ FIL: Vol=$9,175.38 USDT
2025-12-25 01:57:35,744 - WARNING - 🚨 FIL 15min: 异常波动 -88.04% (当前=28,951, 3日均=241,974)
2025-12-25 01:57:35,745 - WARNING - 🚨 FIL 30min: 异常波动 -91.17% (当前=28,951, 3日均=327,860)
2025-12-25 01:57:35,745 - WARNING - 🚨 FIL 60min: 异常波动 -92.53% (当前=28,951, 3日均=387,590)
2025-12-25 01:57:35,983 - INFO - ✅ LINK: Vol=$12,225.86 USDT
2025-12-25 01:57:35,984 - WARNING - 🚨 LINK 15min: 异常波动 +79.03% (当前=377,625, 3日均=210,930)
2025-12-25 01:57:36,211 - INFO - ✅ CRO: Vol=$443.43 USDT
2025-12-25 01:57:36,212 - WARNING - 🚨 CRO 15min: 异常波动 -97.57% (当前=536, 3日均=22,075)
2025-12-25 01:57:36,213 - WARNING - 🚨 CRO 30min: 异常波动 -98.53% (当前=536, 3日均=36,525)
2025-12-25 01:57:36,213 - WARNING - 🚨 CRO 60min: 异常波动 -98.87% (当前=536, 3日均=47,311)
2025-12-25 01:57:36,443 - INFO - ✅ DOT: Vol=$1,699.39 USDT
2025-12-25 01:57:36,444 - WARNING - 🚨 DOT 15min: 异常波动 -68.64% (当前=29,317, 3日均=93,474)
2025-12-25 01:57:36,445 - WARNING - 🚨 DOT 30min: 异常波动 -80.14% (当前=29,317, 3日均=147,623)
2025-12-25 01:57:36,445 - WARNING - 🚨 DOT 60min: 异常波动 -84.35% (当前=29,317, 3日均=187,335)
2025-12-25 01:57:36,685 - INFO - ✅ AAVE: Vol=$39,896.56 USDT
2025-12-25 01:57:36,686 - WARNING - 🚨 AAVE 15min: 异常波动 -90.48% (当前=104,120, 3日均=1,093,381)
2025-12-25 01:57:36,686 - WARNING - 🚨 AAVE 30min: 异常波动 -94.05% (当前=104,120, 3日均=1,749,448)
2025-12-25 01:57:36,687 - WARNING - 🚨 AAVE 60min: 异常波动 -95.26% (当前=104,120, 3日均=2,196,213)
2025-12-25 01:57:37,062 - INFO - ✅ UNI: Vol=$12,926.04 USDT
2025-12-25 01:57:37,063 - WARNING - 🚨 UNI 15min: 异常波动 -81.58% (当前=65,936, 3日均=357,951)
2025-12-25 01:57:37,064 - WARNING - 🚨 UNI 30min: 异常波动 -89.21% (当前=65,936, 3日均=611,026)
2025-12-25 01:57:37,064 - WARNING - 🚨 UNI 60min: 异常波动 -90.86% (当前=65,936, 3日均=721,330)
2025-12-25 01:57:37,363 - INFO - ✅ NEAR: Vol=$5,126.21 USDT
2025-12-25 01:57:37,364 - WARNING - 🚨 NEAR 15min: 异常波动 -65.26% (当前=49,978, 3日均=143,854)
2025-12-25 01:57:37,365 - WARNING - 🚨 NEAR 30min: 异常波动 -78.28% (当前=49,978, 3日均=230,124)
2025-12-25 01:57:37,365 - WARNING - 🚨 NEAR 60min: 异常波动 -83.22% (当前=49,978, 3日均=297,866)
2025-12-25 01:57:37,604 - INFO - ✅ APT: Vol=$1,182.13 USDT
2025-12-25 01:57:37,605 - WARNING - 🚨 APT 15min: 异常波动 -89.87% (当前=9,566, 3日均=94,397)
2025-12-25 01:57:37,605 - WARNING - 🚨 APT 30min: 异常波动 -93.78% (当前=9,566, 3日均=153,781)
2025-12-25 01:57:37,605 - WARNING - 🚨 APT 60min: 异常波动 -95.29% (当前=9,566, 3日均=203,150)
2025-12-25 01:57:37,833 - INFO - ✅ CFX: Vol=$15,063.68 USDT
2025-12-25 01:57:37,834 - WARNING - 🚨 CFX 15min: 异常波动 +71.64% (当前=24,939, 3日均=14,530)
2025-12-25 01:57:37,835 - WARNING - 🚨 CFX 60min: 异常波动 -33.21% (当前=24,939, 3日均=37,338)
2025-12-25 01:57:38,062 - INFO - ✅ CRV: Vol=$5,022.87 USDT
2025-12-25 01:57:38,063 - WARNING - 🚨 CRV 15min: 异常波动 -93.92% (当前=25,801, 3日均=424,037)
2025-12-25 01:57:38,063 - WARNING - 🚨 CRV 30min: 异常波动 -96.43% (当前=25,801, 3日均=722,052)
2025-12-25 01:57:38,064 - WARNING - 🚨 CRV 60min: 异常波动 -97.27% (当前=25,801, 3日均=944,213)
2025-12-25 01:57:38,283 - INFO - ✅ STX: Vol=$337.61 USDT
2025-12-25 01:57:38,284 - WARNING - 🚨 STX 15min: 异常波动 -89.40% (当前=413, 3日均=3,895)
2025-12-25 01:57:38,285 - WARNING - 🚨 STX 30min: 异常波动 -94.11% (当前=413, 3日均=7,011)
2025-12-25 01:57:38,285 - WARNING - 🚨 STX 60min: 异常波动 -95.61% (当前=413, 3日均=9,399)
2025-12-25 01:57:38,522 - INFO - ✅ LDO: Vol=$1,475.23 USDT
2025-12-25 01:57:38,523 - WARNING - 🚨 LDO 15min: 异常波动 -81.31% (当前=3,484, 3日均=18,643)
2025-12-25 01:57:38,523 - WARNING - 🚨 LDO 30min: 异常波动 -88.06% (当前=3,484, 3日均=29,170)
2025-12-25 01:57:38,524 - WARNING - 🚨 LDO 60min: 异常波动 -90.72% (当前=3,484, 3日均=37,555)
2025-12-25 01:57:38,767 - INFO - ✅ TAO: Vol=$1,787.66 USDT
2025-12-25 01:57:38,768 - WARNING - 🚨 TAO 15min: 异常波动 -94.95% (当前=4,862, 3日均=96,331)
2025-12-25 01:57:38,769 - WARNING - 🚨 TAO 30min: 异常波动 -97.12% (当前=4,862, 3日均=168,813)
2025-12-25 01:57:38,769 - WARNING - 🚨 TAO 60min: 异常波动 -97.73% (当前=4,862, 3日均=213,829)
2025-12-25 01:57:38,773 - INFO - 采集完成: 成功=27, 失败=0
2025-12-25 01:57:38,773 - INFO - ============================================================
2025-12-25 02:02:38,773 - INFO - ✅ 配置加载成功: 阈值=20.0%, 回看=3天
2025-12-25 02:02:38,774 - INFO - ============================================================
2025-12-25 02:02:38,774 - INFO - 开始采集 - 2025-12-25 10:02:38
2025-12-25 02:02:39,011 - INFO - ✅ BTC: Vol=$5,005,920.09 USDT
2025-12-25 02:02:39,013 - WARNING - 🚨 BTC 15min: 异常波动 -78.81% (当前=8,358,225, 3日均=39,450,967)
2025-12-25 02:02:39,014 - WARNING - 🚨 BTC 30min: 异常波动 -87.38% (当前=8,358,225, 3日均=66,207,386)
2025-12-25 02:02:39,015 - WARNING - 🚨 BTC 60min: 异常波动 -90.07% (当前=8,358,225, 3日均=84,146,320)
2025-12-25 02:02:39,252 - INFO - ✅ ETH: Vol=$12,886,543.28 USDT
2025-12-25 02:02:39,253 - WARNING - 🚨 ETH 15min: 异常波动 -56.56% (当前=20,595,621, 3日均=47,409,089)
2025-12-25 02:02:39,253 - WARNING - 🚨 ETH 30min: 异常波动 -75.36% (当前=20,595,621, 3日均=83,579,879)
2025-12-25 02:02:39,254 - WARNING - 🚨 ETH 60min: 异常波动 -82.57% (当前=20,595,621, 3日均=118,161,459)
2025-12-25 02:02:39,481 - INFO - ✅ XRP: Vol=$171,093.06 USDT
2025-12-25 02:02:39,483 - WARNING - 🚨 XRP 15min: 异常波动 -53.92% (当前=400,998, 3日均=870,247)
2025-12-25 02:02:39,483 - WARNING - 🚨 XRP 30min: 异常波动 -70.47% (当前=400,998, 3日均=1,357,878)
2025-12-25 02:02:39,484 - WARNING - 🚨 XRP 60min: 异常波动 -76.01% (当前=400,998, 3日均=1,671,175)
2025-12-25 02:02:39,720 - INFO - ✅ BNB: Vol=$47,783.87 USDT
2025-12-25 02:02:39,721 - WARNING - 🚨 BNB 15min: 异常波动 -53.51% (当前=151,082, 3日均=324,994)
2025-12-25 02:02:39,721 - WARNING - 🚨 BNB 30min: 异常波动 -71.94% (当前=151,082, 3日均=538,424)
2025-12-25 02:02:39,722 - WARNING - 🚨 BNB 60min: 异常波动 -78.48% (当前=151,082, 3日均=702,078)
2025-12-25 02:02:39,950 - INFO - ✅ SOL: Vol=$1,783,605.95 USDT
2025-12-25 02:02:39,951 - WARNING - 🚨 SOL 15min: 异常波动 -42.13% (当前=2,980,550, 3日均=5,150,630)
2025-12-25 02:02:39,952 - WARNING - 🚨 SOL 30min: 异常波动 -65.21% (当前=2,980,550, 3日均=8,567,196)
2025-12-25 02:02:39,952 - WARNING - 🚨 SOL 60min: 异常波动 -73.40% (当前=2,980,550, 3日均=11,205,248)
2025-12-25 02:02:40,184 - INFO - ✅ LTC: Vol=$67,168.75 USDT
2025-12-25 02:02:40,185 - WARNING - 🚨 LTC 15min: 异常波动 -33.55% (当前=147,796, 3日均=222,419)
2025-12-25 02:02:40,186 - WARNING - 🚨 LTC 30min: 异常波动 -57.99% (当前=147,796, 3日均=351,771)
2025-12-25 02:02:40,186 - WARNING - 🚨 LTC 60min: 异常波动 -70.63% (当前=147,796, 3日均=503,165)
2025-12-25 02:02:40,410 - INFO - ✅ DOGE: Vol=$713,893.64 USDT
2025-12-25 02:02:40,411 - WARNING - 🚨 DOGE 15min: 异常波动 -48.36% (当前=1,034,384, 3日均=2,002,925)
2025-12-25 02:02:40,412 - WARNING - 🚨 DOGE 30min: 异常波动 -67.46% (当前=1,034,384, 3日均=3,179,177)
2025-12-25 02:02:40,412 - WARNING - 🚨 DOGE 60min: 异常波动 -74.17% (当前=1,034,384, 3日均=4,004,945)
2025-12-25 02:02:40,645 - INFO - ✅ SUI: Vol=$71,443.87 USDT
2025-12-25 02:02:40,646 - WARNING - 🚨 SUI 15min: 异常波动 -55.78% (当前=120,526, 3日均=272,587)
2025-12-25 02:02:40,647 - WARNING - 🚨 SUI 30min: 异常波动 -74.23% (当前=120,526, 3日均=467,733)
2025-12-25 02:02:40,647 - WARNING - 🚨 SUI 60min: 异常波动 -79.48% (当前=120,526, 3日均=587,230)
2025-12-25 02:02:40,877 - INFO - ✅ TRX: Vol=$23,453.31 USDT
2025-12-25 02:02:40,878 - WARNING - 🚨 TRX 15min: 异常波动 -77.10% (当前=36,572, 3日均=159,702)
2025-12-25 02:02:40,878 - WARNING - 🚨 TRX 30min: 异常波动 -85.75% (当前=36,572, 3日均=256,563)
2025-12-25 02:02:40,879 - WARNING - 🚨 TRX 60min: 异常波动 -89.60% (当前=36,572, 3日均=351,552)
2025-12-25 02:02:41,109 - INFO - ✅ TON: Vol=$18,066.94 USDT
2025-12-25 02:02:41,111 - WARNING - 🚨 TON 30min: 异常波动 -45.08% (当前=19,725, 3日均=35,918)
2025-12-25 02:02:41,111 - WARNING - 🚨 TON 60min: 异常波动 -55.27% (当前=19,725, 3日均=44,097)
2025-12-25 02:02:41,352 - INFO - ✅ ETC: Vol=$16,685.77 USDT
2025-12-25 02:02:41,353 - WARNING - 🚨 ETC 15min: 异常波动 -84.36% (当前=17,204, 3日均=110,005)
2025-12-25 02:02:41,353 - WARNING - 🚨 ETC 30min: 异常波动 -90.35% (当前=17,204, 3日均=178,303)
2025-12-25 02:02:41,354 - WARNING - 🚨 ETC 60min: 异常波动 -91.73% (当前=17,204, 3日均=208,140)
2025-12-25 02:02:41,583 - INFO - ✅ BCH: Vol=$118,189.50 USDT
2025-12-25 02:02:41,584 - WARNING - 🚨 BCH 15min: 异常波动 -55.49% (当前=166,216, 3日均=373,463)
2025-12-25 02:02:41,585 - WARNING - 🚨 BCH 30min: 异常波动 -73.57% (当前=166,216, 3日均=628,881)
2025-12-25 02:02:41,585 - WARNING - 🚨 BCH 60min: 异常波动 -79.32% (当前=166,216, 3日均=803,906)
2025-12-25 02:02:41,825 - INFO - ✅ HBAR: Vol=$4,202.79 USDT
2025-12-25 02:02:41,826 - WARNING - 🚨 HBAR 15min: 异常波动 -52.00% (当前=16,478, 3日均=34,328)
2025-12-25 02:02:41,826 - WARNING - 🚨 HBAR 30min: 异常波动 -72.59% (当前=16,478, 3日均=60,106)
2025-12-25 02:02:41,827 - WARNING - 🚨 HBAR 60min: 异常波动 -76.22% (当前=16,478, 3日均=69,298)
2025-12-25 02:02:42,058 - INFO - ✅ XLM: Vol=$6,148.07 USDT
2025-12-25 02:02:42,059 - WARNING - 🚨 XLM 15min: 异常波动 -75.62% (当前=13,355, 3日均=54,782)
2025-12-25 02:02:42,060 - WARNING - 🚨 XLM 30min: 异常波动 -83.13% (当前=13,355, 3日均=79,142)
2025-12-25 02:02:42,060 - WARNING - 🚨 XLM 60min: 异常波动 -85.25% (当前=13,355, 3日均=90,538)
2025-12-25 02:02:42,301 - INFO - ✅ FIL: Vol=$30,102.64 USDT
2025-12-25 02:02:42,302 - WARNING - 🚨 FIL 15min: 异常波动 -73.82% (当前=59,053, 3日均=225,588)
2025-12-25 02:02:42,303 - WARNING - 🚨 FIL 30min: 异常波动 -80.63% (当前=59,053, 3日均=304,867)
2025-12-25 02:02:42,303 - WARNING - 🚨 FIL 60min: 异常波动 -83.60% (当前=59,053, 3日均=360,002)
2025-12-25 02:02:42,538 - INFO - ✅ LINK: Vol=$17,982.45 USDT
2025-12-25 02:02:42,539 - WARNING - 🚨 LINK 15min: 异常波动 +76.81% (当前=395,607, 3日均=223,752)
2025-12-25 02:02:42,539 - WARNING - 🚨 LINK 30min: 异常波动 +20.29% (当前=395,607, 3日均=328,865)
2025-12-25 02:02:42,772 - INFO - ✅ CRO: Vol=$1,422.32 USDT
2025-12-25 02:02:42,773 - WARNING - 🚨 CRO 15min: 异常波动 -90.41% (当前=1,958, 3日均=20,418)
2025-12-25 02:02:42,773 - WARNING - 🚨 CRO 30min: 异常波动 -94.20% (当前=1,958, 3日均=33,756)
2025-12-25 02:02:42,774 - WARNING - 🚨 CRO 60min: 异常波动 -95.52% (当前=1,958, 3日均=43,713)
2025-12-25 02:02:43,007 - INFO - ✅ DOT: Vol=$41,167.51 USDT
2025-12-25 02:02:43,008 - WARNING - 🚨 DOT 15min: 异常波动 -20.39% (当前=70,484, 3日均=88,539)
2025-12-25 02:02:43,008 - WARNING - 🚨 DOT 30min: 异常波动 -49.12% (当前=70,484, 3日均=138,522)
2025-12-25 02:02:43,009 - WARNING - 🚨 DOT 60min: 异常波动 -59.76% (当前=70,484, 3日均=175,180)
2025-12-25 02:02:43,249 - INFO - ✅ AAVE: Vol=$59,969.92 USDT
2025-12-25 02:02:43,250 - WARNING - 🚨 AAVE 15min: 异常波动 -83.87% (当前=164,090, 3日均=1,017,284)
2025-12-25 02:02:43,251 - WARNING - 🚨 AAVE 30min: 异常波动 -89.89% (当前=164,090, 3日均=1,622,884)
2025-12-25 02:02:43,251 - WARNING - 🚨 AAVE 60min: 异常波动 -91.94% (当前=164,090, 3日均=2,035,283)
2025-12-25 02:02:43,488 - INFO - ✅ UNI: Vol=$41,922.66 USDT
2025-12-25 02:02:43,489 - WARNING - 🚨 UNI 15min: 异常波动 -67.85% (当前=107,858, 3日均=335,488)
2025-12-25 02:02:43,489 - WARNING - 🚨 UNI 30min: 异常波动 -81.05% (当前=107,858, 3日均=569,096)
2025-12-25 02:02:43,490 - WARNING - 🚨 UNI 60min: 异常波动 -83.92% (当前=107,858, 3日均=670,915)
2025-12-25 02:02:43,721 - INFO - ✅ NEAR: Vol=$47,897.54 USDT
2025-12-25 02:02:43,722 - WARNING - 🚨 NEAR 15min: 异常波动 -28.37% (当前=97,876, 3日均=136,632)
2025-12-25 02:02:43,722 - WARNING - 🚨 NEAR 30min: 异常波动 -54.74% (当前=97,876, 3日均=216,267)
2025-12-25 02:02:43,723 - WARNING - 🚨 NEAR 60min: 异常波动 -64.89% (当前=97,876, 3日均=278,797)
2025-12-25 02:02:43,962 - INFO - ✅ APT: Vol=$5,641.04 USDT
2025-12-25 02:02:43,963 - WARNING - 🚨 APT 15min: 异常波动 -82.69% (当前=15,207, 3日均=87,872)
2025-12-25 02:02:43,963 - WARNING - 🚨 APT 30min: 异常波动 -89.34% (当前=15,207, 3日均=142,687)
2025-12-25 02:02:43,964 - WARNING - 🚨 APT 60min: 异常波动 -91.92% (当前=15,207, 3日均=188,259)
2025-12-25 02:02:44,197 - INFO - ✅ CFX: Vol=$16,036.66 USDT
2025-12-25 02:02:44,198 - WARNING - 🚨 CFX 15min: 异常波动 +167.28% (当前=40,975, 3日均=15,330)
2025-12-25 02:02:44,199 - WARNING - 🚨 CFX 30min: 异常波动 +61.65% (当前=40,975, 3日均=25,349)
2025-12-25 02:02:44,423 - INFO - ✅ CRV: Vol=$58,769.19 USDT
2025-12-25 02:02:44,424 - WARNING - 🚨 CRV 15min: 异常波动 -78.50% (当前=84,570, 3日均=393,403)
2025-12-25 02:02:44,425 - WARNING - 🚨 CRV 30min: 异常波动 -87.35% (当前=84,570, 3日均=668,494)
2025-12-25 02:02:44,425 - WARNING - 🚨 CRV 60min: 异常波动 -90.32% (当前=84,570, 3日均=873,566)
2025-12-25 02:02:44,655 - INFO - ✅ STX: Vol=$375.31 USDT
2025-12-25 02:02:44,656 - WARNING - 🚨 STX 15min: 异常波动 -78.27% (当前=788, 3日均=3,627)
2025-12-25 02:02:44,656 - WARNING - 🚨 STX 30min: 异常波动 -87.88% (当前=788, 3日均=6,504)
2025-12-25 02:02:44,657 - WARNING - 🚨 STX 60min: 异常波动 -90.95% (当前=788, 3日均=8,708)
2025-12-25 02:02:44,884 - INFO - ✅ LDO: Vol=$1,507.28 USDT
2025-12-25 02:02:44,885 - WARNING - 🚨 LDO 15min: 异常波动 -71.44% (当前=4,991, 3日均=17,477)
2025-12-25 02:02:44,886 - WARNING - 🚨 LDO 30min: 异常波动 -81.65% (当前=4,991, 3日均=27,194)
2025-12-25 02:02:44,886 - WARNING - 🚨 LDO 60min: 异常波动 -85.71% (当前=4,991, 3日均=34,934)
2025-12-25 02:02:45,114 - INFO - ✅ TAO: Vol=$3,618.45 USDT
2025-12-25 02:02:45,115 - WARNING - 🚨 TAO 15min: 异常波动 -90.50% (当前=8,480, 3日均=89,295)
2025-12-25 02:02:45,115 - WARNING - 🚨 TAO 30min: 异常波动 -94.57% (当前=8,480, 3日均=156,202)
2025-12-25 02:02:45,116 - WARNING - 🚨 TAO 60min: 异常波动 -95.71% (当前=8,480, 3日均=197,755)
2025-12-25 02:02:45,118 - INFO - 采集完成: 成功=27, 失败=0
2025-12-25 02:02:45,118 - INFO - ============================================================
2025-12-25 02:07:45,119 - INFO - ✅ 配置加载成功: 阈值=20.0%, 回看=3天
2025-12-25 02:07:45,120 - INFO - ============================================================
2025-12-25 02:07:45,120 - INFO - 开始采集 - 2025-12-25 10:07:45
2025-12-25 02:07:45,352 - INFO - ✅ BTC: Vol=$1,614,931.78 USDT
2025-12-25 02:07:45,354 - WARNING - 🚨 BTC 15min: 异常波动 -79.39% (当前=7,672,465, 3日均=37,230,057)
2025-12-25 02:07:45,355 - WARNING - 🚨 BTC 30min: 异常波动 -83.93% (当前=9,973,157, 3日均=62,075,303)
2025-12-25 02:07:45,355 - WARNING - 🚨 BTC 60min: 异常波动 -87.33% (当前=9,973,157, 3日均=78,732,885)
2025-12-25 02:07:45,588 - INFO - ✅ ETH: Vol=$2,369,519.92 USDT
2025-12-25 02:07:45,589 - WARNING - 🚨 ETH 15min: 异常波动 -61.54% (当前=17,495,882, 3日均=45,493,841)
2025-12-25 02:07:45,590 - WARNING - 🚨 ETH 30min: 异常波动 -70.96% (当前=22,965,141, 3日均=79,081,004)
2025-12-25 02:07:45,591 - WARNING - 🚨 ETH 60min: 异常波动 -79.35% (当前=22,965,141, 3日均=111,192,471)
2025-12-25 02:07:45,823 - INFO - ✅ XRP: Vol=$28,350.62 USDT
2025-12-25 02:07:45,824 - WARNING - 🚨 XRP 15min: 异常波动 -58.36% (当前=348,415, 3日均=836,730)
2025-12-25 02:07:45,824 - WARNING - 🚨 XRP 30min: 异常波动 -66.70% (当前=429,349, 3日均=1,289,529)
2025-12-25 02:07:45,825 - WARNING - 🚨 XRP 60min: 异常波动 -72.83% (当前=429,349, 3日均=1,580,448)
2025-12-25 02:07:46,051 - INFO - ✅ BNB: Vol=$43,771.19 USDT
2025-12-25 02:07:46,052 - WARNING - 🚨 BNB 15min: 异常波动 -40.62% (当前=185,621, 3日均=312,572)
2025-12-25 02:07:46,053 - WARNING - 🚨 BNB 30min: 异常波动 -61.85% (当前=194,853, 3日均=510,757)
2025-12-25 02:07:46,053 - WARNING - 🚨 BNB 60min: 异常波动 -70.60% (当前=194,853, 3日均=662,721)
2025-12-25 02:07:46,415 - INFO - ✅ SOL: Vol=$354,521.95 USDT
2025-12-25 02:07:46,416 - WARNING - 🚨 SOL 15min: 异常波动 -50.80% (当前=2,457,964, 3日均=4,995,624)
2025-12-25 02:07:46,417 - WARNING - 🚨 SOL 30min: 异常波动 -59.17% (当前=3,335,071, 3日均=8,168,150)
2025-12-25 02:07:46,417 - WARNING - 🚨 SOL 60min: 异常波动 -68.59% (当前=3,335,071, 3日均=10,617,769)
2025-12-25 02:07:46,648 - INFO - ✅ LTC: Vol=$9,433.29 USDT
2025-12-25 02:07:46,648 - WARNING - 🚨 LTC 15min: 异常波动 -60.59% (当前=85,560, 3日均=217,088)
2025-12-25 02:07:46,649 - WARNING - 🚨 LTC 30min: 异常波动 -53.37% (当前=157,230, 3日均=337,201)
2025-12-25 02:07:46,649 - WARNING - 🚨 LTC 60min: 异常波动 -67.09% (当前=157,230, 3日均=477,781)
2025-12-25 02:07:46,878 - INFO - ✅ DOGE: Vol=$143,169.06 USDT
2025-12-25 02:07:46,879 - WARNING - 🚨 DOGE 15min: 异常波动 -51.48% (当前=938,174, 3日均=1,933,743)
2025-12-25 02:07:46,879 - WARNING - 🚨 DOGE 30min: 异常波动 -61.09% (当前=1,177,553, 3日均=3,025,977)
2025-12-25 02:07:46,880 - WARNING - 🚨 DOGE 60min: 异常波动 -68.95% (当前=1,177,553, 3日均=3,792,762)
2025-12-25 02:07:47,123 - INFO - ✅ SUI: Vol=$41,953.26 USDT
2025-12-25 02:07:47,124 - WARNING - 🚨 SUI 15min: 异常波动 -52.98% (当前=123,073, 3日均=261,726)
2025-12-25 02:07:47,125 - WARNING - 🚨 SUI 30min: 异常波动 -63.32% (当前=162,480, 3日均=442,932)
2025-12-25 02:07:47,125 - WARNING - 🚨 SUI 60min: 异常波动 -70.67% (当前=162,480, 3日均=553,894)
2025-12-25 02:07:47,358 - INFO - ✅ TRX: Vol=$2,183.85 USDT
2025-12-25 02:07:47,359 - WARNING - 🚨 TRX 15min: 异常波动 -76.71% (当前=35,148, 3日均=150,907)
2025-12-25 02:07:47,359 - WARNING - 🚨 TRX 30min: 异常波动 -83.91% (当前=38,755, 3日均=240,849)
2025-12-25 02:07:47,360 - WARNING - 🚨 TRX 60min: 异常波动 -88.22% (当前=38,755, 3日均=329,053)
2025-12-25 02:07:47,596 - INFO - ✅ TON: Vol=$37,539.94 USDT
2025-12-25 02:07:47,597 - WARNING - 🚨 TON 15min: 异常波动 +149.72% (当前=56,450, 3日均=22,605)
2025-12-25 02:07:47,597 - WARNING - 🚨 TON 30min: 异常波动 +64.74% (当前=57,265, 3日均=34,762)
2025-12-25 02:07:47,598 - WARNING - 🚨 TON 60min: 异常波动 +35.20% (当前=57,265, 3日均=42,356)
2025-12-25 02:07:47,825 - INFO - ✅ ETC: Vol=$190.96 USDT
2025-12-25 02:07:47,826 - WARNING - 🚨 ETC 15min: 异常波动 -83.36% (当前=17,201, 3日均=103,376)
2025-12-25 02:07:47,827 - WARNING - 🚨 ETC 30min: 异常波动 -89.57% (当前=17,395, 3日均=166,796)
2025-12-25 02:07:47,827 - WARNING - 🚨 ETC 60min: 异常波动 -91.06% (当前=17,395, 3日均=194,502)
2025-12-25 02:07:48,052 - INFO - ✅ BCH: Vol=$39,993.10 USDT
2025-12-25 02:07:48,053 - WARNING - 🚨 BCH 15min: 异常波动 -49.48% (当前=181,211, 3日均=358,660)
2025-12-25 02:07:48,054 - WARNING - 🚨 BCH 30min: 异常波动 -65.39% (当前=206,209, 3日均=595,833)
2025-12-25 02:07:48,054 - WARNING - 🚨 BCH 60min: 异常波动 -72.81% (当前=206,209, 3日均=758,356)
2025-12-25 02:07:48,278 - INFO - ✅ HBAR: Vol=$9,897.10 USDT
2025-12-25 02:07:48,279 - WARNING - 🚨 HBAR 15min: 异常波动 -53.85% (当前=15,254, 3日均=33,053)
2025-12-25 02:07:48,280 - WARNING - 🚨 HBAR 30min: 异常波动 -53.72% (当前=26,375, 3日均=56,990)
2025-12-25 02:07:48,280 - WARNING - 🚨 HBAR 60min: 异常波动 -59.75% (当前=26,375, 3日均=65,525)
2025-12-25 02:07:48,526 - INFO - ✅ XLM: Vol=$3,064.05 USDT
2025-12-25 02:07:48,527 - WARNING - 🚨 XLM 15min: 异常波动 -74.24% (当前=13,349, 3日均=51,823)
2025-12-25 02:07:48,528 - WARNING - 🚨 XLM 30min: 异常波动 -77.94% (当前=16,419, 3日均=74,443)
2025-12-25 02:07:48,528 - WARNING - 🚨 XLM 60min: 异常波动 -80.69% (当前=16,419, 3日均=85,025)
2025-12-25 02:07:48,754 - INFO - ✅ FIL: Vol=$16,005.89 USDT
2025-12-25 02:07:48,755 - WARNING - 🚨 FIL 15min: 异常波动 -74.13% (当前=55,284, 3日均=213,692)
2025-12-25 02:07:48,756 - WARNING - 🚨 FIL 30min: 异常波动 -73.88% (当前=75,059, 3日均=287,309)
2025-12-25 02:07:48,756 - WARNING - 🚨 FIL 60min: 异常波动 -77.83% (当前=75,059, 3日均=338,506)
2025-12-25 02:07:48,980 - INFO - ✅ LINK: Vol=$25,795.21 USDT
2025-12-25 02:07:48,981 - WARNING - 🚨 LINK 15min: 异常波动 -76.27% (当前=56,004, 3日均=236,028)
2025-12-25 02:07:48,982 - WARNING - 🚨 LINK 30min: 异常波动 +26.31% (当前=421,402, 3日均=333,632)
2025-12-25 02:07:49,234 - INFO - ✅ CRO: Vol=$4,802.20 USDT
2025-12-25 02:07:49,235 - WARNING - 🚨 CRO 15min: 异常波动 -65.09% (当前=6,668, 3日均=19,100)
2025-12-25 02:07:49,236 - WARNING - 🚨 CRO 30min: 异常波动 -78.53% (当前=6,760, 3日均=31,485)
2025-12-25 02:07:49,236 - WARNING - 🚨 CRO 60min: 异常波动 -83.40% (当前=6,760, 3日均=40,731)
2025-12-25 02:07:49,460 - INFO - ✅ DOT: Vol=$31,715.30 USDT
2025-12-25 02:07:49,462 - WARNING - 🚨 DOT 30min: 异常波动 -23.54% (当前=102,200, 3日均=133,663)
2025-12-25 02:07:49,462 - WARNING - 🚨 DOT 60min: 异常波动 -39.06% (当前=102,200, 3日均=167,702)
2025-12-25 02:07:49,692 - INFO - ✅ AAVE: Vol=$44,787.70 USDT
2025-12-25 02:07:49,693 - WARNING - 🚨 AAVE 15min: 异常波动 -84.87% (当前=144,654, 3日均=956,342)
2025-12-25 02:07:49,693 - WARNING - 🚨 AAVE 30min: 异常波动 -86.25% (当前=208,878, 3日均=1,518,685)
2025-12-25 02:07:49,693 - WARNING - 🚨 AAVE 60min: 异常波动 -89.02% (当前=208,878, 3日均=1,901,626)
2025-12-25 02:07:49,918 - INFO - ✅ UNI: Vol=$15,598.27 USDT
2025-12-25 02:07:49,919 - WARNING - 🚨 UNI 15min: 异常波动 -77.93% (当前=70,447, 3日均=319,229)
2025-12-25 02:07:49,919 - WARNING - 🚨 UNI 30min: 异常波动 -76.97% (当前=123,457, 3日均=536,151)
2025-12-25 02:07:49,920 - WARNING - 🚨 UNI 60min: 异常波动 -80.43% (当前=123,457, 3日均=630,697)
2025-12-25 02:07:50,150 - INFO - ✅ NEAR: Vol=$3,786.95 USDT
2025-12-25 02:07:50,151 - WARNING - 🚨 NEAR 15min: 异常波动 -57.56% (当前=56,811, 3日均=133,864)
2025-12-25 02:07:50,152 - WARNING - 🚨 NEAR 30min: 异常波动 -51.08% (当前=101,663, 3日均=207,811)
2025-12-25 02:07:50,152 - WARNING - 🚨 NEAR 60min: 异常波动 -61.76% (当前=101,663, 3日均=265,874)
2025-12-25 02:07:50,389 - INFO - ✅ APT: Vol=$40,346.50 USDT
2025-12-25 02:07:50,390 - WARNING - 🚨 APT 15min: 异常波动 -42.95% (当前=47,170, 3日均=82,682)
2025-12-25 02:07:50,391 - WARNING - 🚨 APT 30min: 异常波动 -58.41% (当前=55,554, 3日均=133,582)
2025-12-25 02:07:50,391 - WARNING - 🚨 APT 60min: 异常波动 -68.42% (当前=55,554, 3日均=175,898)
2025-12-25 02:07:50,627 - INFO - ✅ CFX: Vol=$30,264.24 USDT
2025-12-25 02:07:50,628 - WARNING - 🚨 CFX 15min: 异常波动 +257.56% (当前=61,365, 3日均=17,162)
2025-12-25 02:07:50,628 - WARNING - 🚨 CFX 30min: 异常波动 +169.18% (当前=71,240, 3日均=26,465)
2025-12-25 02:07:50,629 - WARNING - 🚨 CFX 60min: 异常波动 +94.05% (当前=71,240, 3日均=36,712)
2025-12-25 02:07:50,861 - INFO - ✅ CRV: Vol=$12,188.03 USDT
2025-12-25 02:07:50,862 - WARNING - 🚨 CRV 15min: 异常波动 -79.54% (当前=75,980, 3日均=371,344)
2025-12-25 02:07:50,862 - WARNING - 🚨 CRV 30min: 异常波动 -84.56% (当前=96,758, 3日均=626,785)
2025-12-25 02:07:50,863 - WARNING - 🚨 CRV 60min: 异常波动 -88.16% (当前=96,758, 3日均=817,209)
2025-12-25 02:07:51,094 - INFO - ✅ STX: Vol=$419.27 USDT
2025-12-25 02:07:51,095 - WARNING - 🚨 STX 15min: 异常波动 -66.94% (当前=1,132, 3日均=3,425)
2025-12-25 02:07:51,095 - WARNING - 🚨 STX 30min: 异常波动 -80.19% (当前=1,208, 3日均=6,095)
2025-12-25 02:07:51,096 - WARNING - 🚨 STX 60min: 异常波动 -85.17% (当前=1,208, 3日均=8,142)
2025-12-25 02:07:51,330 - INFO - ✅ LDO: Vol=$631.89 USDT
2025-12-25 02:07:51,331 - WARNING - 🚨 LDO 15min: 异常波动 -78.21% (当前=3,614, 3日均=16,585)
2025-12-25 02:07:51,332 - WARNING - 🚨 LDO 30min: 异常波动 -78.04% (当前=5,623, 3日均=25,608)
2025-12-25 02:07:51,332 - WARNING - 🚨 LDO 60min: 异常波动 -82.85% (当前=5,623, 3日均=32,795)
2025-12-25 02:07:51,561 - INFO - ✅ TAO: Vol=$2,179.88 USDT
2025-12-25 02:07:51,562 - WARNING - 🚨 TAO 15min: 异常波动 -90.92% (当前=7,586, 3日均=83,522)
2025-12-25 02:07:51,563 - WARNING - 🚨 TAO 30min: 异常波动 -92.68% (当前=10,660, 3日均=145,650)
2025-12-25 02:07:51,563 - WARNING - 🚨 TAO 60min: 异常波动 -94.21% (当前=10,660, 3日均=184,235)
2025-12-25 02:07:51,567 - INFO - 采集完成: 成功=27, 失败=0
2025-12-25 02:07:51,567 - INFO - ============================================================
2025-12-25 02:12:51,568 - INFO - ✅ 配置加载成功: 阈值=20.0%, 回看=3天
2025-12-25 02:12:51,568 - INFO - ============================================================
2025-12-25 02:12:51,569 - INFO - 开始采集 - 2025-12-25 10:12:51
2025-12-25 02:12:51,803 - INFO - ✅ BTC: Vol=$16,884,278.71 USDT
2025-12-25 02:12:51,806 - WARNING - 🚨 BTC 15min: 异常波动 -33.34% (当前=23,505,131, 3日均=35,259,551)
2025-12-25 02:12:51,807 - WARNING - 🚨 BTC 30min: 异常波动 -54.17% (当前=26,857,435, 3日均=58,601,827)
2025-12-25 02:12:51,807 - WARNING - 🚨 BTC 60min: 异常波动 -63.78% (当前=26,857,435, 3日均=74,148,903)
2025-12-25 02:12:52,031 - INFO - ✅ ETH: Vol=$6,103,532.90 USDT
2025-12-25 02:12:52,032 - WARNING - 🚨 ETH 15min: 异常波动 -51.04% (当前=21,359,596, 3日均=43,627,310)
2025-12-25 02:12:52,032 - WARNING - 🚨 ETH 30min: 异常波动 -61.42% (当前=29,068,674, 3日均=75,339,946)
2025-12-25 02:12:52,032 - WARNING - 🚨 ETH 60min: 异常波动 -72.40% (当前=29,068,674, 3日均=105,310,649)
2025-12-25 02:12:52,261 - INFO - ✅ XRP: Vol=$65,753.49 USDT
2025-12-25 02:12:52,262 - WARNING - 🚨 XRP 15min: 异常波动 -67.02% (当前=265,197, 3日均=804,175)
2025-12-25 02:12:52,263 - WARNING - 🚨 XRP 30min: 异常波动 -59.82% (当前=495,102, 3日均=1,232,184)
2025-12-25 02:12:52,263 - WARNING - 🚨 XRP 60min: 异常波动 -67.07% (当前=495,102, 3日均=1,503,708)
2025-12-25 02:12:52,498 - INFO - ✅ BNB: Vol=$55,158.42 USDT
2025-12-25 02:12:52,499 - WARNING - 🚨 BNB 15min: 异常波动 -51.76% (当前=146,713, 3日均=304,108)
2025-12-25 02:12:52,499 - WARNING - 🚨 BNB 30min: 异常波动 -48.95% (当前=250,011, 3日均=489,696)
2025-12-25 02:12:52,500 - WARNING - 🚨 BNB 60min: 异常波动 -60.41% (当前=250,011, 3日均=631,530)
2025-12-25 02:12:52,724 - INFO - ✅ SOL: Vol=$609,970.63 USDT
2025-12-25 02:12:52,725 - WARNING - 🚨 SOL 15min: 异常波动 -43.06% (当前=2,748,099, 3日均=4,826,447)
2025-12-25 02:12:52,726 - WARNING - 🚨 SOL 30min: 异常波动 -49.72% (当前=3,945,042, 3日均=7,845,945)
2025-12-25 02:12:52,726 - WARNING - 🚨 SOL 60min: 异常波动 -61.06% (当前=3,945,042, 3日均=10,132,256)
2025-12-25 02:12:53,032 - INFO - ✅ LTC: Vol=$10,856.45 USDT
2025-12-25 02:12:53,033 - WARNING - 🚨 LTC 15min: 异常波动 -58.02% (当前=87,458, 3日均=208,320)
2025-12-25 02:12:53,034 - WARNING - 🚨 LTC 30min: 异常波动 -48.31% (当前=168,086, 3日均=325,203)
2025-12-25 02:12:53,034 - WARNING - 🚨 LTC 60min: 异常波动 -63.17% (当前=168,086, 3日均=456,411)
2025-12-25 02:12:53,267 - INFO - ✅ DOGE: Vol=$127,480.40 USDT
2025-12-25 02:12:53,268 - WARNING - 🚨 DOGE 15min: 异常波动 -47.28% (当前=984,543, 3日均=1,867,372)
2025-12-25 02:12:53,269 - WARNING - 🚨 DOGE 30min: 异常波动 -55.04% (当前=1,305,034, 3日均=2,902,749)
2025-12-25 02:12:53,269 - WARNING - 🚨 DOGE 60min: 异常波动 -63.93% (当前=1,305,034, 3日均=3,618,415)
2025-12-25 02:12:53,502 - INFO - ✅ SUI: Vol=$40,584.44 USDT
2025-12-25 02:12:53,503 - WARNING - 🚨 SUI 15min: 异常波动 -39.01% (当前=153,982, 3日均=252,482)
2025-12-25 02:12:53,504 - WARNING - 🚨 SUI 30min: 异常波动 -52.13% (当前=203,064, 3日均=424,235)
2025-12-25 02:12:53,505 - WARNING - 🚨 SUI 60min: 异常波动 -61.53% (当前=203,064, 3日均=527,800)
2025-12-25 02:12:53,746 - INFO - ✅ TRX: Vol=$21,770.68 USDT
2025-12-25 02:12:53,747 - WARNING - 🚨 TRX 15min: 异常波动 -66.89% (当前=47,408, 3日均=143,190)
2025-12-25 02:12:53,748 - WARNING - 🚨 TRX 30min: 异常波动 -73.38% (当前=60,526, 3日均=227,377)
2025-12-25 02:12:53,748 - WARNING - 🚨 TRX 60min: 异常波动 -80.46% (当前=60,526, 3日均=309,700)
2025-12-25 02:12:53,980 - INFO - ✅ TON: Vol=$11,945.10 USDT
2025-12-25 02:12:53,981 - WARNING - 🚨 TON 15min: 异常波动 +171.72% (当前=67,552, 3日均=24,861)
2025-12-25 02:12:53,982 - WARNING - 🚨 TON 30min: 异常波动 +90.86% (当前=69,210, 3日均=36,262)
2025-12-25 02:12:53,982 - WARNING - 🚨 TON 60min: 异常波动 +59.65% (当前=69,210, 3日均=43,350)
2025-12-25 02:12:54,220 - INFO - ✅ ETC: Vol=$3,162.27 USDT
2025-12-25 02:12:54,221 - WARNING - 🚨 ETC 15min: 异常波动 -79.47% (当前=20,039, 3日均=97,631)
2025-12-25 02:12:54,222 - WARNING - 🚨 ETC 30min: 异常波动 -86.89% (当前=20,557, 3日均=156,836)
2025-12-25 02:12:54,223 - WARNING - 🚨 ETC 60min: 异常波动 -88.75% (当前=20,557, 3日均=182,695)
2025-12-25 02:12:54,488 - INFO - ✅ BCH: Vol=$77,189.93 USDT
2025-12-25 02:12:54,489 - WARNING - 🚨 BCH 15min: 异常波动 -32.14% (当前=235,373, 3日均=346,830)
2025-12-25 02:12:54,490 - WARNING - 🚨 BCH 30min: 异常波动 -50.27% (当前=283,399, 3日均=569,858)
2025-12-25 02:12:54,490 - WARNING - 🚨 BCH 60min: 异常波动 -60.72% (当前=283,399, 3日均=721,547)
2025-12-25 02:12:54,723 - INFO - ✅ HBAR: Vol=$4,385.25 USDT
2025-12-25 02:12:54,724 - WARNING - 🚨 HBAR 15min: 异常波动 -41.99% (当前=18,485, 3日均=31,866)
2025-12-25 02:12:54,724 - WARNING - 🚨 HBAR 30min: 异常波动 -44.02% (当前=30,760, 3日均=54,949)
2025-12-25 02:12:54,725 - WARNING - 🚨 HBAR 60min: 异常波动 -51.11% (当前=30,760, 3日均=62,915)
2025-12-25 02:12:54,962 - INFO - ✅ XLM: Vol=$4,695.00 USDT
2025-12-25 02:12:54,963 - WARNING - 🚨 XLM 15min: 异常波动 -71.77% (当前=13,907, 3日均=49,258)
2025-12-25 02:12:54,964 - WARNING - 🚨 XLM 30min: 异常波动 -70.08% (当前=21,114, 3日均=70,574)
2025-12-25 02:12:54,964 - WARNING - 🚨 XLM 60min: 异常波动 -73.76% (当前=21,114, 3日均=80,451)
2025-12-25 02:12:55,192 - INFO - ✅ FIL: Vol=$21,695.68 USDT
2025-12-25 02:12:55,193 - WARNING - 🚨 FIL 15min: 异常波动 -66.62% (当前=67,804, 3日均=203,132)
2025-12-25 02:12:55,193 - WARNING - 🚨 FIL 30min: 异常波动 -64.58% (当前=96,755, 3日均=273,159)
2025-12-25 02:12:55,194 - WARNING - 🚨 FIL 60min: 异常波动 -69.85% (当前=96,755, 3日均=320,943)
2025-12-25 02:12:55,426 - INFO - ✅ LINK: Vol=$27,544.69 USDT
2025-12-25 02:12:55,427 - WARNING - 🚨 LINK 15min: 异常波动 -68.16% (当前=71,322, 3日均=224,026)
2025-12-25 02:12:55,427 - WARNING - 🚨 LINK 30min: 异常波动 +32.24% (当前=448,947, 3日均=339,483)
2025-12-25 02:12:55,661 - INFO - ✅ CRO: Vol=$1,851.22 USDT
2025-12-25 02:12:55,662 - WARNING - 🚨 CRO 15min: 异常波动 -55.80% (当前=8,076, 3日均=18,271)
2025-12-25 02:12:55,663 - WARNING - 🚨 CRO 30min: 异常波动 -71.14% (当前=8,611, 3日均=29,837)
2025-12-25 02:12:55,663 - WARNING - 🚨 CRO 60min: 异常波动 -77.61% (当前=8,611, 3日均=38,466)
2025-12-25 02:12:55,896 - INFO - ✅ DOT: Vol=$7,250.45 USDT
2025-12-25 02:12:55,897 - WARNING - 🚨 DOT 60min: 异常波动 -32.99% (当前=109,450, 3日均=163,335)
2025-12-25 02:12:56,137 - INFO - ✅ AAVE: Vol=$61,251.15 USDT
2025-12-25 02:12:56,138 - WARNING - 🚨 AAVE 15min: 异常波动 -81.60% (当前=166,009, 3日均=902,229)
2025-12-25 02:12:56,139 - WARNING - 🚨 AAVE 30min: 异常波动 -81.13% (当前=270,129, 3日均=1,431,364)
2025-12-25 02:12:56,139 - WARNING - 🚨 AAVE 60min: 异常波动 -84.90% (当前=270,129, 3日均=1,788,776)
2025-12-25 02:12:56,370 - INFO - ✅ UNI: Vol=$12,076.41 USDT
2025-12-25 02:12:56,371 - WARNING - 🚨 UNI 15min: 异常波动 -77.00% (当前=69,597, 3日均=302,643)
2025-12-25 02:12:56,372 - WARNING - 🚨 UNI 30min: 异常波动 -73.35% (当前=135,533, 3日均=508,638)
2025-12-25 02:12:56,372 - WARNING - 🚨 UNI 60min: 异常波动 -77.29% (当前=135,533, 3日均=596,881)
2025-12-25 02:12:56,782 - INFO - ✅ NEAR: Vol=$15,431.82 USDT
2025-12-25 02:12:56,783 - WARNING - 🚨 NEAR 15min: 异常波动 -47.86% (当前=67,116, 3日均=128,727)
2025-12-25 02:12:56,783 - WARNING - 🚨 NEAR 30min: 异常波动 -41.67% (当前=117,095, 3日均=200,734)
2025-12-25 02:12:56,784 - WARNING - 🚨 NEAR 60min: 异常波动 -54.07% (当前=117,095, 3日均=254,927)
2025-12-25 02:12:57,012 - INFO - ✅ APT: Vol=$29,227.89 USDT
2025-12-25 02:12:57,013 - WARNING - 🚨 APT 30min: 异常波动 -33.96% (当前=84,782, 3日均=128,380)
2025-12-25 02:12:57,014 - WARNING - 🚨 APT 60min: 异常波动 -49.50% (当前=84,782, 3日均=167,875)
2025-12-25 02:12:57,242 - INFO - ✅ CFX: Vol=$13,058.41 USDT
2025-12-25 02:12:57,243 - WARNING - 🚨 CFX 15min: 异常波动 +195.19% (当前=59,359, 3日均=20,109)
2025-12-25 02:12:57,243 - WARNING - 🚨 CFX 30min: 异常波动 +186.24% (当前=84,298, 3日均=29,450)
2025-12-25 02:12:57,244 - WARNING - 🚨 CFX 60min: 异常波动 +116.07% (当前=84,298, 3日均=39,014)
2025-12-25 02:12:57,469 - INFO - ✅ CRV: Vol=$20,978.05 USDT
2025-12-25 02:12:57,470 - WARNING - 🚨 CRV 15min: 异常波动 -73.86% (当前=91,935, 3日均=351,653)
2025-12-25 02:12:57,471 - WARNING - 🚨 CRV 30min: 异常波动 -80.09% (当前=117,736, 3日均=591,450)
2025-12-25 02:12:57,471 - WARNING - 🚨 CRV 60min: 异常波动 -84.69% (当前=117,736, 3日均=769,179)
2025-12-25 02:12:57,713 - INFO - ✅ STX: Vol=$560.50 USDT
2025-12-25 02:12:57,714 - WARNING - 🚨 STX 15min: 异常波动 -58.58% (当前=1,355, 3日均=3,272)
2025-12-25 02:12:57,715 - WARNING - 🚨 STX 30min: 异常波动 -69.36% (当前=1,768, 3日均=5,769)
2025-12-25 02:12:57,715 - WARNING - 🚨 STX 60min: 异常波动 -76.98% (当前=1,768, 3日均=7,680)
2025-12-25 02:12:57,949 - INFO - ✅ LDO: Vol=$2,721.89 USDT
2025-12-25 02:12:57,950 - WARNING - 🚨 LDO 15min: 异常波动 -69.08% (当前=4,861, 3日均=15,721)
2025-12-25 02:12:57,951 - WARNING - 🚨 LDO 30min: 异常波动 -65.62% (当前=8,345, 3日均=24,276)
2025-12-25 02:12:57,951 - WARNING - 🚨 LDO 60min: 异常波动 -73.07% (当前=8,345, 3日均=30,984)
2025-12-25 02:12:58,171 - INFO - ✅ TAO: Vol=$6,365.52 USDT
2025-12-25 02:12:58,172 - WARNING - 🚨 TAO 15min: 异常波动 -84.50% (当前=12,164, 3日均=78,460)
2025-12-25 02:12:58,172 - WARNING - 🚨 TAO 30min: 异常波动 -87.54% (当前=17,025, 3日均=136,651)
2025-12-25 02:12:58,173 - WARNING - 🚨 TAO 60min: 异常波动 -90.14% (当前=17,025, 3日均=172,663)
2025-12-25 02:12:58,176 - INFO - 采集完成: 成功=27, 失败=0
2025-12-25 02:12:58,177 - INFO - ============================================================
