2025-12-25 01:52:25,912 [INFO] ============================================================
2025-12-25 01:52:25,931 [INFO] Google Drive监控器启动
2025-12-25 01:52:25,931 [INFO] 检查间隔: 600秒 (10分钟)
2025-12-25 01:52:25,931 [INFO] 数据库: /home/user/webapp/crypto_data.db
2025-12-25 01:52:25,931 [INFO] ============================================================
2025-12-25 01:52:25,931 [INFO] ============================================================
2025-12-25 01:52:25,931 [INFO] 开始检查新数据...
2025-12-25 01:52:27,275 [INFO] 发现数据: 2025-12-09 18:08:00 | 计次:7 ★★★ | 震荡无序
2025-12-25 01:52:27,276 [INFO] ✓ 更新记录: 2025-12-09 18:08:00
2025-12-25 01:52:27,277 [INFO] ✓ 数据导入成功
2025-12-25 01:52:27,277 [INFO] 
等待 10 分钟后下次检查...
2025-12-25 02:02:27,278 [INFO] ============================================================
2025-12-25 02:02:27,278 [INFO] 开始检查新数据...
2025-12-25 02:02:28,335 [INFO] 发现数据: 2025-12-09 18:08:00 | 计次:7 ★★★ | 震荡无序
2025-12-25 02:02:28,339 [INFO] ✓ 更新记录: 2025-12-09 18:08:00
2025-12-25 02:02:28,339 [INFO] ✓ 数据导入成功
2025-12-25 02:02:28,340 [INFO] 
等待 10 分钟后下次检查...
2025-12-25 02:12:28,340 [INFO] ============================================================
2025-12-25 02:12:28,340 [INFO] 开始检查新数据...
2025-12-25 02:12:29,728 [INFO] 发现数据: 2025-12-09 18:08:00 | 计次:7 ★★★ | 震荡无序
2025-12-25 02:12:29,731 [INFO] ✓ 更新记录: 2025-12-09 18:08:00
2025-12-25 02:12:29,731 [INFO] ✓ 数据导入成功
2025-12-25 02:12:29,732 [INFO] 
等待 10 分钟后下次检查...
2025-12-25 02:22:29,732 [INFO] ============================================================
2025-12-25 02:22:29,732 [INFO] 开始检查新数据...
2025-12-25 02:22:30,674 [INFO] 发现数据: 2025-12-09 18:08:00 | 计次:7 ★★★ | 震荡无序
2025-12-25 02:22:30,677 [INFO] ✓ 更新记录: 2025-12-09 18:08:00
2025-12-25 02:22:30,677 [INFO] ✓ 数据导入成功
2025-12-25 02:22:30,678 [INFO] 
等待 10 分钟后下次检查...
2025-12-25 02:32:30,678 [INFO] ============================================================
2025-12-25 02:32:30,678 [INFO] 开始检查新数据...
2025-12-25 02:32:31,859 [INFO] 发现数据: 2025-12-09 18:08:00 | 计次:7 ★★★ | 震荡无序
2025-12-25 02:32:31,862 [INFO] ✓ 更新记录: 2025-12-09 18:08:00
2025-12-25 02:32:31,862 [INFO] ✓ 数据导入成功
2025-12-25 02:32:31,863 [INFO] 
等待 10 分钟后下次检查...
2025-12-25 02:42:31,863 [INFO] ============================================================
2025-12-25 02:42:31,863 [INFO] 开始检查新数据...
2025-12-25 02:42:32,814 [INFO] 发现数据: 2025-12-09 18:08:00 | 计次:7 ★★★ | 震荡无序
2025-12-25 02:42:32,817 [INFO] ✓ 更新记录: 2025-12-09 18:08:00
2025-12-25 02:42:32,817 [INFO] ✓ 数据导入成功
2025-12-25 02:42:32,817 [INFO] 
等待 10 分钟后下次检查...
2025-12-25 02:52:32,818 [INFO] ============================================================
2025-12-25 02:52:32,818 [INFO] 开始检查新数据...
2025-12-25 02:52:33,938 [INFO] 发现数据: 2025-12-09 18:08:00 | 计次:7 ★★★ | 震荡无序
2025-12-25 02:52:33,941 [INFO] ✓ 更新记录: 2025-12-09 18:08:00
2025-12-25 02:52:33,942 [INFO] ✓ 数据导入成功
2025-12-25 02:52:33,942 [INFO] 
等待 10 分钟后下次检查...
