2025-12-25 01:52:25,991 - INFO - ✅ 数据库初始化完成
2025-12-25 01:52:25,991 - INFO - 📊 执行首次恐慌清洗指数采集...
2025-12-25 01:52:25,991 - INFO - ================================================================================
2025-12-25 01:52:25,992 - INFO - 📊 开始采集恐慌清洗数据...
2025-12-25 01:52:25,992 - INFO - ================================================================================
2025-12-25 01:52:25,992 - INFO -   📡 请求1小时爆仓数据 (尝试 1/4)...
2025-12-25 01:52:27,397 - INFO -   ✅ 1小时爆仓数据获取成功
2025-12-25 01:52:27,398 - INFO -   ✅ 1小时爆仓金额: $1,192,191.52 → 119.22万
2025-12-25 01:52:27,398 - INFO -   📡 请求24小时爆仓数据 (尝试 1/4)...
2025-12-25 01:52:28,281 - INFO -   ✅ 24小时爆仓数据获取成功
2025-12-25 01:52:28,281 - INFO -   ✅ 24小时爆仓金额: $123,859,281.19 → 1.2386亿
2025-12-25 01:52:28,282 - INFO -   ✅ 24小时爆仓人数: 70,100人 → 7.01万人
2025-12-25 01:52:28,282 - INFO -   📡 请求全网持仓数据 (尝试 1/4)...
2025-12-25 01:52:31,535 - INFO -   ✅ 全网持仓数据获取成功
2025-12-25 01:52:31,536 - INFO -   ✅ 全网持仓量: $9,456,211,241.57 → 94.56亿
2025-12-25 01:52:31,536 - INFO - 
2025-12-25 01:52:31,536 - INFO -   ======================================================================
2025-12-25 01:52:31,536 - INFO -   📈 恐慌清洗指数计算:
2025-12-25 01:52:31,537 - INFO -      公式: 24小时爆仓人数(万人) / 全网持仓量(亿美元) × 100%
2025-12-25 01:52:31,537 - INFO -      爆仓人数: 70,100人 = 7.0100万人
2025-12-25 01:52:31,537 - INFO -      持仓量: $9,456,211,241.57 = 94.56亿美元
2025-12-25 01:52:31,537 - INFO -      恐慌指数: 7.0100 / 94.56 × 100% = 7.41%
2025-12-25 01:52:31,537 - INFO -   ======================================================================
2025-12-25 01:52:31,537 - INFO - ✅ 数据采集成功: 恐慌指数=7.41%
2025-12-25 01:52:31,580 - INFO - 💾 数据保存成功: 2025-12-25 09:52:31
2025-12-25 01:52:31,580 - INFO - 
2025-12-25 01:52:31,581 - INFO -   💾 数据已成功保存到数据库
2025-12-25 01:52:31,581 - INFO - ================================================================================
2025-12-25 01:52:31,581 - INFO - 🚀 恐慌清洗指数采集器启动
2025-12-25 01:52:31,581 - INFO -    采集规则: 成功后等待180秒(3分钟)，失败立即重试
2025-12-25 01:52:31,581 - INFO - ================================================================================
2025-12-25 01:52:31,581 - INFO - ================================================================================
2025-12-25 01:52:31,581 - INFO - 📊 开始采集恐慌清洗数据...
2025-12-25 01:52:31,581 - INFO - ================================================================================
2025-12-25 01:52:31,581 - INFO -   📡 请求1小时爆仓数据 (尝试 1/4)...
2025-12-25 01:52:34,467 - INFO -   ✅ 1小时爆仓数据获取成功
2025-12-25 01:52:34,468 - INFO -   ✅ 1小时爆仓金额: $1,192,191.52 → 119.22万
2025-12-25 01:52:34,468 - INFO -   📡 请求24小时爆仓数据 (尝试 1/4)...
2025-12-25 01:52:37,380 - INFO -   ✅ 24小时爆仓数据获取成功
2025-12-25 01:52:37,381 - INFO -   ✅ 24小时爆仓金额: $124,130,701.25 → 1.2413亿
2025-12-25 01:52:37,381 - INFO -   ✅ 24小时爆仓人数: 70,355人 → 7.04万人
2025-12-25 01:52:37,381 - INFO -   📡 请求全网持仓数据 (尝试 1/4)...
2025-12-25 01:52:38,406 - INFO -   ✅ 全网持仓数据获取成功
2025-12-25 01:52:38,407 - INFO -   ✅ 全网持仓量: $9,456,211,241.57 → 94.56亿
2025-12-25 01:52:38,407 - INFO - 
2025-12-25 01:52:38,407 - INFO -   ======================================================================
2025-12-25 01:52:38,407 - INFO -   📈 恐慌清洗指数计算:
2025-12-25 01:52:38,407 - INFO -      公式: 24小时爆仓人数(万人) / 全网持仓量(亿美元) × 100%
2025-12-25 01:52:38,408 - INFO -      爆仓人数: 70,355人 = 7.0355万人
2025-12-25 01:52:38,408 - INFO -      持仓量: $9,456,211,241.57 = 94.56亿美元
2025-12-25 01:52:38,408 - INFO -      恐慌指数: 7.0355 / 94.56 × 100% = 7.44%
2025-12-25 01:52:38,408 - INFO -   ======================================================================
2025-12-25 01:52:38,408 - INFO - ✅ 数据采集成功: 恐慌指数=7.44%
2025-12-25 01:52:38,413 - INFO - 💾 数据保存成功: 2025-12-25 09:52:38
2025-12-25 01:52:38,414 - INFO - 
2025-12-25 01:52:38,414 - INFO -   💾 数据已成功保存到数据库
2025-12-25 01:52:38,414 - INFO - ================================================================================
2025-12-25 01:52:38,414 - INFO - ✅ 本次采集成功！
2025-12-25 01:52:38,414 - INFO - ⏳ 等待 180秒 (3分钟) 后进行下一次采集...
2025-12-25 01:52:38,414 - INFO - ================================================================================
2025-12-25 01:55:38,414 - INFO - ================================================================================
2025-12-25 01:55:38,415 - INFO - 📊 开始采集恐慌清洗数据...
2025-12-25 01:55:38,415 - INFO - ================================================================================
2025-12-25 01:55:38,415 - INFO -   📡 请求1小时爆仓数据 (尝试 1/4)...
2025-12-25 01:55:39,268 - INFO -   ✅ 1小时爆仓数据获取成功
2025-12-25 01:55:39,269 - INFO -   ✅ 1小时爆仓金额: $1,200,073.23 → 120.01万
2025-12-25 01:55:39,269 - INFO -   📡 请求24小时爆仓数据 (尝试 1/4)...
2025-12-25 01:55:40,072 - INFO -   ✅ 24小时爆仓数据获取成功
2025-12-25 01:55:40,073 - INFO -   ✅ 24小时爆仓金额: $123,864,425.64 → 1.2386亿
2025-12-25 01:55:40,073 - INFO -   ✅ 24小时爆仓人数: 70,081人 → 7.01万人
2025-12-25 01:55:40,073 - INFO -   📡 请求全网持仓数据 (尝试 1/4)...
2025-12-25 01:55:40,883 - INFO -   ✅ 全网持仓数据获取成功
2025-12-25 01:55:40,884 - INFO -   ✅ 全网持仓量: $9,451,673,606.67 → 94.52亿
2025-12-25 01:55:40,884 - INFO - 
2025-12-25 01:55:40,884 - INFO -   ======================================================================
2025-12-25 01:55:40,884 - INFO -   📈 恐慌清洗指数计算:
2025-12-25 01:55:40,884 - INFO -      公式: 24小时爆仓人数(万人) / 全网持仓量(亿美元) × 100%
2025-12-25 01:55:40,884 - INFO -      爆仓人数: 70,081人 = 7.0081万人
2025-12-25 01:55:40,884 - INFO -      持仓量: $9,451,673,606.67 = 94.52亿美元
2025-12-25 01:55:40,885 - INFO -      恐慌指数: 7.0081 / 94.52 × 100% = 7.41%
2025-12-25 01:55:40,885 - INFO -   ======================================================================
2025-12-25 01:55:40,885 - INFO - ✅ 数据采集成功: 恐慌指数=7.41%
2025-12-25 01:55:40,890 - INFO - 💾 数据保存成功: 2025-12-25 09:55:40
2025-12-25 01:55:40,890 - INFO - 
2025-12-25 01:55:40,891 - INFO -   💾 数据已成功保存到数据库
2025-12-25 01:55:40,891 - INFO - ================================================================================
2025-12-25 01:55:40,891 - INFO - ✅ 本次采集成功！
2025-12-25 01:55:40,891 - INFO - ⏳ 等待 180秒 (3分钟) 后进行下一次采集...
2025-12-25 01:55:40,891 - INFO - ================================================================================
2025-12-25 01:58:40,891 - INFO - ================================================================================
2025-12-25 01:58:40,892 - INFO - 📊 开始采集恐慌清洗数据...
2025-12-25 01:58:40,892 - INFO - ================================================================================
2025-12-25 01:58:40,892 - INFO -   📡 请求1小时爆仓数据 (尝试 1/4)...
2025-12-25 01:58:41,707 - INFO -   ✅ 1小时爆仓数据获取成功
2025-12-25 01:58:41,707 - INFO -   ✅ 1小时爆仓金额: $1,021,610.58 → 102.16万
2025-12-25 01:58:41,708 - INFO -   📡 请求24小时爆仓数据 (尝试 1/4)...
2025-12-25 01:58:43,635 - INFO -   ✅ 24小时爆仓数据获取成功
2025-12-25 01:58:43,635 - INFO -   ✅ 24小时爆仓金额: $123,856,182.07 → 1.2386亿
2025-12-25 01:58:43,636 - INFO -   ✅ 24小时爆仓人数: 70,086人 → 7.01万人
2025-12-25 01:58:43,636 - INFO -   📡 请求全网持仓数据 (尝试 1/4)...
2025-12-25 01:58:44,680 - INFO -   ✅ 全网持仓数据获取成功
2025-12-25 01:58:44,681 - INFO -   ✅ 全网持仓量: $9,449,423,272.49 → 94.49亿
2025-12-25 01:58:44,681 - INFO - 
2025-12-25 01:58:44,681 - INFO -   ======================================================================
2025-12-25 01:58:44,681 - INFO -   📈 恐慌清洗指数计算:
2025-12-25 01:58:44,681 - INFO -      公式: 24小时爆仓人数(万人) / 全网持仓量(亿美元) × 100%
2025-12-25 01:58:44,681 - INFO -      爆仓人数: 70,086人 = 7.0086万人
2025-12-25 01:58:44,681 - INFO -      持仓量: $9,449,423,272.49 = 94.49亿美元
2025-12-25 01:58:44,682 - INFO -      恐慌指数: 7.0086 / 94.49 × 100% = 7.42%
2025-12-25 01:58:44,682 - INFO -   ======================================================================
2025-12-25 01:58:44,682 - INFO - ✅ 数据采集成功: 恐慌指数=7.42%
2025-12-25 01:58:44,687 - INFO - 💾 数据保存成功: 2025-12-25 09:58:44
2025-12-25 01:58:44,687 - INFO - 
2025-12-25 01:58:44,687 - INFO -   💾 数据已成功保存到数据库
2025-12-25 01:58:44,687 - INFO - ================================================================================
2025-12-25 01:58:44,688 - INFO - ✅ 本次采集成功！
2025-12-25 01:58:44,688 - INFO - ⏳ 等待 180秒 (3分钟) 后进行下一次采集...
2025-12-25 01:58:44,688 - INFO - ================================================================================
2025-12-25 02:01:44,688 - INFO - ================================================================================
2025-12-25 02:01:44,688 - INFO - 📊 开始采集恐慌清洗数据...
2025-12-25 02:01:44,688 - INFO - ================================================================================
2025-12-25 02:01:44,689 - INFO -   📡 请求1小时爆仓数据 (尝试 1/4)...
2025-12-25 02:01:46,323 - INFO -   ✅ 1小时爆仓数据获取成功
2025-12-25 02:01:46,323 - INFO -   ✅ 1小时爆仓金额: $1,074,765.65 → 107.48万
2025-12-25 02:01:46,324 - INFO -   📡 请求24小时爆仓数据 (尝试 1/4)...
2025-12-25 02:01:47,097 - INFO -   ✅ 24小时爆仓数据获取成功
2025-12-25 02:01:47,097 - INFO -   ✅ 24小时爆仓金额: $123,767,287.56 → 1.2377亿
2025-12-25 02:01:47,097 - INFO -   ✅ 24小时爆仓人数: 69,906人 → 6.99万人
2025-12-25 02:01:47,098 - INFO -   📡 请求全网持仓数据 (尝试 1/4)...
2025-12-25 02:01:48,791 - INFO -   ✅ 全网持仓数据获取成功
2025-12-25 02:01:48,792 - INFO -   ✅ 全网持仓量: $9,445,908,301.78 → 94.46亿
2025-12-25 02:01:48,793 - INFO - 
2025-12-25 02:01:48,793 - INFO -   ======================================================================
2025-12-25 02:01:48,793 - INFO -   📈 恐慌清洗指数计算:
2025-12-25 02:01:48,793 - INFO -      公式: 24小时爆仓人数(万人) / 全网持仓量(亿美元) × 100%
2025-12-25 02:01:48,794 - INFO -      爆仓人数: 69,906人 = 6.9906万人
2025-12-25 02:01:48,794 - INFO -      持仓量: $9,445,908,301.78 = 94.46亿美元
2025-12-25 02:01:48,794 - INFO -      恐慌指数: 6.9906 / 94.46 × 100% = 7.4%
2025-12-25 02:01:48,794 - INFO -   ======================================================================
2025-12-25 02:01:48,795 - INFO - ✅ 数据采集成功: 恐慌指数=7.4%
2025-12-25 02:01:48,802 - INFO - 💾 数据保存成功: 2025-12-25 10:01:48
2025-12-25 02:01:48,802 - INFO - 
2025-12-25 02:01:48,802 - INFO -   💾 数据已成功保存到数据库
2025-12-25 02:01:48,803 - INFO - ================================================================================
2025-12-25 02:01:48,803 - INFO - ✅ 本次采集成功！
2025-12-25 02:01:48,803 - INFO - ⏳ 等待 180秒 (3分钟) 后进行下一次采集...
2025-12-25 02:01:48,803 - INFO - ================================================================================
2025-12-25 02:04:48,803 - INFO - ================================================================================
2025-12-25 02:04:48,803 - INFO - 📊 开始采集恐慌清洗数据...
2025-12-25 02:04:48,804 - INFO - ================================================================================
2025-12-25 02:04:48,804 - INFO -   📡 请求1小时爆仓数据 (尝试 1/4)...
2025-12-25 02:04:52,030 - INFO -   ✅ 1小时爆仓数据获取成功
2025-12-25 02:04:52,031 - INFO -   ✅ 1小时爆仓金额: $1,110,347.22 → 111.03万
2025-12-25 02:04:52,031 - INFO -   📡 请求24小时爆仓数据 (尝试 1/4)...
2025-12-25 02:04:55,273 - INFO -   ✅ 24小时爆仓数据获取成功
2025-12-25 02:04:55,274 - INFO -   ✅ 24小时爆仓金额: $123,590,017.46 → 1.2359亿
2025-12-25 02:04:55,274 - INFO -   ✅ 24小时爆仓人数: 69,766人 → 6.98万人
2025-12-25 02:04:55,275 - INFO -   📡 请求全网持仓数据 (尝试 1/4)...
2025-12-25 02:04:59,288 - INFO -   ✅ 全网持仓数据获取成功
2025-12-25 02:04:59,289 - INFO -   ✅ 全网持仓量: $9,445,242,402.85 → 94.45亿
2025-12-25 02:04:59,289 - INFO - 
2025-12-25 02:04:59,289 - INFO -   ======================================================================
2025-12-25 02:04:59,290 - INFO -   📈 恐慌清洗指数计算:
2025-12-25 02:04:59,290 - INFO -      公式: 24小时爆仓人数(万人) / 全网持仓量(亿美元) × 100%
2025-12-25 02:04:59,290 - INFO -      爆仓人数: 69,766人 = 6.9766万人
2025-12-25 02:04:59,290 - INFO -      持仓量: $9,445,242,402.85 = 94.45亿美元
2025-12-25 02:04:59,290 - INFO -      恐慌指数: 6.9766 / 94.45 × 100% = 7.39%
2025-12-25 02:04:59,290 - INFO -   ======================================================================
2025-12-25 02:04:59,290 - INFO - ✅ 数据采集成功: 恐慌指数=7.39%
2025-12-25 02:04:59,295 - INFO - 💾 数据保存成功: 2025-12-25 10:04:59
2025-12-25 02:04:59,296 - INFO - 
2025-12-25 02:04:59,296 - INFO -   💾 数据已成功保存到数据库
2025-12-25 02:04:59,296 - INFO - ================================================================================
2025-12-25 02:04:59,296 - INFO - ✅ 本次采集成功！
2025-12-25 02:04:59,296 - INFO - ⏳ 等待 180秒 (3分钟) 后进行下一次采集...
2025-12-25 02:04:59,296 - INFO - ================================================================================
2025-12-25 02:07:59,297 - INFO - ================================================================================
2025-12-25 02:07:59,297 - INFO - 📊 开始采集恐慌清洗数据...
2025-12-25 02:07:59,297 - INFO - ================================================================================
2025-12-25 02:07:59,297 - INFO -   📡 请求1小时爆仓数据 (尝试 1/4)...
2025-12-25 02:08:02,836 - INFO -   ✅ 1小时爆仓数据获取成功
2025-12-25 02:08:02,837 - INFO -   ✅ 1小时爆仓金额: $1,238,230.38 → 123.82万
2025-12-25 02:08:02,837 - INFO -   📡 请求24小时爆仓数据 (尝试 1/4)...
2025-12-25 02:08:03,655 - INFO -   ✅ 24小时爆仓数据获取成功
2025-12-25 02:08:03,656 - INFO -   ✅ 24小时爆仓金额: $123,183,740.62 → 1.2318亿
2025-12-25 02:08:03,656 - INFO -   ✅ 24小时爆仓人数: 69,460人 → 6.95万人
2025-12-25 02:08:03,656 - INFO -   📡 请求全网持仓数据 (尝试 1/4)...
2025-12-25 02:08:04,579 - INFO -   ✅ 全网持仓数据获取成功
2025-12-25 02:08:04,580 - INFO -   ✅ 全网持仓量: $9,443,864,513.85 → 94.44亿
2025-12-25 02:08:04,580 - INFO - 
2025-12-25 02:08:04,580 - INFO -   ======================================================================
2025-12-25 02:08:04,580 - INFO -   📈 恐慌清洗指数计算:
2025-12-25 02:08:04,580 - INFO -      公式: 24小时爆仓人数(万人) / 全网持仓量(亿美元) × 100%
2025-12-25 02:08:04,580 - INFO -      爆仓人数: 69,460人 = 6.9460万人
2025-12-25 02:08:04,580 - INFO -      持仓量: $9,443,864,513.85 = 94.44亿美元
2025-12-25 02:08:04,581 - INFO -      恐慌指数: 6.9460 / 94.44 × 100% = 7.36%
2025-12-25 02:08:04,581 - INFO -   ======================================================================
2025-12-25 02:08:04,581 - INFO - ✅ 数据采集成功: 恐慌指数=7.36%
2025-12-25 02:08:04,585 - INFO - 💾 数据保存成功: 2025-12-25 10:08:04
2025-12-25 02:08:04,585 - INFO - 
2025-12-25 02:08:04,586 - INFO -   💾 数据已成功保存到数据库
2025-12-25 02:08:04,586 - INFO - ================================================================================
2025-12-25 02:08:04,586 - INFO - ✅ 本次采集成功！
2025-12-25 02:08:04,586 - INFO - ⏳ 等待 180秒 (3分钟) 后进行下一次采集...
2025-12-25 02:08:04,586 - INFO - ================================================================================
2025-12-25 02:11:04,586 - INFO - ================================================================================
2025-12-25 02:11:04,587 - INFO - 📊 开始采集恐慌清洗数据...
2025-12-25 02:11:04,587 - INFO - ================================================================================
2025-12-25 02:11:04,587 - INFO -   📡 请求1小时爆仓数据 (尝试 1/4)...
2025-12-25 02:11:07,413 - INFO -   ✅ 1小时爆仓数据获取成功
2025-12-25 02:11:07,413 - INFO -   ✅ 1小时爆仓金额: $1,257,750.20 → 125.78万
2025-12-25 02:11:07,414 - INFO -   📡 请求24小时爆仓数据 (尝试 1/4)...
2025-12-25 02:11:08,987 - INFO -   ✅ 24小时爆仓数据获取成功
2025-12-25 02:11:08,988 - INFO -   ✅ 24小时爆仓金额: $120,542,835.57 → 1.2054亿
2025-12-25 02:11:08,989 - INFO -   ✅ 24小时爆仓人数: 69,070人 → 6.91万人
2025-12-25 02:11:08,989 - INFO -   📡 请求全网持仓数据 (尝试 1/4)...
2025-12-25 02:11:09,807 - INFO -   ✅ 全网持仓数据获取成功
2025-12-25 02:11:09,808 - INFO -   ✅ 全网持仓量: $9,445,232,585.52 → 94.45亿
2025-12-25 02:11:09,808 - INFO - 
2025-12-25 02:11:09,809 - INFO -   ======================================================================
2025-12-25 02:11:09,809 - INFO -   📈 恐慌清洗指数计算:
2025-12-25 02:11:09,809 - INFO -      公式: 24小时爆仓人数(万人) / 全网持仓量(亿美元) × 100%
2025-12-25 02:11:09,809 - INFO -      爆仓人数: 69,070人 = 6.9070万人
2025-12-25 02:11:09,809 - INFO -      持仓量: $9,445,232,585.52 = 94.45亿美元
2025-12-25 02:11:09,809 - INFO -      恐慌指数: 6.9070 / 94.45 × 100% = 7.31%
2025-12-25 02:11:09,809 - INFO -   ======================================================================
2025-12-25 02:11:09,809 - INFO - ✅ 数据采集成功: 恐慌指数=7.31%
2025-12-25 02:11:09,813 - INFO - 💾 数据保存成功: 2025-12-25 10:11:09
2025-12-25 02:11:09,814 - INFO - 
2025-12-25 02:11:09,814 - INFO -   💾 数据已成功保存到数据库
2025-12-25 02:11:09,814 - INFO - ================================================================================
2025-12-25 02:11:09,814 - INFO - ✅ 本次采集成功！
2025-12-25 02:11:09,814 - INFO - ⏳ 等待 180秒 (3分钟) 后进行下一次采集...
2025-12-25 02:11:09,814 - INFO - ================================================================================
2025-12-25 02:14:09,814 - INFO - ================================================================================
2025-12-25 02:14:09,815 - INFO - 📊 开始采集恐慌清洗数据...
2025-12-25 02:14:09,815 - INFO - ================================================================================
2025-12-25 02:14:09,815 - INFO -   📡 请求1小时爆仓数据 (尝试 1/4)...
2025-12-25 02:14:11,943 - INFO -   ✅ 1小时爆仓数据获取成功
2025-12-25 02:14:11,944 - INFO -   ✅ 1小时爆仓金额: $1,246,239.86 → 124.62万
2025-12-25 02:14:11,944 - INFO -   📡 请求24小时爆仓数据 (尝试 1/4)...
2025-12-25 02:14:14,078 - INFO -   ✅ 24小时爆仓数据获取成功
2025-12-25 02:14:14,079 - INFO -   ✅ 24小时爆仓金额: $120,233,674.04 → 1.2023亿
2025-12-25 02:14:14,079 - INFO -   ✅ 24小时爆仓人数: 68,854人 → 6.89万人
2025-12-25 02:14:14,080 - INFO -   📡 请求全网持仓数据 (尝试 1/4)...
2025-12-25 02:14:24,138 - INFO -   ✅ 全网持仓数据获取成功
2025-12-25 02:14:24,139 - INFO -   ✅ 全网持仓量: $9,454,425,239.46 → 94.54亿
2025-12-25 02:14:24,139 - INFO - 
2025-12-25 02:14:24,139 - INFO -   ======================================================================
2025-12-25 02:14:24,139 - INFO -   📈 恐慌清洗指数计算:
2025-12-25 02:14:24,139 - INFO -      公式: 24小时爆仓人数(万人) / 全网持仓量(亿美元) × 100%
2025-12-25 02:14:24,139 - INFO -      爆仓人数: 68,854人 = 6.8854万人
2025-12-25 02:14:24,139 - INFO -      持仓量: $9,454,425,239.46 = 94.54亿美元
2025-12-25 02:14:24,139 - INFO -      恐慌指数: 6.8854 / 94.54 × 100% = 7.28%
2025-12-25 02:14:24,140 - INFO -   ======================================================================
2025-12-25 02:14:24,140 - INFO - ✅ 数据采集成功: 恐慌指数=7.28%
2025-12-25 02:14:24,144 - INFO - 💾 数据保存成功: 2025-12-25 10:14:24
2025-12-25 02:14:24,144 - INFO - 
2025-12-25 02:14:24,144 - INFO -   💾 数据已成功保存到数据库
2025-12-25 02:14:24,144 - INFO - ================================================================================
2025-12-25 02:14:24,144 - INFO - ✅ 本次采集成功！
2025-12-25 02:14:24,144 - INFO - ⏳ 等待 180秒 (3分钟) 后进行下一次采集...
2025-12-25 02:14:24,145 - INFO - ================================================================================
