[2025-12-25 01:52:25] 🎯 支撑压力线快照采集器启动
[2025-12-25 01:52:25] ⏰ 采集间隔: 60秒 (1分钟)
[2025-12-25 01:52:25] 📁 数据库路径: /home/user/webapp/crypto_data.db
[2025-12-25 01:52:25] ✅ 快照表检查/创建完成
[2025-12-25 01:52:25] ============================================================
[2025-12-25 01:52:25] 📸 开始采集支撑压力线快照
[2025-12-25 01:52:25] 📊 获取到 27 个币种的最新数据
[2025-12-25 01:52:25] 📈 情况1（接近支撑2）: 1 个币种
[2025-12-25 01:52:25] 📈 情况2（接近支撑1）: 1 个币种
[2025-12-25 01:52:25] 📉 情况3（接近压力2）: 8 个币种
[2025-12-25 01:52:25] 📉 情况4（接近压力1）: 8 个币种
[2025-12-25 01:52:25] ✅ 快照保存成功: 2025-12-25 09:52:25 | 情况1:1 情况2:1 情况3:8 情况4:8
[2025-12-25 01:52:25] ============================================================
[2025-12-25 01:52:25] ⏳ 等待60秒后进行下一次采集...
[2025-12-25 01:53:25] ============================================================
[2025-12-25 01:53:25] 📸 开始采集支撑压力线快照
[2025-12-25 01:53:25] 📊 获取到 27 个币种的最新数据
[2025-12-25 01:53:25] 📈 情况1（接近支撑2）: 0 个币种
[2025-12-25 01:53:25] 📈 情况2（接近支撑1）: 0 个币种
[2025-12-25 01:53:25] 📉 情况3（接近压力2）: 1 个币种
[2025-12-25 01:53:25] 📉 情况4（接近压力1）: 1 个币种
[2025-12-25 01:53:25] ✅ 快照保存成功: 2025-12-25 09:53:25 | 情况1:0 情况2:0 情况3:1 情况4:1
[2025-12-25 01:53:25] ============================================================
[2025-12-25 01:53:25] ⏳ 等待60秒后进行下一次采集...
[2025-12-25 01:54:25] ============================================================
[2025-12-25 01:54:25] 📸 开始采集支撑压力线快照
[2025-12-25 01:54:26] 📊 获取到 27 个币种的最新数据
[2025-12-25 01:54:26] 📈 情况1（接近支撑2）: 0 个币种
[2025-12-25 01:54:26] 📈 情况2（接近支撑1）: 0 个币种
[2025-12-25 01:54:26] 📉 情况3（接近压力2）: 0 个币种
[2025-12-25 01:54:26] 📉 情况4（接近压力1）: 0 个币种
[2025-12-25 01:54:26] ✅ 快照保存成功: 2025-12-25 09:54:26 | 情况1:0 情况2:0 情况3:0 情况4:0
[2025-12-25 01:54:26] ============================================================
[2025-12-25 01:54:26] ⏳ 等待60秒后进行下一次采集...
[2025-12-25 01:55:26] ============================================================
[2025-12-25 01:55:26] 📸 开始采集支撑压力线快照
[2025-12-25 01:55:26] 📊 获取到 27 个币种的最新数据
[2025-12-25 01:55:26] 📈 情况1（接近支撑2）: 0 个币种
[2025-12-25 01:55:26] 📈 情况2（接近支撑1）: 0 个币种
[2025-12-25 01:55:26] 📉 情况3（接近压力2）: 0 个币种
[2025-12-25 01:55:26] 📉 情况4（接近压力1）: 0 个币种
[2025-12-25 01:55:26] ✅ 快照保存成功: 2025-12-25 09:55:26 | 情况1:0 情况2:0 情况3:0 情况4:0
[2025-12-25 01:55:26] ============================================================
[2025-12-25 01:55:26] ⏳ 等待60秒后进行下一次采集...
[2025-12-25 01:56:26] ============================================================
[2025-12-25 01:56:26] 📸 开始采集支撑压力线快照
[2025-12-25 01:56:26] 📊 获取到 27 个币种的最新数据
[2025-12-25 01:56:26] 📈 情况1（接近支撑2）: 0 个币种
[2025-12-25 01:56:26] 📈 情况2（接近支撑1）: 0 个币种
[2025-12-25 01:56:26] 📉 情况3（接近压力2）: 1 个币种
[2025-12-25 01:56:26] 📉 情况4（接近压力1）: 1 个币种
[2025-12-25 01:56:26] ✅ 快照保存成功: 2025-12-25 09:56:26 | 情况1:0 情况2:0 情况3:1 情况4:1
[2025-12-25 01:56:26] ============================================================
[2025-12-25 01:56:26] ⏳ 等待60秒后进行下一次采集...
[2025-12-25 01:57:26] ============================================================
[2025-12-25 01:57:26] 📸 开始采集支撑压力线快照
[2025-12-25 01:57:26] 📊 获取到 27 个币种的最新数据
[2025-12-25 01:57:26] 📈 情况1（接近支撑2）: 0 个币种
[2025-12-25 01:57:26] 📈 情况2（接近支撑1）: 0 个币种
[2025-12-25 01:57:26] 📉 情况3（接近压力2）: 1 个币种
[2025-12-25 01:57:26] 📉 情况4（接近压力1）: 1 个币种
[2025-12-25 01:57:26] ✅ 快照保存成功: 2025-12-25 09:57:26 | 情况1:0 情况2:0 情况3:1 情况4:1
[2025-12-25 01:57:26] ============================================================
[2025-12-25 01:57:26] ⏳ 等待60秒后进行下一次采集...
[2025-12-25 01:58:26] ============================================================
[2025-12-25 01:58:26] 📸 开始采集支撑压力线快照
[2025-12-25 01:58:26] 📊 获取到 27 个币种的最新数据
[2025-12-25 01:58:26] 📈 情况1（接近支撑2）: 0 个币种
[2025-12-25 01:58:26] 📈 情况2（接近支撑1）: 0 个币种
[2025-12-25 01:58:26] 📉 情况3（接近压力2）: 1 个币种
[2025-12-25 01:58:26] 📉 情况4（接近压力1）: 1 个币种
[2025-12-25 01:58:26] ✅ 快照保存成功: 2025-12-25 09:58:26 | 情况1:0 情况2:0 情况3:1 情况4:1
[2025-12-25 01:58:26] ============================================================
[2025-12-25 01:58:26] ⏳ 等待60秒后进行下一次采集...
[2025-12-25 01:59:26] ============================================================
[2025-12-25 01:59:26] 📸 开始采集支撑压力线快照
[2025-12-25 01:59:26] 📊 获取到 27 个币种的最新数据
[2025-12-25 01:59:26] 📈 情况1（接近支撑2）: 0 个币种
[2025-12-25 01:59:26] 📈 情况2（接近支撑1）: 0 个币种
[2025-12-25 01:59:26] 📉 情况3（接近压力2）: 1 个币种
[2025-12-25 01:59:26] 📉 情况4（接近压力1）: 1 个币种
[2025-12-25 01:59:26] ✅ 快照保存成功: 2025-12-25 09:59:26 | 情况1:0 情况2:0 情况3:1 情况4:1
[2025-12-25 01:59:26] ============================================================
[2025-12-25 01:59:26] ⏳ 等待60秒后进行下一次采集...
[2025-12-25 02:00:26] ============================================================
[2025-12-25 02:00:26] 📸 开始采集支撑压力线快照
[2025-12-25 02:00:26] 📊 获取到 27 个币种的最新数据
[2025-12-25 02:00:26] 📈 情况1（接近支撑2）: 0 个币种
[2025-12-25 02:00:26] 📈 情况2（接近支撑1）: 0 个币种
[2025-12-25 02:00:26] 📉 情况3（接近压力2）: 1 个币种
[2025-12-25 02:00:26] 📉 情况4（接近压力1）: 1 个币种
[2025-12-25 02:00:26] ✅ 快照保存成功: 2025-12-25 10:00:26 | 情况1:0 情况2:0 情况3:1 情况4:1
[2025-12-25 02:00:26] ============================================================
[2025-12-25 02:00:26] ⏳ 等待60秒后进行下一次采集...
[2025-12-25 02:01:26] ============================================================
[2025-12-25 02:01:26] 📸 开始采集支撑压力线快照
[2025-12-25 02:01:27] 📊 获取到 27 个币种的最新数据
[2025-12-25 02:01:27] 📈 情况1（接近支撑2）: 0 个币种
[2025-12-25 02:01:27] 📈 情况2（接近支撑1）: 0 个币种
[2025-12-25 02:01:27] 📉 情况3（接近压力2）: 1 个币种
[2025-12-25 02:01:27] 📉 情况4（接近压力1）: 1 个币种
[2025-12-25 02:01:27] ✅ 快照保存成功: 2025-12-25 10:01:27 | 情况1:0 情况2:0 情况3:1 情况4:1
[2025-12-25 02:01:27] ============================================================
[2025-12-25 02:01:27] ⏳ 等待60秒后进行下一次采集...
[2025-12-25 02:02:27] ============================================================
[2025-12-25 02:02:27] 📸 开始采集支撑压力线快照
[2025-12-25 02:02:27] 📊 获取到 27 个币种的最新数据
[2025-12-25 02:02:27] 📈 情况1（接近支撑2）: 0 个币种
[2025-12-25 02:02:27] 📈 情况2（接近支撑1）: 0 个币种
[2025-12-25 02:02:27] 📉 情况3（接近压力2）: 1 个币种
[2025-12-25 02:02:27] 📉 情况4（接近压力1）: 1 个币种
[2025-12-25 02:02:27] ✅ 快照保存成功: 2025-12-25 10:02:27 | 情况1:0 情况2:0 情况3:1 情况4:1
[2025-12-25 02:02:27] ============================================================
[2025-12-25 02:02:27] ⏳ 等待60秒后进行下一次采集...
[2025-12-25 02:03:27] ============================================================
[2025-12-25 02:03:27] 📸 开始采集支撑压力线快照
[2025-12-25 02:03:27] 📊 获取到 27 个币种的最新数据
[2025-12-25 02:03:27] 📈 情况1（接近支撑2）: 0 个币种
[2025-12-25 02:03:27] 📈 情况2（接近支撑1）: 0 个币种
[2025-12-25 02:03:27] 📉 情况3（接近压力2）: 1 个币种
[2025-12-25 02:03:27] 📉 情况4（接近压力1）: 1 个币种
[2025-12-25 02:03:27] ✅ 快照保存成功: 2025-12-25 10:03:27 | 情况1:0 情况2:0 情况3:1 情况4:1
[2025-12-25 02:03:27] ============================================================
[2025-12-25 02:03:27] ⏳ 等待60秒后进行下一次采集...
[2025-12-25 02:04:27] ============================================================
[2025-12-25 02:04:27] 📸 开始采集支撑压力线快照
[2025-12-25 02:04:27] 📊 获取到 27 个币种的最新数据
[2025-12-25 02:04:27] 📈 情况1（接近支撑2）: 0 个币种
[2025-12-25 02:04:27] 📈 情况2（接近支撑1）: 0 个币种
[2025-12-25 02:04:27] 📉 情况3（接近压力2）: 1 个币种
[2025-12-25 02:04:27] 📉 情况4（接近压力1）: 1 个币种
[2025-12-25 02:04:27] ✅ 快照保存成功: 2025-12-25 10:04:27 | 情况1:0 情况2:0 情况3:1 情况4:1
[2025-12-25 02:04:27] ============================================================
[2025-12-25 02:04:27] ⏳ 等待60秒后进行下一次采集...
[2025-12-25 02:05:27] ============================================================
[2025-12-25 02:05:27] 📸 开始采集支撑压力线快照
[2025-12-25 02:05:27] 📊 获取到 27 个币种的最新数据
[2025-12-25 02:05:27] 📈 情况1（接近支撑2）: 0 个币种
[2025-12-25 02:05:27] 📈 情况2（接近支撑1）: 0 个币种
[2025-12-25 02:05:27] 📉 情况3（接近压力2）: 1 个币种
[2025-12-25 02:05:27] 📉 情况4（接近压力1）: 1 个币种
[2025-12-25 02:05:27] ✅ 快照保存成功: 2025-12-25 10:05:27 | 情况1:0 情况2:0 情况3:1 情况4:1
[2025-12-25 02:05:27] ============================================================
[2025-12-25 02:05:27] ⏳ 等待60秒后进行下一次采集...
[2025-12-25 02:06:27] ============================================================
[2025-12-25 02:06:27] 📸 开始采集支撑压力线快照
[2025-12-25 02:06:27] 📊 获取到 27 个币种的最新数据
[2025-12-25 02:06:27] 📈 情况1（接近支撑2）: 0 个币种
[2025-12-25 02:06:27] 📈 情况2（接近支撑1）: 0 个币种
[2025-12-25 02:06:27] 📉 情况3（接近压力2）: 1 个币种
[2025-12-25 02:06:27] 📉 情况4（接近压力1）: 1 个币种
[2025-12-25 02:06:27] ✅ 快照保存成功: 2025-12-25 10:06:27 | 情况1:0 情况2:0 情况3:1 情况4:1
[2025-12-25 02:06:27] ============================================================
[2025-12-25 02:06:27] ⏳ 等待60秒后进行下一次采集...
[2025-12-25 02:07:27] ============================================================
[2025-12-25 02:07:27] 📸 开始采集支撑压力线快照
[2025-12-25 02:07:28] 📊 获取到 27 个币种的最新数据
[2025-12-25 02:07:28] 📈 情况1（接近支撑2）: 0 个币种
[2025-12-25 02:07:28] 📈 情况2（接近支撑1）: 0 个币种
[2025-12-25 02:07:28] 📉 情况3（接近压力2）: 0 个币种
[2025-12-25 02:07:28] 📉 情况4（接近压力1）: 0 个币种
[2025-12-25 02:07:28] ✅ 快照保存成功: 2025-12-25 10:07:28 | 情况1:0 情况2:0 情况3:0 情况4:0
[2025-12-25 02:07:28] ============================================================
[2025-12-25 02:07:28] ⏳ 等待60秒后进行下一次采集...
[2025-12-25 02:08:28] ============================================================
[2025-12-25 02:08:28] 📸 开始采集支撑压力线快照
[2025-12-25 02:08:28] 📊 获取到 27 个币种的最新数据
[2025-12-25 02:08:28] 📈 情况1（接近支撑2）: 0 个币种
[2025-12-25 02:08:28] 📈 情况2（接近支撑1）: 0 个币种
[2025-12-25 02:08:28] 📉 情况3（接近压力2）: 0 个币种
[2025-12-25 02:08:28] 📉 情况4（接近压力1）: 0 个币种
[2025-12-25 02:08:28] ✅ 快照保存成功: 2025-12-25 10:08:28 | 情况1:0 情况2:0 情况3:0 情况4:0
[2025-12-25 02:08:28] ============================================================
[2025-12-25 02:08:28] ⏳ 等待60秒后进行下一次采集...
