[2025-12-25 01:52:25] 🎯 支撑压力线采集器启动
[2025-12-25 01:52:25] 📊 监控币种数量: 27
[2025-12-25 01:52:25] ⏰ 采集间隔: 30秒
[2025-12-25 01:52:25] 📁 数据库路径: /home/user/webapp/crypto_data.db
[2025-12-25 01:52:25] 📈 数据来源: OKX API (1W K线 + 2D K线 + 实时价格)
[2025-12-25 01:52:25] ============================================================
[2025-12-25 01:52:25] 🚀 开始采集支撑压力线数据
[2025-12-25 01:52:25] 📊 [1/27] 正在处理 BTCUSDT...
[2025-12-25 01:52:26] ⚠️ 收到停止信号，正在退出...
[2025-12-25 01:52:26] 🎯 支撑压力线采集器启动
[2025-12-25 01:52:26] 📊 监控币种数量: 27
[2025-12-25 01:52:26] ⏰ 采集间隔: 30秒
[2025-12-25 01:52:26] 📁 数据库路径: /home/user/webapp/crypto_data.db
[2025-12-25 01:52:26] 📈 数据来源: OKX API (1W K线 + 2D K线 + 实时价格)
[2025-12-25 01:52:26] ============================================================
[2025-12-25 01:52:26] 🚀 开始采集支撑压力线数据
[2025-12-25 01:52:26] 📊 [1/27] 正在处理 BTCUSDT...
[2025-12-25 01:52:27] ✅ 创建 BTCUSDT 今日基准价格: $87694.20
[2025-12-25 01:52:27] ✅ BTCUSDT 采集成功 | 当前价: $87694.20 | 支撑1: $86350.00 (1.56%) | 压力1: $90574.00 (3.28%)
[2025-12-25 01:52:27] 📊 [2/27] 正在处理 ETHUSDT...
[2025-12-25 01:52:28] ✅ 创建 ETHUSDT 今日基准价格: $2948.85
[2025-12-25 01:52:28] ✅ ETHUSDT 采集成功 | 当前价: $2948.85 | 支撑1: $2886.13 (2.17%) | 压力1: $3077.16 (4.35%)
[2025-12-25 01:52:29] 📊 [3/27] 正在处理 XRPUSDT...
[2025-12-25 01:52:29] ✅ 创建 XRPUSDT 今日基准价格: $1.86
[2025-12-25 01:52:29] ✅ XRPUSDT 采集成功 | 当前价: $1.86 | 支撑1: $1.84 (1.56%) | 压力1: $1.95 (4.50%)
[2025-12-25 01:52:30] 📊 [4/27] 正在处理 BNBUSDT...
[2025-12-25 01:52:31] ✅ 创建 BNBUSDT 今日基准价格: $846.90
[2025-12-25 01:52:31] ✅ BNBUSDT 采集成功 | 当前价: $846.90 | 支撑1: $834.60 (1.47%) | 压力1: $870.80 (2.82%)
[2025-12-25 01:52:31] 📊 [5/27] 正在处理 SOLUSDT...
[2025-12-25 01:52:32] ✅ 创建 SOLUSDT 今日基准价格: $122.59
[2025-12-25 01:52:32] ✅ SOLUSDT 采集成功 | 当前价: $122.59 | 支撑1: $120.52 (1.72%) | 压力1: $128.72 (5.00%)
[2025-12-25 01:52:32] 📊 [6/27] 正在处理 LTCUSDT...
[2025-12-25 01:52:33] ✅ 创建 LTCUSDT 今日基准价格: $75.96
[2025-12-25 01:52:33] ✅ LTCUSDT 采集成功 | 当前价: $75.96 | 支撑1: $75.15 (1.08%) | 压力1: $79.47 (4.62%)
[2025-12-25 01:52:33] 📊 [7/27] 正在处理 DOGEUSDT...
[2025-12-25 01:52:34] ✅ 创建 DOGEUSDT 今日基准价格: $0.13
[2025-12-25 01:52:34] ✅ DOGEUSDT 采集成功 | 当前价: $0.13 | 支撑1: $0.13 (1.76%) | 压力1: $0.14 (5.26%)
[2025-12-25 01:52:35] 📊 [8/27] 正在处理 SUIUSDT...
[2025-12-25 01:52:35] ✅ 创建 SUIUSDT 今日基准价格: $1.42
[2025-12-25 01:52:35] ✅ SUIUSDT 采集成功 | 当前价: $1.42 | 支撑1: $1.39 (2.01%) | 压力1: $1.49 (5.39%)
[2025-12-25 01:52:36] 📊 [9/27] 正在处理 TRXUSDT...
[2025-12-25 01:52:37] ✅ 创建 TRXUSDT 今日基准价格: $0.28
[2025-12-25 01:52:37] ✅ TRXUSDT 采集成功 | 当前价: $0.28 | 支撑1: $0.28 (0.60%) | 压力1: $0.29 (3.03%)
[2025-12-25 01:52:37] 📊 [10/27] 正在处理 TONUSDT...
[2025-12-25 01:52:38] ✅ 创建 TONUSDT 今日基准价格: $1.50
[2025-12-25 01:52:38] ✅ TONUSDT 采集成功 | 当前价: $1.50 | 支撑1: $1.43 (4.55%) | 压力1: $1.50 (0.20%)
[2025-12-25 01:52:38] 📊 [11/27] 正在处理 ETCUSDT...
[2025-12-25 01:52:39] ✅ 创建 ETCUSDT 今日基准价格: $12.04
[2025-12-25 01:52:39] ✅ ETCUSDT 采集成功 | 当前价: $12.04 | 支撑1: $11.78 (2.21%) | 压力1: $12.49 (3.74%)
[2025-12-25 01:52:40] 📊 [12/27] 正在处理 BCHUSDT...
[2025-12-25 01:52:40] ✅ 创建 BCHUSDT 今日基准价格: $568.40
[2025-12-25 01:52:40] ✅ BCHUSDT 采集成功 | 当前价: $568.40 | 支撑1: $563.10 (0.94%) | 压力1: $598.00 (5.21%)
[2025-12-25 01:52:41] 📊 [13/27] 正在处理 HBARUSDT...
[2025-12-25 01:52:42] ✅ 创建 HBARUSDT 今日基准价格: $0.11
[2025-12-25 01:52:42] ✅ HBARUSDT 采集成功 | 当前价: $0.11 | 支撑1: $0.11 (1.41%) | 压力1: $0.12 (6.51%)
[2025-12-25 01:52:42] 📊 [14/27] 正在处理 XLMUSDT...
[2025-12-25 01:52:43] ✅ 创建 XLMUSDT 今日基准价格: $0.21
[2025-12-25 01:52:43] ✅ XLMUSDT 采集成功 | 当前价: $0.21 | 支撑1: $0.21 (0.71%) | 压力1: $0.23 (6.41%)
[2025-12-25 01:52:43] 📊 [15/27] 正在处理 FILUSDT...
[2025-12-25 01:52:44] ✅ 创建 FILUSDT 今日基准价格: $1.27
[2025-12-25 01:52:44] ✅ FILUSDT 采集成功 | 当前价: $1.27 | 支撑1: $1.25 (1.27%) | 压力1: $1.35 (6.37%)
[2025-12-25 01:52:44] 📊 [16/27] 正在处理 LINKUSDT...
[2025-12-25 01:52:45] ✅ 创建 LINKUSDT 今日基准价格: $12.29
[2025-12-25 01:52:45] ✅ LINKUSDT 采集成功 | 当前价: $12.29 | 支撑1: $11.99 (2.43%) | 压力1: $12.95 (5.43%)
[2025-12-25 01:52:46] 📊 [17/27] 正在处理 CROUSDT...
[2025-12-25 01:52:46] ✅ 创建 CROUSDT 今日基准价格: $0.09
[2025-12-25 01:52:46] ✅ CROUSDT 采集成功 | 当前价: $0.09 | 支撑1: $0.09 (1.11%) | 压力1: $0.10 (4.71%)
[2025-12-25 01:52:47] 📊 [18/27] 正在处理 DOTUSDT...
[2025-12-25 01:52:48] ✅ 创建 DOTUSDT 今日基准价格: $1.74
[2025-12-25 01:52:48] ✅ DOTUSDT 采集成功 | 当前价: $1.74 | 支撑1: $1.70 (2.17%) | 压力1: $1.85 (6.32%)
[2025-12-25 01:52:48] 📊 [19/27] 正在处理 AAVEUSDT...
[2025-12-25 01:52:49] ✅ 创建 AAVEUSDT 今日基准价格: $149.77
[2025-12-25 01:52:49] ✅ AAVEUSDT 采集成功 | 当前价: $149.77 | 支撑1: $146.30 (2.37%) | 压力1: $177.12 (18.26%)
[2025-12-25 01:52:49] 📊 [20/27] 正在处理 UNIUSDT...
[2025-12-25 01:52:50] ✅ 创建 UNIUSDT 今日基准价格: $5.84
[2025-12-25 01:52:50] ✅ UNIUSDT 采集成功 | 当前价: $5.84 | 支撑1: $5.59 (4.48%) | 压力1: $6.41 (9.80%)
[2025-12-25 01:52:50] 📊 [21/27] 正在处理 NEARUSDT...
[2025-12-25 01:52:51] ✅ 创建 NEARUSDT 今日基准价格: $1.46
[2025-12-25 01:52:51] ✅ NEARUSDT 采集成功 | 当前价: $1.46 | 支撑1: $1.43 (2.16%) | 压力1: $1.58 (8.27%)
[2025-12-25 01:52:52] 📊 [22/27] 正在处理 APTUSDT...
[2025-12-25 01:52:52] ✅ 创建 APTUSDT 今日基准价格: $1.63
[2025-12-25 01:52:52] ✅ APTUSDT 采集成功 | 当前价: $1.63 | 支撑1: $1.55 (5.24%) | 压力1: $1.67 (2.40%)
[2025-12-25 01:52:53] 📊 [23/27] 正在处理 CFXUSDT...
[2025-12-25 01:52:54] ✅ 创建 CFXUSDT 今日基准价格: $0.08
[2025-12-25 01:52:54] ✅ CFXUSDT 采集成功 | 当前价: $0.08 | 支撑1: $0.07 (10.96%) | 压力1: $0.08 (4.51%)
[2025-12-25 01:52:54] 📊 [24/27] 正在处理 CRVUSDT...
[2025-12-25 01:52:55] ✅ 创建 CRVUSDT 今日基准价格: $0.38
[2025-12-25 01:52:55] ✅ CRVUSDT 采集成功 | 当前价: $0.38 | 支撑1: $0.34 (11.52%) | 压力1: $0.39 (1.53%)
[2025-12-25 01:52:55] 📊 [25/27] 正在处理 STXUSDT...
[2025-12-25 01:52:56] ✅ 创建 STXUSDT 今日基准价格: $0.25
[2025-12-25 01:52:56] ✅ STXUSDT 采集成功 | 当前价: $0.25 | 支撑1: $0.24 (5.59%) | 压力1: $0.26 (2.37%)
[2025-12-25 01:52:57] 📊 [26/27] 正在处理 LDOUSDT...
[2025-12-25 01:52:57] ✅ 创建 LDOUSDT 今日基准价格: $0.54
[2025-12-25 01:52:57] ✅ LDOUSDT 采集成功 | 当前价: $0.54 | 支撑1: $0.51 (5.02%) | 压力1: $0.56 (3.09%)
[2025-12-25 01:52:58] 📊 [27/27] 正在处理 TAOUSDT...
[2025-12-25 01:52:59] ✅ 创建 TAOUSDT 今日基准价格: $219.10
[2025-12-25 01:52:59] ✅ TAOUSDT 采集成功 | 当前价: $219.10 | 支撑1: $206.10 (6.31%) | 压力1: $231.20 (5.52%)
[2025-12-25 01:52:59] ✅ 采集完成! 成功: 27, 失败: 0
[2025-12-25 01:52:59] ============================================================
[2025-12-25 01:52:59] ⏳ 等待30秒后进行下一次采集...
[2025-12-25 01:53:29] ============================================================
[2025-12-25 01:53:29] 🚀 开始采集支撑压力线数据
[2025-12-25 01:53:29] 📊 [1/27] 正在处理 BTCUSDT...
[2025-12-25 01:53:30] ✅ BTCUSDT 采集成功 | 当前价: $87676.20 | 支撑1: $86350.00 (1.54%) | 压力1: $90574.00 (3.31%)
[2025-12-25 01:53:30] 📊 [2/27] 正在处理 ETHUSDT...
[2025-12-25 01:53:31] ✅ ETHUSDT 采集成功 | 当前价: $2948.18 | 支撑1: $2886.13 (2.15%) | 压力1: $3077.16 (4.37%)
[2025-12-25 01:53:31] 📊 [3/27] 正在处理 XRPUSDT...
[2025-12-25 01:53:32] ✅ XRPUSDT 采集成功 | 当前价: $1.86 | 支撑1: $1.84 (1.57%) | 压力1: $1.95 (4.49%)
[2025-12-25 01:53:33] 📊 [4/27] 正在处理 BNBUSDT...
[2025-12-25 01:53:33] ✅ BNBUSDT 采集成功 | 当前价: $846.80 | 支撑1: $834.60 (1.46%) | 压力1: $870.80 (2.83%)
[2025-12-25 01:53:34] 📊 [5/27] 正在处理 SOLUSDT...
[2025-12-25 01:53:35] ✅ SOLUSDT 采集成功 | 当前价: $122.59 | 支撑1: $120.52 (1.72%) | 压力1: $128.72 (5.00%)
[2025-12-25 01:53:35] 📊 [6/27] 正在处理 LTCUSDT...
[2025-12-25 01:53:36] ✅ LTCUSDT 采集成功 | 当前价: $75.91 | 支撑1: $75.15 (1.01%) | 压力1: $79.47 (4.69%)
[2025-12-25 01:53:36] 📊 [7/27] 正在处理 DOGEUSDT...
[2025-12-25 01:53:37] ✅ DOGEUSDT 采集成功 | 当前价: $0.13 | 支撑1: $0.13 (1.74%) | 压力1: $0.14 (5.29%)
[2025-12-25 01:53:38] 📊 [8/27] 正在处理 SUIUSDT...
[2025-12-25 01:53:38] ✅ SUIUSDT 采集成功 | 当前价: $1.41 | 支撑1: $1.39 (1.98%) | 压力1: $1.49 (5.42%)
[2025-12-25 01:53:39] 📊 [9/27] 正在处理 TRXUSDT...
[2025-12-25 01:53:39] ✅ TRXUSDT 采集成功 | 当前价: $0.28 | 支撑1: $0.28 (0.59%) | 压力1: $0.29 (3.04%)
[2025-12-25 01:53:40] 📊 [10/27] 正在处理 TONUSDT...
[2025-12-25 01:53:41] ✅ TONUSDT 采集成功 | 当前价: $1.49 | 支撑1: $1.43 (4.48%) | 压力1: $1.50 (0.27%)
[2025-12-25 01:53:41] 📊 [11/27] 正在处理 ETCUSDT...
[2025-12-25 01:53:42] ✅ ETCUSDT 采集成功 | 当前价: $12.02 | 支撑1: $11.78 (2.04%) | 压力1: $12.49 (3.91%)
[2025-12-25 01:53:42] 📊 [12/27] 正在处理 BCHUSDT...
[2025-12-25 01:53:43] ✅ BCHUSDT 采集成功 | 当前价: $568.10 | 支撑1: $563.10 (0.89%) | 压力1: $598.00 (5.26%)
[2025-12-25 01:53:44] 📊 [13/27] 正在处理 HBARUSDT...
[2025-12-25 01:53:44] ✅ HBARUSDT 采集成功 | 当前价: $0.11 | 支撑1: $0.11 (1.34%) | 压力1: $0.12 (6.58%)
[2025-12-25 01:53:45] 📊 [14/27] 正在处理 XLMUSDT...
[2025-12-25 01:53:46] ✅ XLMUSDT 采集成功 | 当前价: $0.21 | 支撑1: $0.21 (0.67%) | 压力1: $0.23 (6.45%)
[2025-12-25 01:53:46] 📊 [15/27] 正在处理 FILUSDT...
[2025-12-25 01:53:47] ✅ FILUSDT 采集成功 | 当前价: $1.27 | 支撑1: $1.25 (1.27%) | 压力1: $1.35 (6.37%)
[2025-12-25 01:53:47] 📊 [16/27] 正在处理 LINKUSDT...
[2025-12-25 01:53:48] ✅ LINKUSDT 采集成功 | 当前价: $12.29 | 支撑1: $11.99 (2.45%) | 压力1: $12.95 (5.40%)
[2025-12-25 01:53:49] 📊 [17/27] 正在处理 CROUSDT...
[2025-12-25 01:53:49] ✅ CROUSDT 采集成功 | 当前价: $0.09 | 支撑1: $0.09 (1.10%) | 压力1: $0.10 (4.72%)
[2025-12-25 01:53:50] 📊 [18/27] 正在处理 DOTUSDT...
[2025-12-25 01:53:51] ✅ DOTUSDT 采集成功 | 当前价: $1.74 | 支撑1: $1.70 (2.11%) | 压力1: $1.85 (6.38%)
[2025-12-25 01:53:51] 📊 [19/27] 正在处理 AAVEUSDT...
[2025-12-25 01:53:52] ✅ AAVEUSDT 采集成功 | 当前价: $149.83 | 支撑1: $146.30 (2.41%) | 压力1: $177.12 (18.21%)
[2025-12-25 01:53:52] 📊 [20/27] 正在处理 UNIUSDT...
[2025-12-25 01:53:53] ✅ UNIUSDT 采集成功 | 当前价: $5.83 | 支撑1: $5.59 (4.46%) | 压力1: $6.41 (9.82%)
[2025-12-25 01:53:54] 📊 [21/27] 正在处理 NEARUSDT...
[2025-12-25 01:53:54] ✅ NEARUSDT 采集成功 | 当前价: $1.46 | 支撑1: $1.43 (2.02%) | 压力1: $1.58 (8.41%)
[2025-12-25 01:53:55] 📊 [22/27] 正在处理 APTUSDT...
[2025-12-25 01:53:55] ✅ APTUSDT 采集成功 | 当前价: $1.63 | 支撑1: $1.55 (5.11%) | 压力1: $1.67 (2.52%)
[2025-12-25 01:53:56] 📊 [23/27] 正在处理 CFXUSDT...
[2025-12-25 01:53:57] ✅ CFXUSDT 采集成功 | 当前价: $0.08 | 支撑1: $0.07 (11.32%) | 压力1: $0.08 (4.18%)
[2025-12-25 01:53:57] 📊 [24/27] 正在处理 CRVUSDT...
[2025-12-25 01:53:58] ✅ CRVUSDT 采集成功 | 当前价: $0.38 | 支撑1: $0.34 (11.43%) | 压力1: $0.39 (1.61%)
[2025-12-25 01:53:58] 📊 [25/27] 正在处理 STXUSDT...
[2025-12-25 01:53:59] ✅ STXUSDT 采集成功 | 当前价: $0.25 | 支撑1: $0.24 (5.55%) | 压力1: $0.26 (2.41%)
[2025-12-25 01:54:00] 📊 [26/27] 正在处理 LDOUSDT...
[2025-12-25 01:54:00] ✅ LDOUSDT 采集成功 | 当前价: $0.54 | 支撑1: $0.51 (5.00%) | 压力1: $0.56 (3.11%)
[2025-12-25 01:54:01] 📊 [27/27] 正在处理 TAOUSDT...
[2025-12-25 01:54:02] ✅ TAOUSDT 采集成功 | 当前价: $219.10 | 支撑1: $206.10 (6.31%) | 压力1: $231.20 (5.52%)
[2025-12-25 01:54:02] ✅ 采集完成! 成功: 27, 失败: 0
[2025-12-25 01:54:02] ============================================================
[2025-12-25 01:54:02] ⏳ 等待30秒后进行下一次采集...
[2025-12-25 01:54:32] ============================================================
[2025-12-25 01:54:32] 🚀 开始采集支撑压力线数据
[2025-12-25 01:54:32] 📊 [1/27] 正在处理 BTCUSDT...
[2025-12-25 01:54:33] ✅ BTCUSDT 采集成功 | 当前价: $87652.70 | 支撑1: $86350.00 (1.51%) | 压力1: $90574.00 (3.33%)
[2025-12-25 01:54:33] 📊 [2/27] 正在处理 ETHUSDT...
[2025-12-25 01:54:34] ✅ ETHUSDT 采集成功 | 当前价: $2947.22 | 支撑1: $2886.13 (2.12%) | 压力1: $3077.16 (4.41%)
[2025-12-25 01:54:34] 📊 [3/27] 正在处理 XRPUSDT...
[2025-12-25 01:54:35] ✅ XRPUSDT 采集成功 | 当前价: $1.86 | 支撑1: $1.84 (1.55%) | 压力1: $1.95 (4.51%)
[2025-12-25 01:54:36] 📊 [4/27] 正在处理 BNBUSDT...
[2025-12-25 01:54:36] ✅ BNBUSDT 采集成功 | 当前价: $846.60 | 支撑1: $834.60 (1.44%) | 压力1: $870.80 (2.86%)
[2025-12-25 01:54:37] 📊 [5/27] 正在处理 SOLUSDT...
[2025-12-25 01:54:38] ✅ SOLUSDT 采集成功 | 当前价: $122.58 | 支撑1: $120.52 (1.71%) | 压力1: $128.72 (5.01%)
[2025-12-25 01:54:38] 📊 [6/27] 正在处理 LTCUSDT...
[2025-12-25 01:54:39] ✅ LTCUSDT 采集成功 | 当前价: $75.90 | 支撑1: $75.15 (1.00%) | 压力1: $79.47 (4.70%)
[2025-12-25 01:54:39] 📊 [7/27] 正在处理 DOGEUSDT...
[2025-12-25 01:54:40] ✅ DOGEUSDT 采集成功 | 当前价: $0.13 | 支撑1: $0.13 (1.74%) | 压力1: $0.14 (5.29%)
[2025-12-25 01:54:40] 📊 [8/27] 正在处理 SUIUSDT...
[2025-12-25 01:54:41] ✅ SUIUSDT 采集成功 | 当前价: $1.41 | 支撑1: $1.39 (1.96%) | 压力1: $1.49 (5.44%)
[2025-12-25 01:54:42] 📊 [9/27] 正在处理 TRXUSDT...
[2025-12-25 01:54:42] ✅ TRXUSDT 采集成功 | 当前价: $0.28 | 支撑1: $0.28 (0.59%) | 压力1: $0.29 (3.04%)
[2025-12-25 01:54:43] 📊 [10/27] 正在处理 TONUSDT...
[2025-12-25 01:54:44] ✅ TONUSDT 采集成功 | 当前价: $1.49 | 支撑1: $1.43 (4.48%) | 压力1: $1.50 (0.27%)
[2025-12-25 01:54:44] 📊 [11/27] 正在处理 ETCUSDT...
[2025-12-25 01:54:45] ✅ ETCUSDT 采集成功 | 当前价: $12.01 | 支撑1: $11.78 (1.95%) | 压力1: $12.49 (4.00%)
[2025-12-25 01:54:45] 📊 [12/27] 正在处理 BCHUSDT...
[2025-12-25 01:54:46] ✅ BCHUSDT 采集成功 | 当前价: $568.10 | 支撑1: $563.10 (0.89%) | 压力1: $598.00 (5.26%)
[2025-12-25 01:54:47] 📊 [13/27] 正在处理 HBARUSDT...
[2025-12-25 01:54:47] ✅ HBARUSDT 采集成功 | 当前价: $0.11 | 支撑1: $0.11 (1.25%) | 压力1: $0.12 (6.68%)
[2025-12-25 01:54:48] 📊 [14/27] 正在处理 XLMUSDT...
[2025-12-25 01:54:49] ✅ XLMUSDT 采集成功 | 当前价: $0.21 | 支撑1: $0.21 (0.66%) | 压力1: $0.23 (6.46%)
[2025-12-25 01:54:49] 📊 [15/27] 正在处理 FILUSDT...
[2025-12-25 01:54:50] ✅ FILUSDT 采集成功 | 当前价: $1.27 | 支撑1: $1.25 (1.35%) | 压力1: $1.35 (6.29%)
[2025-12-25 01:54:50] 📊 [16/27] 正在处理 LINKUSDT...
[2025-12-25 01:54:51] ✅ LINKUSDT 采集成功 | 当前价: $12.28 | 支撑1: $11.99 (2.38%) | 压力1: $12.95 (5.48%)
[2025-12-25 01:54:52] 📊 [17/27] 正在处理 CROUSDT...
[2025-12-25 01:54:52] ✅ CROUSDT 采集成功 | 当前价: $0.09 | 支撑1: $0.09 (1.07%) | 压力1: $0.10 (4.74%)
[2025-12-25 01:54:53] 📊 [18/27] 正在处理 DOTUSDT...
[2025-12-25 01:54:53] ✅ DOTUSDT 采集成功 | 当前价: $1.74 | 支撑1: $1.70 (2.05%) | 压力1: $1.85 (6.44%)
[2025-12-25 01:54:54] 📊 [19/27] 正在处理 AAVEUSDT...
[2025-12-25 01:54:55] ✅ AAVEUSDT 采集成功 | 当前价: $149.68 | 支撑1: $146.30 (2.31%) | 压力1: $177.12 (18.33%)
[2025-12-25 01:54:55] 📊 [20/27] 正在处理 UNIUSDT...
[2025-12-25 01:54:56] ✅ UNIUSDT 采集成功 | 当前价: $5.83 | 支撑1: $5.59 (4.37%) | 压力1: $6.41 (9.91%)
[2025-12-25 01:54:56] 📊 [21/27] 正在处理 NEARUSDT...
[2025-12-25 01:54:57] ✅ NEARUSDT 采集成功 | 当前价: $1.46 | 支撑1: $1.43 (1.95%) | 压力1: $1.58 (8.49%)
[2025-12-25 01:54:58] 📊 [22/27] 正在处理 APTUSDT...
[2025-12-25 01:54:58] ✅ APTUSDT 采集成功 | 当前价: $1.63 | 支撑1: $1.55 (5.11%) | 压力1: $1.67 (2.52%)
[2025-12-25 01:54:59] 📊 [23/27] 正在处理 CFXUSDT...
[2025-12-25 01:55:00] ✅ CFXUSDT 采集成功 | 当前价: $0.08 | 支撑1: $0.07 (11.10%) | 压力1: $0.08 (4.38%)
[2025-12-25 01:55:00] 📊 [24/27] 正在处理 CRVUSDT...
[2025-12-25 01:55:01] ✅ CRVUSDT 采集成功 | 当前价: $0.38 | 支撑1: $0.34 (11.38%) | 压力1: $0.39 (1.66%)
[2025-12-25 01:55:01] 📊 [25/27] 正在处理 STXUSDT...
[2025-12-25 01:55:02] ✅ STXUSDT 采集成功 | 当前价: $0.25 | 支撑1: $0.24 (5.50%) | 压力1: $0.26 (2.45%)
[2025-12-25 01:55:02] 📊 [26/27] 正在处理 LDOUSDT...
[2025-12-25 01:55:03] ✅ LDOUSDT 采集成功 | 当前价: $0.54 | 支撑1: $0.51 (4.98%) | 压力1: $0.56 (3.13%)
[2025-12-25 01:55:04] 📊 [27/27] 正在处理 TAOUSDT...
[2025-12-25 01:55:04] ✅ TAOUSDT 采集成功 | 当前价: $218.80 | 支撑1: $206.10 (6.16%) | 压力1: $231.20 (5.67%)
[2025-12-25 01:55:05] ✅ 采集完成! 成功: 27, 失败: 0
[2025-12-25 01:55:05] ============================================================
[2025-12-25 01:55:05] ⏳ 等待30秒后进行下一次采集...
[2025-12-25 01:55:35] ============================================================
[2025-12-25 01:55:35] 🚀 开始采集支撑压力线数据
[2025-12-25 01:55:35] 📊 [1/27] 正在处理 BTCUSDT...
[2025-12-25 01:55:36] ✅ BTCUSDT 采集成功 | 当前价: $87652.80 | 支撑1: $86350.00 (1.51%) | 压力1: $90574.00 (3.33%)
[2025-12-25 01:55:36] 📊 [2/27] 正在处理 ETHUSDT...
[2025-12-25 01:55:37] ✅ ETHUSDT 采集成功 | 当前价: $2946.97 | 支撑1: $2886.13 (2.11%) | 压力1: $3077.16 (4.42%)
[2025-12-25 01:55:37] 📊 [3/27] 正在处理 XRPUSDT...
[2025-12-25 01:55:38] ✅ XRPUSDT 采集成功 | 当前价: $1.86 | 支撑1: $1.84 (1.54%) | 压力1: $1.95 (4.52%)
[2025-12-25 01:55:39] 📊 [4/27] 正在处理 BNBUSDT...
[2025-12-25 01:55:39] ✅ BNBUSDT 采集成功 | 当前价: $846.60 | 支撑1: $834.60 (1.44%) | 压力1: $870.80 (2.86%)
[2025-12-25 01:55:40] 📊 [5/27] 正在处理 SOLUSDT...
[2025-12-25 01:55:40] ✅ SOLUSDT 采集成功 | 当前价: $122.60 | 支撑1: $120.52 (1.73%) | 压力1: $128.72 (4.99%)
[2025-12-25 01:55:41] 📊 [6/27] 正在处理 LTCUSDT...
[2025-12-25 01:55:42] ✅ LTCUSDT 采集成功 | 当前价: $75.92 | 支撑1: $75.15 (1.02%) | 压力1: $79.47 (4.68%)
[2025-12-25 01:55:42] 📊 [7/27] 正在处理 DOGEUSDT...
[2025-12-25 01:55:43] ✅ DOGEUSDT 采集成功 | 当前价: $0.13 | 支撑1: $0.13 (1.73%) | 压力1: $0.14 (5.30%)
[2025-12-25 01:55:43] 📊 [8/27] 正在处理 SUIUSDT...
[2025-12-25 01:55:44] ✅ SUIUSDT 采集成功 | 当前价: $1.41 | 支撑1: $1.39 (1.95%) | 压力1: $1.49 (5.46%)
[2025-12-25 01:55:45] 📊 [9/27] 正在处理 TRXUSDT...
[2025-12-25 01:55:45] ✅ TRXUSDT 采集成功 | 当前价: $0.28 | 支撑1: $0.28 (0.58%) | 压力1: $0.29 (3.05%)
[2025-12-25 01:55:46] 📊 [10/27] 正在处理 TONUSDT...
[2025-12-25 01:55:47] ✅ TONUSDT 采集成功 | 当前价: $1.50 | 支撑1: $1.43 (4.55%) | 压力1: $1.50 (0.20%)
[2025-12-25 01:55:47] 📊 [11/27] 正在处理 ETCUSDT...
[2025-12-25 01:55:48] ✅ ETCUSDT 采集成功 | 当前价: $12.01 | 支撑1: $11.78 (1.95%) | 压力1: $12.49 (4.00%)
[2025-12-25 01:55:48] 📊 [12/27] 正在处理 BCHUSDT...
[2025-12-25 01:55:49] ✅ BCHUSDT 采集成功 | 当前价: $568.00 | 支撑1: $563.10 (0.87%) | 压力1: $598.00 (5.28%)
[2025-12-25 01:55:50] 📊 [13/27] 正在处理 HBARUSDT...
[2025-12-25 01:55:50] ✅ HBARUSDT 采集成功 | 当前价: $0.11 | 支撑1: $0.11 (1.24%) | 压力1: $0.12 (6.69%)
[2025-12-25 01:55:51] 📊 [14/27] 正在处理 XLMUSDT...
[2025-12-25 01:55:52] ✅ XLMUSDT 采集成功 | 当前价: $0.21 | 支撑1: $0.21 (0.64%) | 压力1: $0.23 (6.48%)
[2025-12-25 01:55:52] 📊 [15/27] 正在处理 FILUSDT...
[2025-12-25 01:55:53] ✅ FILUSDT 采集成功 | 当前价: $1.27 | 支撑1: $1.25 (1.20%) | 压力1: $1.35 (6.46%)
[2025-12-25 01:55:53] 📊 [16/27] 正在处理 LINKUSDT...
[2025-12-25 01:55:54] ✅ LINKUSDT 采集成功 | 当前价: $12.28 | 支撑1: $11.99 (2.38%) | 压力1: $12.95 (5.48%)
[2025-12-25 01:55:54] 📊 [17/27] 正在处理 CROUSDT...
[2025-12-25 01:55:55] ✅ CROUSDT 采集成功 | 当前价: $0.09 | 支撑1: $0.09 (1.03%) | 压力1: $0.10 (4.79%)
[2025-12-25 01:55:56] 📊 [18/27] 正在处理 DOTUSDT...
[2025-12-25 01:55:56] ✅ DOTUSDT 采集成功 | 当前价: $1.74 | 支撑1: $1.70 (2.05%) | 压力1: $1.85 (6.44%)
[2025-12-25 01:55:57] 📊 [19/27] 正在处理 AAVEUSDT...
[2025-12-25 01:55:58] ✅ AAVEUSDT 采集成功 | 当前价: $149.38 | 支撑1: $146.30 (2.11%) | 压力1: $177.12 (18.57%)
[2025-12-25 01:55:58] 📊 [20/27] 正在处理 UNIUSDT...
[2025-12-25 01:55:59] ✅ UNIUSDT 采集成功 | 当前价: $5.83 | 支撑1: $5.59 (4.37%) | 压力1: $6.41 (9.91%)
[2025-12-25 01:55:59] 📊 [21/27] 正在处理 NEARUSDT...
[2025-12-25 01:56:00] ✅ NEARUSDT 采集成功 | 当前价: $1.46 | 支撑1: $1.43 (2.02%) | 压力1: $1.58 (8.41%)
[2025-12-25 01:56:01] 📊 [22/27] 正在处理 APTUSDT...
[2025-12-25 01:56:01] ✅ APTUSDT 采集成功 | 当前价: $1.63 | 支撑1: $1.55 (5.11%) | 压力1: $1.67 (2.52%)
[2025-12-25 01:56:02] 📊 [23/27] 正在处理 CFXUSDT...
[2025-12-25 01:56:03] ✅ CFXUSDT 采集成功 | 当前价: $0.08 | 支撑1: $0.07 (11.08%) | 压力1: $0.08 (4.40%)
[2025-12-25 01:56:03] 📊 [24/27] 正在处理 CRVUSDT...
[2025-12-25 01:56:04] ✅ CRVUSDT 采集成功 | 当前价: $0.38 | 支撑1: $0.34 (11.41%) | 压力1: $0.39 (1.64%)
[2025-12-25 01:56:04] 📊 [25/27] 正在处理 STXUSDT...
[2025-12-25 01:56:05] ✅ STXUSDT 采集成功 | 当前价: $0.25 | 支撑1: $0.24 (5.55%) | 压力1: $0.26 (2.41%)
[2025-12-25 01:56:05] 📊 [26/27] 正在处理 LDOUSDT...
[2025-12-25 01:56:06] ✅ LDOUSDT 采集成功 | 当前价: $0.54 | 支撑1: $0.51 (5.04%) | 压力1: $0.56 (3.07%)
[2025-12-25 01:56:07] 📊 [27/27] 正在处理 TAOUSDT...
[2025-12-25 01:56:07] ✅ TAOUSDT 采集成功 | 当前价: $218.80 | 支撑1: $206.10 (6.16%) | 压力1: $231.20 (5.67%)
[2025-12-25 01:56:08] ✅ 采集完成! 成功: 27, 失败: 0
[2025-12-25 01:56:08] ============================================================
[2025-12-25 01:56:08] ⏳ 等待30秒后进行下一次采集...
[2025-12-25 01:56:38] ============================================================
[2025-12-25 01:56:38] 🚀 开始采集支撑压力线数据
[2025-12-25 01:56:38] 📊 [1/27] 正在处理 BTCUSDT...
[2025-12-25 01:56:39] ✅ BTCUSDT 采集成功 | 当前价: $87652.80 | 支撑1: $86350.00 (1.51%) | 压力1: $90574.00 (3.33%)
[2025-12-25 01:56:39] 📊 [2/27] 正在处理 ETHUSDT...
[2025-12-25 01:56:40] ✅ ETHUSDT 采集成功 | 当前价: $2947.40 | 支撑1: $2886.13 (2.12%) | 压力1: $3077.16 (4.40%)
[2025-12-25 01:56:40] 📊 [3/27] 正在处理 XRPUSDT...
[2025-12-25 01:56:41] ✅ XRPUSDT 采集成功 | 当前价: $1.86 | 支撑1: $1.84 (1.57%) | 压力1: $1.95 (4.49%)
[2025-12-25 01:56:42] 📊 [4/27] 正在处理 BNBUSDT...
[2025-12-25 01:56:42] ✅ BNBUSDT 采集成功 | 当前价: $846.60 | 支撑1: $834.60 (1.44%) | 压力1: $870.80 (2.86%)
[2025-12-25 01:56:43] 📊 [5/27] 正在处理 SOLUSDT...
[2025-12-25 01:56:43] ✅ SOLUSDT 采集成功 | 当前价: $122.68 | 支撑1: $120.52 (1.79%) | 压力1: $128.72 (4.92%)
[2025-12-25 01:56:44] 📊 [6/27] 正在处理 LTCUSDT...
[2025-12-25 01:56:44] ⚠️ LTCUSDT 无法获取当前价格
