2025-12-25 01:52:25,928 - INFO - 🚀 V1V2成交额采集器启动
2025-12-25 01:52:25,928 - INFO - ✅ 从设置文件加载配置成功
2025-12-25 01:52:25,929 - INFO - 📊 监控币种: 27 个
2025-12-25 01:52:25,929 - INFO - ⏰ 采集间隔: 30 秒
2025-12-25 01:52:25,929 - INFO - 📈 K线周期: 5 分钟
2025-12-25 01:52:25,932 - INFO - ✅ 数据库初始化完成
2025-12-25 01:52:25,934 - INFO - ============================================================
2025-12-25 01:52:25,934 - INFO - 🔄 开始新一轮数据采集
2025-12-25 01:52:26,386 - INFO - 🚀 V1V2成交额采集器启动
2025-12-25 01:52:26,387 - INFO - ✅ 从设置文件加载配置成功
2025-12-25 01:52:26,387 - INFO - 📊 监控币种: 27 个
2025-12-25 01:52:26,387 - INFO - ⏰ 采集间隔: 30 秒
2025-12-25 01:52:26,387 - INFO - 📈 K线周期: 5 分钟
2025-12-25 01:52:26,388 - INFO - ✅ 数据库初始化完成
2025-12-25 01:52:26,389 - INFO - ============================================================
2025-12-25 01:52:26,389 - INFO - 🔄 开始新一轮数据采集
2025-12-25 01:52:26,610 - INFO - ✅ BTC: 成交额 $2,300,691.47 USDT
2025-12-25 01:52:26,613 - INFO - 💾 BTC: 数据已保存 - V1 ($2,300,691.47)
2025-12-25 01:52:27,338 - INFO - ✅ ETH: 成交额 $5,470,238.51 USDT
2025-12-25 01:52:27,341 - INFO - 💾 ETH: 数据已保存 - V1 ($5,470,238.51)
2025-12-25 01:52:28,088 - INFO - ✅ XRP: 成交额 $80,933.56 USDT
2025-12-25 01:52:28,091 - INFO - 💾 XRP: 数据已保存 - NONE ($80,933.56)
2025-12-25 01:52:28,832 - INFO - ✅ SOL: 成交额 $877,114.37 USDT
2025-12-25 01:52:28,834 - INFO - 💾 SOL: 数据已保存 - V1 ($877,114.37)
2025-12-25 01:52:29,577 - INFO - ✅ BNB: 成交额 $9,232.24 USDT
2025-12-25 01:52:29,580 - INFO - 💾 BNB: 数据已保存 - NONE ($9,232.24)
2025-12-25 01:52:30,314 - INFO - ✅ LTC: 成交额 $71,669.61 USDT
2025-12-25 01:52:30,316 - INFO - 💾 LTC: 数据已保存 - V1 ($71,669.61)
2025-12-25 01:52:31,049 - INFO - ✅ DOGE: 成交额 $239,380.33 USDT
2025-12-25 01:52:31,052 - INFO - 💾 DOGE: 数据已保存 - V1 ($239,380.33)
2025-12-25 01:52:31,790 - INFO - ✅ SUI: 成交额 $42,889.07 USDT
2025-12-25 01:52:31,793 - INFO - 💾 SUI: 数据已保存 - NONE ($42,889.07)
2025-12-25 01:52:32,528 - INFO - ✅ TRX: 成交额 $3,607.52 USDT
2025-12-25 01:52:32,531 - INFO - 💾 TRX: 数据已保存 - NONE ($3,607.52)
2025-12-25 01:52:33,273 - INFO - ✅ TON: 成交额 $895.49 USDT
2025-12-25 01:52:33,277 - INFO - 💾 TON: 数据已保存 - NONE ($895.49)
2025-12-25 01:52:34,010 - INFO - ✅ ETC: 成交额 $193.84 USDT
2025-12-25 01:52:34,013 - INFO - 💾 ETC: 数据已保存 - NONE ($193.84)
2025-12-25 01:52:34,751 - INFO - ✅ BCH: 成交额 $25,026.32 USDT
2025-12-25 01:52:34,754 - INFO - 💾 BCH: 数据已保存 - NONE ($25,026.32)
2025-12-25 01:52:35,485 - INFO - ✅ HBAR: 成交额 $11,141.95 USDT
2025-12-25 01:52:35,488 - INFO - 💾 HBAR: 数据已保存 - NONE ($11,141.95)
2025-12-25 01:52:36,219 - INFO - ✅ XLM: 成交额 $3,410.31 USDT
2025-12-25 01:52:36,222 - INFO - 💾 XLM: 数据已保存 - NONE ($3,410.31)
2025-12-25 01:52:36,956 - INFO - ✅ FIL: 成交额 $19,787.81 USDT
2025-12-25 01:52:36,959 - INFO - 💾 FIL: 数据已保存 - NONE ($19,787.81)
2025-12-25 01:52:37,687 - INFO - ✅ ADA: 成交额 $23,631.70 USDT
2025-12-25 01:52:37,690 - INFO - 💾 ADA: 数据已保存 - NONE ($23,631.70)
2025-12-25 01:52:38,438 - INFO - ✅ LINK: 成交额 $365,650.71 USDT
2025-12-25 01:52:38,441 - INFO - 💾 LINK: 数据已保存 - V1 ($365,650.71)
2025-12-25 01:52:39,175 - INFO - ✅ CRO: 成交额 $92.31 USDT
2025-12-25 01:52:39,177 - INFO - 💾 CRO: 数据已保存 - NONE ($92.31)
2025-12-25 01:52:39,917 - INFO - ✅ DOT: 成交额 $27,636.68 USDT
2025-12-25 01:52:39,919 - INFO - 💾 DOT: 数据已保存 - NONE ($27,636.68)
2025-12-25 01:52:40,660 - INFO - ✅ UNI: 成交额 $54,206.59 USDT
2025-12-25 01:52:40,663 - INFO - 💾 UNI: 数据已保存 - NONE ($54,206.59)
2025-12-25 01:52:41,400 - INFO - ✅ NEAR: 成交额 $43,503.87 USDT
2025-12-25 01:52:41,403 - INFO - 💾 NEAR: 数据已保存 - NONE ($43,503.87)
2025-12-25 01:52:42,132 - INFO - ✅ APT: 成交额 $8,879.05 USDT
2025-12-25 01:52:42,135 - INFO - 💾 APT: 数据已保存 - NONE ($8,879.05)
2025-12-25 01:52:42,862 - INFO - ✅ CFX: 成交额 $10,009.63 USDT
2025-12-25 01:52:42,865 - INFO - 💾 CFX: 数据已保存 - NONE ($10,009.63)
2025-12-25 01:52:43,596 - INFO - ✅ CRV: 成交额 $19,233.30 USDT
2025-12-25 01:52:43,599 - INFO - 💾 CRV: 数据已保存 - NONE ($19,233.30)
2025-12-25 01:52:44,457 - INFO - ✅ STX: 成交额 $75.32 USDT
2025-12-25 01:52:44,460 - INFO - 💾 STX: 数据已保存 - NONE ($75.32)
2025-12-25 01:52:45,188 - INFO - ✅ LDO: 成交额 $1,937.53 USDT
2025-12-25 01:52:45,190 - INFO - 💾 LDO: 数据已保存 - NONE ($1,937.53)
2025-12-25 01:52:45,919 - INFO - ✅ TAO: 成交额 $3,080.52 USDT
2025-12-25 01:52:45,921 - INFO - 💾 TAO: 数据已保存 - NONE ($3,080.52)
2025-12-25 01:52:46,424 - INFO - ✅ 本轮采集完成: 27/27 成功
2025-12-25 01:52:46,424 - INFO - ============================================================
2025-12-25 01:53:16,424 - INFO - 
🔄 第 2 轮采集
2025-12-25 01:53:16,425 - INFO - ============================================================
2025-12-25 01:53:16,425 - INFO - 🔄 开始新一轮数据采集
2025-12-25 01:53:16,658 - INFO - ✅ BTC: 成交额 $2,667,732.80 USDT
2025-12-25 01:53:16,661 - INFO - 🔄 BTC: 数据已更新 - V1 ($2,667,732.80)
2025-12-25 01:53:17,385 - INFO - ✅ ETH: 成交额 $5,905,964.32 USDT
2025-12-25 01:53:17,387 - INFO - 🔄 ETH: 数据已更新 - V1 ($5,905,964.32)
2025-12-25 01:53:18,125 - INFO - ✅ XRP: 成交额 $106,952.23 USDT
2025-12-25 01:53:18,128 - INFO - 🔄 XRP: 数据已更新 - V2 ($106,952.23)
2025-12-25 01:53:18,868 - INFO - ✅ SOL: 成交额 $1,170,432.17 USDT
2025-12-25 01:53:18,871 - INFO - 🔄 SOL: 数据已更新 - V1 ($1,170,432.17)
2025-12-25 01:53:19,604 - INFO - ✅ BNB: 成交额 $10,934.48 USDT
2025-12-25 01:53:19,607 - INFO - 🔄 BNB: 数据已更新 - NONE ($10,934.48)
2025-12-25 01:53:20,345 - INFO - ✅ LTC: 成交额 $86,196.12 USDT
2025-12-25 01:53:20,347 - INFO - 🔄 LTC: 数据已更新 - V1 ($86,196.12)
2025-12-25 01:53:21,081 - INFO - ✅ DOGE: 成交额 $265,023.65 USDT
2025-12-25 01:53:21,085 - INFO - 🔄 DOGE: 数据已更新 - V1 ($265,023.65)
2025-12-25 01:53:21,815 - INFO - ✅ SUI: 成交额 $44,586.96 USDT
2025-12-25 01:53:21,819 - INFO - 🔄 SUI: 数据已更新 - NONE ($44,586.96)
2025-12-25 01:53:22,557 - INFO - ✅ TRX: 成交额 $4,336.76 USDT
2025-12-25 01:53:22,561 - INFO - 🔄 TRX: 数据已更新 - NONE ($4,336.76)
2025-12-25 01:53:23,292 - INFO - ✅ TON: 成交额 $1,236.33 USDT
2025-12-25 01:53:23,295 - INFO - 🔄 TON: 数据已更新 - NONE ($1,236.33)
2025-12-25 01:53:24,021 - INFO - ✅ ETC: 成交额 $2,891.88 USDT
2025-12-25 01:53:24,024 - INFO - 🔄 ETC: 数据已更新 - V2 ($2,891.88)
2025-12-25 01:53:24,764 - INFO - ✅ BCH: 成交额 $76,346.26 USDT
2025-12-25 01:53:24,767 - INFO - 🔄 BCH: 数据已更新 - V2 ($76,346.26)
2025-12-25 01:53:25,496 - INFO - ✅ HBAR: 成交额 $12,360.60 USDT
2025-12-25 01:53:25,498 - INFO - 🔄 HBAR: 数据已更新 - NONE ($12,360.60)
2025-12-25 01:53:26,233 - INFO - ✅ XLM: 成交额 $10,985.97 USDT
2025-12-25 01:53:26,236 - INFO - 🔄 XLM: 数据已更新 - NONE ($10,985.97)
2025-12-25 01:53:26,995 - INFO - ✅ FIL: 成交额 $28,236.85 USDT
2025-12-25 01:53:26,997 - INFO - 🔄 FIL: 数据已更新 - NONE ($28,236.85)
2025-12-25 01:53:27,731 - INFO - ✅ ADA: 成交额 $32,278.94 USDT
2025-12-25 01:53:27,734 - INFO - 🔄 ADA: 数据已更新 - NONE ($32,278.94)
2025-12-25 01:53:28,472 - INFO - ✅ LINK: 成交额 $365,651.94 USDT
2025-12-25 01:53:28,475 - INFO - 🔄 LINK: 数据已更新 - V1 ($365,651.94)
2025-12-25 01:53:29,204 - INFO - ✅ CRO: 成交额 $92.31 USDT
2025-12-25 01:53:29,207 - INFO - 🔄 CRO: 数据已更新 - NONE ($92.31)
2025-12-25 01:53:29,932 - INFO - ✅ DOT: 成交额 $28,000.71 USDT
2025-12-25 01:53:29,935 - INFO - 🔄 DOT: 数据已更新 - NONE ($28,000.71)
2025-12-25 01:53:30,670 - INFO - ✅ UNI: 成交额 $70,721.46 USDT
2025-12-25 01:53:30,673 - INFO - 🔄 UNI: 数据已更新 - NONE ($70,721.46)
2025-12-25 01:53:31,417 - INFO - ✅ NEAR: 成交额 $51,093.23 USDT
2025-12-25 01:53:31,420 - INFO - 🔄 NEAR: 数据已更新 - V2 ($51,093.23)
2025-12-25 01:53:32,158 - INFO - ✅ APT: 成交额 $8,896.96 USDT
2025-12-25 01:53:32,161 - INFO - 🔄 APT: 数据已更新 - NONE ($8,896.96)
2025-12-25 01:53:32,901 - INFO - ✅ CFX: 成交额 $10,329.98 USDT
2025-12-25 01:53:32,904 - INFO - 🔄 CFX: 数据已更新 - NONE ($10,329.98)
2025-12-25 01:53:33,648 - INFO - ✅ CRV: 成交额 $29,454.80 USDT
2025-12-25 01:53:33,650 - INFO - 🔄 CRV: 数据已更新 - NONE ($29,454.80)
2025-12-25 01:53:34,392 - INFO - ✅ STX: 成交额 $92.78 USDT
2025-12-25 01:53:34,393 - INFO - 🔄 STX: 数据已更新 - NONE ($92.78)
2025-12-25 01:53:35,136 - INFO - ✅ LDO: 成交额 $2,100.07 USDT
2025-12-25 01:53:35,139 - INFO - 🔄 LDO: 数据已更新 - NONE ($2,100.07)
2025-12-25 01:53:35,873 - INFO - ✅ TAO: 成交额 $3,089.28 USDT
2025-12-25 01:53:35,876 - INFO - 🔄 TAO: 数据已更新 - NONE ($3,089.28)
2025-12-25 01:53:36,379 - INFO - ✅ 本轮采集完成: 27/27 成功
2025-12-25 01:53:36,379 - INFO - ============================================================
2025-12-25 01:54:06,379 - INFO - 
🔄 第 3 轮采集
2025-12-25 01:54:06,380 - INFO - ============================================================
2025-12-25 01:54:06,380 - INFO - 🔄 开始新一轮数据采集
2025-12-25 01:54:06,621 - INFO - ✅ BTC: 成交额 $2,971,105.25 USDT
2025-12-25 01:54:06,625 - INFO - 🔄 BTC: 数据已更新 - V1 ($2,971,105.25)
2025-12-25 01:54:07,364 - INFO - ✅ ETH: 成交额 $6,549,910.72 USDT
2025-12-25 01:54:07,367 - INFO - 🔄 ETH: 数据已更新 - V1 ($6,549,910.72)
2025-12-25 01:54:08,096 - INFO - ✅ XRP: 成交额 $132,838.93 USDT
2025-12-25 01:54:08,099 - INFO - 🔄 XRP: 数据已更新 - V2 ($132,838.93)
2025-12-25 01:54:08,837 - INFO - ✅ SOL: 成交额 $1,401,581.43 USDT
2025-12-25 01:54:08,840 - INFO - 🔄 SOL: 数据已更新 - V1 ($1,401,581.43)
2025-12-25 01:54:09,735 - INFO - ✅ BNB: 成交额 $14,906.05 USDT
2025-12-25 01:54:09,738 - INFO - 🔄 BNB: 数据已更新 - NONE ($14,906.05)
2025-12-25 01:54:10,481 - INFO - ✅ LTC: 成交额 $108,572.38 USDT
2025-12-25 01:54:10,485 - INFO - 🔄 LTC: 数据已更新 - V1 ($108,572.38)
2025-12-25 01:54:11,219 - INFO - ✅ DOGE: 成交额 $394,774.23 USDT
2025-12-25 01:54:11,222 - INFO - 🔄 DOGE: 数据已更新 - V1 ($394,774.23)
2025-12-25 01:54:11,958 - INFO - ✅ SUI: 成交额 $49,026.37 USDT
2025-12-25 01:54:11,961 - INFO - 🔄 SUI: 数据已更新 - NONE ($49,026.37)
2025-12-25 01:54:12,695 - INFO - ✅ TRX: 成交额 $4,381.64 USDT
2025-12-25 01:54:12,698 - INFO - 🔄 TRX: 数据已更新 - NONE ($4,381.64)
2025-12-25 01:54:13,424 - INFO - ✅ TON: 成交额 $1,456.09 USDT
2025-12-25 01:54:13,427 - INFO - 🔄 TON: 数据已更新 - NONE ($1,456.09)
2025-12-25 01:54:14,160 - INFO - ✅ ETC: 成交额 $3,140.91 USDT
2025-12-25 01:54:14,163 - INFO - 🔄 ETC: 数据已更新 - V2 ($3,140.91)
2025-12-25 01:54:14,896 - INFO - ✅ BCH: 成交额 $96,216.81 USDT
2025-12-25 01:54:14,899 - INFO - 🔄 BCH: 数据已更新 - V2 ($96,216.81)
2025-12-25 01:54:15,650 - INFO - ✅ HBAR: 成交额 $17,662.93 USDT
2025-12-25 01:54:15,653 - INFO - 🔄 HBAR: 数据已更新 - NONE ($17,662.93)
2025-12-25 01:54:16,381 - INFO - ✅ XLM: 成交额 $11,185.85 USDT
2025-12-25 01:54:16,384 - INFO - 🔄 XLM: 数据已更新 - NONE ($11,185.85)
2025-12-25 01:54:17,122 - INFO - ✅ FIL: 成交额 $28,451.99 USDT
2025-12-25 01:54:17,125 - INFO - 🔄 FIL: 数据已更新 - NONE ($28,451.99)
2025-12-25 01:54:17,859 - INFO - ✅ ADA: 成交额 $44,777.65 USDT
2025-12-25 01:54:17,862 - INFO - 🔄 ADA: 数据已更新 - V2 ($44,777.65)
2025-12-25 01:54:18,600 - INFO - ✅ LINK: 成交额 $397,640.65 USDT
2025-12-25 01:54:18,602 - INFO - 🔄 LINK: 数据已更新 - V1 ($397,640.65)
2025-12-25 01:54:19,340 - INFO - ✅ CRO: 成交额 $110.02 USDT
2025-12-25 01:54:19,343 - INFO - 🔄 CRO: 数据已更新 - NONE ($110.02)
2025-12-25 01:54:20,070 - INFO - ✅ DOT: 成交额 $28,486.41 USDT
2025-12-25 01:54:20,073 - INFO - 🔄 DOT: 数据已更新 - NONE ($28,486.41)
2025-12-25 01:54:20,811 - INFO - ✅ UNI: 成交额 $82,111.39 USDT
2025-12-25 01:54:20,813 - INFO - 🔄 UNI: 数据已更新 - NONE ($82,111.39)
2025-12-25 01:54:21,549 - INFO - ✅ NEAR: 成交额 $63,085.39 USDT
2025-12-25 01:54:21,552 - INFO - 🔄 NEAR: 数据已更新 - V2 ($63,085.39)
2025-12-25 01:54:22,289 - INFO - ✅ APT: 成交额 $41,112.80 USDT
2025-12-25 01:54:22,291 - INFO - 🔄 APT: 数据已更新 - NONE ($41,112.80)
2025-12-25 01:54:23,027 - INFO - ✅ CFX: 成交额 $30,624.23 USDT
2025-12-25 01:54:23,030 - INFO - 🔄 CFX: 数据已更新 - NONE ($30,624.23)
2025-12-25 01:54:23,760 - INFO - ✅ CRV: 成交额 $32,557.31 USDT
2025-12-25 01:54:23,762 - INFO - 🔄 CRV: 数据已更新 - NONE ($32,557.31)
2025-12-25 01:54:24,510 - INFO - ✅ STX: 成交额 $127.42 USDT
2025-12-25 01:54:24,513 - INFO - 🔄 STX: 数据已更新 - NONE ($127.42)
2025-12-25 01:54:25,238 - INFO - ✅ LDO: 成交额 $2,100.07 USDT
2025-12-25 01:54:25,241 - INFO - 🔄 LDO: 数据已更新 - NONE ($2,100.07)
2025-12-25 01:54:25,969 - INFO - ✅ TAO: 成交额 $27,097.01 USDT
2025-12-25 01:54:25,972 - INFO - 🔄 TAO: 数据已更新 - NONE ($27,097.01)
2025-12-25 01:54:26,474 - INFO - ✅ 本轮采集完成: 27/27 成功
2025-12-25 01:54:26,475 - INFO - ============================================================
2025-12-25 01:54:56,475 - INFO - 
🔄 第 4 轮采集
2025-12-25 01:54:56,475 - INFO - ============================================================
2025-12-25 01:54:56,476 - INFO - 🔄 开始新一轮数据采集
2025-12-25 01:54:56,708 - INFO - ✅ BTC: 成交额 $7,393,183.70 USDT
2025-12-25 01:54:56,711 - INFO - 🔄 BTC: 数据已更新 - V1 ($7,393,183.70)
2025-12-25 01:54:57,438 - INFO - ✅ ETH: 成交额 $8,704,230.30 USDT
2025-12-25 01:54:57,441 - INFO - 🔄 ETH: 数据已更新 - V1 ($8,704,230.30)
2025-12-25 01:54:58,174 - INFO - ✅ XRP: 成交额 $216,736.90 USDT
2025-12-25 01:54:58,177 - INFO - 🔄 XRP: 数据已更新 - V1 ($216,736.90)
2025-12-25 01:54:58,906 - INFO - ✅ SOL: 成交额 $1,554,878.63 USDT
2025-12-25 01:54:58,908 - INFO - 🔄 SOL: 数据已更新 - V1 ($1,554,878.63)
2025-12-25 01:54:59,644 - INFO - ✅ BNB: 成交额 $24,964.10 USDT
2025-12-25 01:54:59,647 - INFO - 🔄 BNB: 数据已更新 - NONE ($24,964.10)
2025-12-25 01:55:00,400 - INFO - ✅ LTC: 成交额 $121,492.67 USDT
2025-12-25 01:55:00,402 - INFO - 🔄 LTC: 数据已更新 - V1 ($121,492.67)
2025-12-25 01:55:01,135 - INFO - ✅ DOGE: 成交额 $0.00 USDT
2025-12-25 01:55:01,136 - WARNING - ⚠️ DOGE: 成交额为0，第1次重试...
2025-12-25 01:55:03,366 - INFO - ✅ DOGE: 成交额 $0.00 USDT
2025-12-25 01:55:03,367 - WARNING - ⚠️ DOGE: 成交额为0，第2次重试...
2025-12-25 01:55:05,599 - INFO - ✅ DOGE: 成交额 $291.81 USDT
2025-12-25 01:55:05,603 - INFO - 💾 DOGE: 数据已保存 - NONE ($291.81)
2025-12-25 01:55:06,337 - INFO - ✅ SUI: 成交额 $25.46 USDT
2025-12-25 01:55:06,338 - INFO - 💾 SUI: 数据已保存 - NONE ($25.46)
2025-12-25 01:55:07,079 - INFO - ✅ TRX: 成交额 $0.00 USDT
2025-12-25 01:55:07,080 - WARNING - ⚠️ TRX: 成交额为0，第1次重试...
2025-12-25 01:55:09,304 - INFO - ✅ TRX: 成交额 $0.00 USDT
2025-12-25 01:55:09,305 - WARNING - ⚠️ TRX: 成交额为0，第2次重试...
2025-12-25 01:55:11,534 - INFO - ✅ TRX: 成交额 $0.00 USDT
2025-12-25 01:55:11,535 - WARNING - ⚠️ TRX: 成交额为0，第3次重试...
2025-12-25 01:55:13,764 - INFO - ✅ TRX: 成交额 $0.00 USDT
2025-12-25 01:55:13,764 - ERROR - ❌ TRX: 成交额仍为0，已重试3次，跳过本次保存
2025-12-25 01:55:14,500 - INFO - ✅ TON: 成交额 $80.73 USDT
2025-12-25 01:55:14,502 - INFO - 💾 TON: 数据已保存 - NONE ($80.73)
2025-12-25 01:55:15,227 - INFO - ✅ ETC: 成交额 $22.83 USDT
2025-12-25 01:55:15,230 - INFO - 💾 ETC: 数据已保存 - NONE ($22.83)
2025-12-25 01:55:15,958 - INFO - ✅ BCH: 成交额 $1,698.62 USDT
2025-12-25 01:55:15,960 - INFO - 💾 BCH: 数据已保存 - NONE ($1,698.62)
2025-12-25 01:55:16,691 - INFO - ✅ HBAR: 成交额 $9.85 USDT
2025-12-25 01:55:16,694 - INFO - 💾 HBAR: 数据已保存 - NONE ($9.85)
2025-12-25 01:55:17,417 - INFO - ✅ XLM: 成交额 $8.50 USDT
2025-12-25 01:55:17,420 - INFO - 💾 XLM: 数据已保存 - NONE ($8.50)
2025-12-25 01:55:18,155 - INFO - ✅ FIL: 成交额 $3,638.59 USDT
2025-12-25 01:55:18,158 - INFO - 💾 FIL: 数据已保存 - NONE ($3,638.59)
2025-12-25 01:55:18,907 - INFO - ✅ ADA: 成交额 $117.78 USDT
2025-12-25 01:55:18,913 - INFO - 💾 ADA: 数据已保存 - NONE ($117.78)
2025-12-25 01:55:19,646 - INFO - ✅ LINK: 成交额 $0.00 USDT
2025-12-25 01:55:19,647 - WARNING - ⚠️ LINK: 成交额为0，第1次重试...
2025-12-25 01:55:21,885 - INFO - ✅ LINK: 成交额 $0.00 USDT
2025-12-25 01:55:21,886 - WARNING - ⚠️ LINK: 成交额为0，第2次重试...
2025-12-25 01:55:24,125 - INFO - ✅ LINK: 成交额 $0.00 USDT
2025-12-25 01:55:24,126 - WARNING - ⚠️ LINK: 成交额为0，第3次重试...
2025-12-25 01:55:26,363 - INFO - ✅ LINK: 成交额 $0.00 USDT
2025-12-25 01:55:26,364 - ERROR - ❌ LINK: 成交额仍为0，已重试3次，跳过本次保存
2025-12-25 01:55:27,099 - INFO - ✅ CRO: 成交额 $0.00 USDT
2025-12-25 01:55:27,100 - WARNING - ⚠️ CRO: 成交额为0，第1次重试...
2025-12-25 01:55:29,332 - INFO - ✅ CRO: 成交额 $8.39 USDT
2025-12-25 01:55:29,335 - INFO - 💾 CRO: 数据已保存 - NONE ($8.39)
2025-12-25 01:55:30,080 - INFO - ✅ DOT: 成交额 $443.58 USDT
2025-12-25 01:55:30,082 - INFO - 💾 DOT: 数据已保存 - NONE ($443.58)
2025-12-25 01:55:30,824 - INFO - ✅ UNI: 成交额 $9,089.32 USDT
2025-12-25 01:55:30,827 - INFO - 💾 UNI: 数据已保存 - NONE ($9,089.32)
2025-12-25 01:55:31,566 - INFO - ✅ NEAR: 成交额 $160.71 USDT
2025-12-25 01:55:31,570 - INFO - 💾 NEAR: 数据已保存 - NONE ($160.71)
2025-12-25 01:55:32,305 - INFO - ✅ APT: 成交额 $630.89 USDT
2025-12-25 01:55:32,308 - INFO - 💾 APT: 数据已保存 - NONE ($630.89)
2025-12-25 01:55:33,054 - INFO - ✅ CFX: 成交额 $4,457.18 USDT
2025-12-25 01:55:33,057 - INFO - 💾 CFX: 数据已保存 - NONE ($4,457.18)
2025-12-25 01:55:33,784 - INFO - ✅ CRV: 成交额 $768.97 USDT
2025-12-25 01:55:33,787 - INFO - 💾 CRV: 数据已保存 - NONE ($768.97)
2025-12-25 01:55:34,521 - INFO - ✅ STX: 成交额 $0.00 USDT
2025-12-25 01:55:34,522 - WARNING - ⚠️ STX: 成交额为0，第1次重试...
2025-12-25 01:55:36,749 - INFO - ✅ STX: 成交额 $1.00 USDT
2025-12-25 01:55:36,752 - INFO - 💾 STX: 数据已保存 - NONE ($1.00)
2025-12-25 01:55:37,490 - INFO - ✅ LDO: 成交额 $5.94 USDT
2025-12-25 01:55:37,492 - INFO - 💾 LDO: 数据已保存 - NONE ($5.94)
2025-12-25 01:55:38,224 - INFO - ✅ TAO: 成交额 $26.25 USDT
2025-12-25 01:55:38,227 - INFO - 💾 TAO: 数据已保存 - NONE ($26.25)
2025-12-25 01:55:38,730 - INFO - 🔄 本轮共重试 10 次（成交额为0）
2025-12-25 01:55:38,730 - INFO - ✅ 本轮采集完成: 25/27 成功
2025-12-25 01:55:38,730 - INFO - ============================================================
2025-12-25 01:56:08,731 - INFO - 
🔄 第 5 轮采集
2025-12-25 01:56:08,731 - INFO - ============================================================
2025-12-25 01:56:08,731 - INFO - 🔄 开始新一轮数据采集
2025-12-25 01:56:08,965 - INFO - ✅ BTC: 成交额 $833,068.64 USDT
2025-12-25 01:56:08,968 - INFO - 💾 BTC: 数据已保存 - V1 ($833,068.64)
2025-12-25 01:56:09,697 - INFO - ✅ ETH: 成交额 $1,561,266.45 USDT
2025-12-25 01:56:09,699 - INFO - 💾 ETH: 数据已保存 - V1 ($1,561,266.45)
2025-12-25 01:56:10,445 - INFO - ✅ XRP: 成交额 $31,763.86 USDT
2025-12-25 01:56:10,447 - INFO - 💾 XRP: 数据已保存 - NONE ($31,763.86)
2025-12-25 01:56:11,173 - INFO - ✅ SOL: 成交额 $95,709.42 USDT
2025-12-25 01:56:11,176 - INFO - 💾 SOL: 数据已保存 - NONE ($95,709.42)
2025-12-25 01:56:11,908 - INFO - ✅ BNB: 成交额 $838.13 USDT
2025-12-25 01:56:11,911 - INFO - 💾 BNB: 数据已保存 - NONE ($838.13)
2025-12-25 01:56:12,658 - INFO - ✅ LTC: 成交额 $8,570.87 USDT
2025-12-25 01:56:12,661 - INFO - 💾 LTC: 数据已保存 - NONE ($8,570.87)
2025-12-25 01:56:13,393 - INFO - ✅ DOGE: 成交额 $70,813.60 USDT
2025-12-25 01:56:13,396 - INFO - 🔄 DOGE: 数据已更新 - V2 ($70,813.60)
2025-12-25 01:56:14,122 - INFO - ✅ SUI: 成交额 $5,552.97 USDT
2025-12-25 01:56:14,125 - INFO - 🔄 SUI: 数据已更新 - NONE ($5,552.97)
2025-12-25 01:56:14,857 - INFO - ✅ TRX: 成交额 $8,691.64 USDT
2025-12-25 01:56:14,860 - INFO - 💾 TRX: 数据已保存 - V2 ($8,691.64)
2025-12-25 01:56:15,587 - INFO - ✅ TON: 成交额 $571.08 USDT
2025-12-25 01:56:15,589 - INFO - 🔄 TON: 数据已更新 - NONE ($571.08)
2025-12-25 01:56:16,356 - INFO - ✅ ETC: 成交额 $219.80 USDT
2025-12-25 01:56:16,359 - INFO - 🔄 ETC: 数据已更新 - NONE ($219.80)
2025-12-25 01:56:17,099 - INFO - ✅ BCH: 成交额 $9,447.33 USDT
2025-12-25 01:56:17,102 - INFO - 🔄 BCH: 数据已更新 - NONE ($9,447.33)
2025-12-25 01:56:17,828 - INFO - ✅ HBAR: 成交额 $667.66 USDT
2025-12-25 01:56:17,832 - INFO - 🔄 HBAR: 数据已更新 - NONE ($667.66)
2025-12-25 01:56:18,571 - INFO - ✅ XLM: 成交额 $3,990.39 USDT
2025-12-25 01:56:18,574 - INFO - 🔄 XLM: 数据已更新 - NONE ($3,990.39)
2025-12-25 01:56:19,310 - INFO - ✅ FIL: 成交额 $8,999.48 USDT
2025-12-25 01:56:19,313 - INFO - 🔄 FIL: 数据已更新 - NONE ($8,999.48)
2025-12-25 01:56:20,044 - INFO - ✅ ADA: 成交额 $1,984.87 USDT
2025-12-25 01:56:20,047 - INFO - 🔄 ADA: 数据已更新 - NONE ($1,984.87)
2025-12-25 01:56:20,790 - INFO - ✅ LINK: 成交额 $1,504.19 USDT
2025-12-25 01:56:20,793 - INFO - 💾 LINK: 数据已保存 - NONE ($1,504.19)
2025-12-25 01:56:21,539 - INFO - ✅ CRO: 成交额 $212.41 USDT
2025-12-25 01:56:21,542 - INFO - 🔄 CRO: 数据已更新 - NONE ($212.41)
2025-12-25 01:56:22,281 - INFO - ✅ DOT: 成交额 $821.11 USDT
2025-12-25 01:56:22,284 - INFO - 🔄 DOT: 数据已更新 - NONE ($821.11)
2025-12-25 01:56:23,021 - INFO - ✅ UNI: 成交额 $10,826.90 USDT
2025-12-25 01:56:23,024 - INFO - 🔄 UNI: 数据已更新 - NONE ($10,826.90)
2025-12-25 01:56:23,764 - INFO - ✅ NEAR: 成交额 $1,738.17 USDT
2025-12-25 01:56:23,768 - INFO - 🔄 NEAR: 数据已更新 - NONE ($1,738.17)
2025-12-25 01:56:24,503 - INFO - ✅ APT: 成交额 $1,156.10 USDT
2025-12-25 01:56:24,506 - INFO - 🔄 APT: 数据已更新 - NONE ($1,156.10)
2025-12-25 01:56:25,239 - INFO - ✅ CFX: 成交额 $12,091.43 USDT
2025-12-25 01:56:25,242 - INFO - 🔄 CFX: 数据已更新 - NONE ($12,091.43)
2025-12-25 01:56:25,977 - INFO - ✅ CRV: 成交额 $4,880.42 USDT
2025-12-25 01:56:25,982 - INFO - 🔄 CRV: 数据已更新 - NONE ($4,880.42)
2025-12-25 01:56:26,725 - INFO - ✅ STX: 成交额 $195.70 USDT
2025-12-25 01:56:26,729 - INFO - 🔄 STX: 数据已更新 - NONE ($195.70)
2025-12-25 01:56:27,460 - INFO - ✅ LDO: 成交额 $1,455.24 USDT
2025-12-25 01:56:27,463 - INFO - 🔄 LDO: 数据已更新 - NONE ($1,455.24)
2025-12-25 01:56:28,203 - INFO - ✅ TAO: 成交额 $80.93 USDT
2025-12-25 01:56:28,206 - INFO - 🔄 TAO: 数据已更新 - NONE ($80.93)
2025-12-25 01:56:28,708 - INFO - ✅ 本轮采集完成: 27/27 成功
2025-12-25 01:56:28,709 - INFO - ============================================================
2025-12-25 01:56:58,709 - INFO - 
🔄 第 6 轮采集
2025-12-25 01:56:58,709 - INFO - ============================================================
2025-12-25 01:56:58,710 - INFO - 🔄 开始新一轮数据采集
2025-12-25 01:56:58,948 - INFO - ✅ BTC: 成交额 $1,024,642.66 USDT
2025-12-25 01:56:58,951 - INFO - 🔄 BTC: 数据已更新 - V1 ($1,024,642.66)
2025-12-25 01:56:59,683 - INFO - ✅ ETH: 成交额 $2,059,431.76 USDT
2025-12-25 01:56:59,686 - INFO - 🔄 ETH: 数据已更新 - V1 ($2,059,431.76)
2025-12-25 01:57:00,417 - INFO - ✅ XRP: 成交额 $54,672.31 USDT
2025-12-25 01:57:00,420 - INFO - 🔄 XRP: 数据已更新 - NONE ($54,672.31)
2025-12-25 01:57:01,148 - INFO - ✅ SOL: 成交额 $123,831.10 USDT
2025-12-25 01:57:01,151 - INFO - 🔄 SOL: 数据已更新 - NONE ($123,831.10)
2025-12-25 01:57:01,886 - INFO - ✅ BNB: 成交额 $92,787.21 USDT
2025-12-25 01:57:01,888 - INFO - 🔄 BNB: 数据已更新 - NONE ($92,787.21)
2025-12-25 01:57:02,616 - INFO - ✅ LTC: 成交额 $8,578.46 USDT
2025-12-25 01:57:02,619 - INFO - 🔄 LTC: 数据已更新 - NONE ($8,578.46)
2025-12-25 01:57:03,364 - INFO - ✅ DOGE: 成交额 $73,784.98 USDT
2025-12-25 01:57:03,368 - INFO - 🔄 DOGE: 数据已更新 - V2 ($73,784.98)
2025-12-25 01:57:04,104 - INFO - ✅ SUI: 成交额 $8,315.31 USDT
2025-12-25 01:57:04,108 - INFO - 🔄 SUI: 数据已更新 - NONE ($8,315.31)
2025-12-25 01:57:04,849 - INFO - ✅ TRX: 成交额 $9,510.76 USDT
2025-12-25 01:57:04,852 - INFO - 🔄 TRX: 数据已更新 - V2 ($9,510.76)
2025-12-25 01:57:05,583 - INFO - ✅ TON: 成交额 $843.17 USDT
2025-12-25 01:57:05,586 - INFO - 🔄 TON: 数据已更新 - NONE ($843.17)
2025-12-25 01:57:06,326 - INFO - ✅ ETC: 成交额 $315.88 USDT
2025-12-25 01:57:06,329 - INFO - 🔄 ETC: 数据已更新 - NONE ($315.88)
2025-12-25 01:57:07,070 - INFO - ✅ BCH: 成交额 $22,499.96 USDT
2025-12-25 01:57:07,076 - INFO - 🔄 BCH: 数据已更新 - NONE ($22,499.96)
2025-12-25 01:57:07,821 - INFO - ✅ HBAR: 成交额 $1,152.61 USDT
2025-12-25 01:57:07,824 - INFO - 🔄 HBAR: 数据已更新 - NONE ($1,152.61)
2025-12-25 01:57:08,551 - INFO - ✅ XLM: 成交额 $4,141.31 USDT
2025-12-25 01:57:08,554 - INFO - 🔄 XLM: 数据已更新 - NONE ($4,141.31)
2025-12-25 01:57:09,289 - INFO - ✅ FIL: 成交额 $9,128.10 USDT
2025-12-25 01:57:09,291 - INFO - 🔄 FIL: 数据已更新 - NONE ($9,128.10)
2025-12-25 01:57:10,025 - INFO - ✅ ADA: 成交额 $2,588.20 USDT
2025-12-25 01:57:10,028 - INFO - 🔄 ADA: 数据已更新 - NONE ($2,588.20)
2025-12-25 01:57:10,760 - INFO - ✅ LINK: 成交额 $9,748.42 USDT
2025-12-25 01:57:10,763 - INFO - 🔄 LINK: 数据已更新 - NONE ($9,748.42)
2025-12-25 01:57:11,501 - INFO - ✅ CRO: 成交额 $314.88 USDT
2025-12-25 01:57:11,503 - INFO - 🔄 CRO: 数据已更新 - NONE ($314.88)
2025-12-25 01:57:12,243 - INFO - ✅ DOT: 成交额 $1,661.14 USDT
2025-12-25 01:57:12,247 - INFO - 🔄 DOT: 数据已更新 - NONE ($1,661.14)
2025-12-25 01:57:12,980 - INFO - ✅ UNI: 成交额 $12,844.43 USDT
2025-12-25 01:57:12,983 - INFO - 🔄 UNI: 数据已更新 - NONE ($12,844.43)
2025-12-25 01:57:13,720 - INFO - ✅ NEAR: 成交额 $2,115.38 USDT
2025-12-25 01:57:13,723 - INFO - 🔄 NEAR: 数据已更新 - NONE ($2,115.38)
2025-12-25 01:57:14,460 - INFO - ✅ APT: 成交额 $1,182.13 USDT
2025-12-25 01:57:14,463 - INFO - 🔄 APT: 数据已更新 - NONE ($1,182.13)
2025-12-25 01:57:15,191 - INFO - ✅ CFX: 成交额 $15,063.68 USDT
2025-12-25 01:57:15,194 - INFO - 🔄 CFX: 数据已更新 - NONE ($15,063.68)
2025-12-25 01:57:15,943 - INFO - ✅ CRV: 成交额 $4,989.91 USDT
2025-12-25 01:57:15,946 - INFO - 🔄 CRV: 数据已更新 - NONE ($4,989.91)
2025-12-25 01:57:16,678 - INFO - ✅ STX: 成交额 $331.37 USDT
2025-12-25 01:57:16,681 - INFO - 🔄 STX: 数据已更新 - NONE ($331.37)
2025-12-25 01:57:17,436 - INFO - ✅ LDO: 成交额 $1,461.18 USDT
2025-12-25 01:57:17,439 - INFO - 🔄 LDO: 数据已更新 - NONE ($1,461.18)
2025-12-25 01:57:18,175 - INFO - ✅ TAO: 成交额 $1,724.19 USDT
2025-12-25 01:57:18,178 - INFO - 🔄 TAO: 数据已更新 - NONE ($1,724.19)
2025-12-25 01:57:18,680 - INFO - ✅ 本轮采集完成: 27/27 成功
2025-12-25 01:57:18,681 - INFO - ============================================================
2025-12-25 01:57:48,681 - INFO - 
🔄 第 7 轮采集
2025-12-25 01:57:48,681 - INFO - ============================================================
2025-12-25 01:57:48,681 - INFO - 🔄 开始新一轮数据采集
2025-12-25 01:57:48,916 - INFO - ✅ BTC: 成交额 $1,217,645.37 USDT
2025-12-25 01:57:48,919 - INFO - 🔄 BTC: 数据已更新 - V1 ($1,217,645.37)
2025-12-25 01:57:49,659 - INFO - ✅ ETH: 成交额 $2,353,063.31 USDT
2025-12-25 01:57:49,662 - INFO - 🔄 ETH: 数据已更新 - V1 ($2,353,063.31)
2025-12-25 01:57:50,401 - INFO - ✅ XRP: 成交额 $152,007.60 USDT
2025-12-25 01:57:50,404 - INFO - 🔄 XRP: 数据已更新 - V2 ($152,007.60)
2025-12-25 01:57:51,139 - INFO - ✅ SOL: 成交额 $352,910.42 USDT
2025-12-25 01:57:51,142 - INFO - 🔄 SOL: 数据已更新 - V1 ($352,910.42)
2025-12-25 01:57:51,873 - INFO - ✅ BNB: 成交额 $94,065.48 USDT
2025-12-25 01:57:51,876 - INFO - 🔄 BNB: 数据已更新 - NONE ($94,065.48)
2025-12-25 01:57:52,610 - INFO - ✅ LTC: 成交额 $10,362.66 USDT
2025-12-25 01:57:52,613 - INFO - 🔄 LTC: 数据已更新 - NONE ($10,362.66)
2025-12-25 01:57:53,336 - INFO - ✅ DOGE: 成交额 $274,405.42 USDT
2025-12-25 01:57:53,338 - INFO - 🔄 DOGE: 数据已更新 - V1 ($274,405.42)
2025-12-25 01:57:54,073 - INFO - ✅ SUI: 成交额 $10,041.18 USDT
2025-12-25 01:57:54,076 - INFO - 🔄 SUI: 数据已更新 - NONE ($10,041.18)
2025-12-25 01:57:54,814 - INFO - ✅ TRX: 成交额 $9,527.59 USDT
2025-12-25 01:57:54,816 - INFO - 🔄 TRX: 数据已更新 - V2 ($9,527.59)
2025-12-25 01:57:55,543 - INFO - ✅ TON: 成交额 $843.17 USDT
2025-12-25 01:57:55,546 - INFO - 🔄 TON: 数据已更新 - NONE ($843.17)
2025-12-25 01:57:56,280 - INFO - ✅ ETC: 成交额 $324.29 USDT
2025-12-25 01:57:56,283 - INFO - 🔄 ETC: 数据已更新 - NONE ($324.29)
2025-12-25 01:57:57,019 - INFO - ✅ BCH: 成交额 $24,107.33 USDT
2025-12-25 01:57:57,021 - INFO - 🔄 BCH: 数据已更新 - NONE ($24,107.33)
2025-12-25 01:57:57,761 - INFO - ✅ HBAR: 成交额 $1,155.89 USDT
2025-12-25 01:57:57,764 - INFO - 🔄 HBAR: 数据已更新 - NONE ($1,155.89)
2025-12-25 01:57:58,503 - INFO - ✅ XLM: 成交额 $4,336.81 USDT
2025-12-25 01:57:58,506 - INFO - 🔄 XLM: 数据已更新 - NONE ($4,336.81)
2025-12-25 01:57:59,250 - INFO - ✅ FIL: 成交额 $9,248.34 USDT
2025-12-25 01:57:59,253 - INFO - 🔄 FIL: 数据已更新 - NONE ($9,248.34)
2025-12-25 01:57:59,987 - INFO - ✅ ADA: 成交额 $11,279.96 USDT
2025-12-25 01:57:59,988 - INFO - 🔄 ADA: 数据已更新 - NONE ($11,279.96)
2025-12-25 01:58:00,717 - INFO - ✅ LINK: 成交额 $15,910.47 USDT
2025-12-25 01:58:00,721 - INFO - 🔄 LINK: 数据已更新 - NONE ($15,910.47)
2025-12-25 01:58:01,458 - INFO - ✅ CRO: 成交额 $443.43 USDT
2025-12-25 01:58:01,461 - INFO - 🔄 CRO: 数据已更新 - NONE ($443.43)
2025-12-25 01:58:02,195 - INFO - ✅ DOT: 成交额 $1,991.63 USDT
2025-12-25 01:58:02,198 - INFO - 🔄 DOT: 数据已更新 - NONE ($1,991.63)
2025-12-25 01:58:02,927 - INFO - ✅ UNI: 成交额 $22,778.82 USDT
2025-12-25 01:58:02,929 - INFO - 🔄 UNI: 数据已更新 - NONE ($22,778.82)
2025-12-25 01:58:03,663 - INFO - ✅ NEAR: 成交额 $5,115.98 USDT
2025-12-25 01:58:03,665 - INFO - 🔄 NEAR: 数据已更新 - NONE ($5,115.98)
2025-12-25 01:58:04,406 - INFO - ✅ APT: 成交额 $14,267.34 USDT
2025-12-25 01:58:04,409 - INFO - 🔄 APT: 数据已更新 - NONE ($14,267.34)
2025-12-25 01:58:05,147 - INFO - ✅ CFX: 成交额 $15,928.45 USDT
2025-12-25 01:58:05,150 - INFO - 🔄 CFX: 数据已更新 - NONE ($15,928.45)
2025-12-25 01:58:05,879 - INFO - ✅ CRV: 成交额 $17,167.11 USDT
2025-12-25 01:58:05,881 - INFO - 🔄 CRV: 数据已更新 - NONE ($17,167.11)
2025-12-25 01:58:06,613 - INFO - ✅ STX: 成交额 $331.37 USDT
2025-12-25 01:58:06,616 - INFO - 🔄 STX: 数据已更新 - NONE ($331.37)
2025-12-25 01:58:07,362 - INFO - ✅ LDO: 成交额 $1,477.93 USDT
2025-12-25 01:58:07,365 - INFO - 🔄 LDO: 数据已更新 - NONE ($1,477.93)
2025-12-25 01:58:08,091 - INFO - ✅ TAO: 成交额 $1,787.66 USDT
2025-12-25 01:58:08,092 - INFO - 🔄 TAO: 数据已更新 - NONE ($1,787.66)
2025-12-25 01:58:08,594 - INFO - ✅ 本轮采集完成: 27/27 成功
2025-12-25 01:58:08,595 - INFO - ============================================================
2025-12-25 01:58:38,595 - INFO - 
🔄 第 8 轮采集
2025-12-25 01:58:38,595 - INFO - ============================================================
2025-12-25 01:58:38,595 - INFO - 🔄 开始新一轮数据采集
2025-12-25 01:58:38,841 - INFO - ✅ BTC: 成交额 $1,311,903.34 USDT
2025-12-25 01:58:38,844 - INFO - 🔄 BTC: 数据已更新 - V1 ($1,311,903.34)
2025-12-25 01:58:39,586 - INFO - ✅ ETH: 成交额 $2,582,036.64 USDT
2025-12-25 01:58:39,588 - INFO - 🔄 ETH: 数据已更新 - V1 ($2,582,036.64)
2025-12-25 01:58:40,329 - INFO - ✅ XRP: 成交额 $164,588.79 USDT
2025-12-25 01:58:40,331 - INFO - 🔄 XRP: 数据已更新 - V2 ($164,588.79)
2025-12-25 01:58:41,057 - INFO - ✅ SOL: 成交额 $371,619.34 USDT
2025-12-25 01:58:41,059 - INFO - 🔄 SOL: 数据已更新 - V1 ($371,619.34)
2025-12-25 01:58:41,789 - INFO - ✅ BNB: 成交额 $100,117.96 USDT
2025-12-25 01:58:41,792 - INFO - 🔄 BNB: 数据已更新 - NONE ($100,117.96)
2025-12-25 01:58:42,522 - INFO - ✅ LTC: 成交额 $13,050.58 USDT
2025-12-25 01:58:42,525 - INFO - 🔄 LTC: 数据已更新 - NONE ($13,050.58)
2025-12-25 01:58:43,260 - INFO - ✅ DOGE: 成交额 $299,841.26 USDT
2025-12-25 01:58:43,263 - INFO - 🔄 DOGE: 数据已更新 - V1 ($299,841.26)
2025-12-25 01:58:44,000 - INFO - ✅ SUI: 成交额 $12,796.73 USDT
2025-12-25 01:58:44,002 - INFO - 🔄 SUI: 数据已更新 - NONE ($12,796.73)
2025-12-25 01:58:44,734 - INFO - ✅ TRX: 成交额 $9,538.81 USDT
2025-12-25 01:58:44,737 - INFO - 🔄 TRX: 数据已更新 - V2 ($9,538.81)
2025-12-25 01:58:45,461 - INFO - ✅ TON: 成交额 $1,317.15 USDT
2025-12-25 01:58:45,464 - INFO - 🔄 TON: 数据已更新 - NONE ($1,317.15)
2025-12-25 01:58:46,197 - INFO - ✅ ETC: 成交额 $434.80 USDT
2025-12-25 01:58:46,200 - INFO - 🔄 ETC: 数据已更新 - NONE ($434.80)
2025-12-25 01:58:46,941 - INFO - ✅ BCH: 成交额 $28,193.12 USDT
2025-12-25 01:58:46,944 - INFO - 🔄 BCH: 数据已更新 - NONE ($28,193.12)
2025-12-25 01:58:47,677 - INFO - ✅ HBAR: 成交额 $4,372.15 USDT
2025-12-25 01:58:47,680 - INFO - 🔄 HBAR: 数据已更新 - NONE ($4,372.15)
2025-12-25 01:58:48,415 - INFO - ✅ XLM: 成交额 $4,653.55 USDT
2025-12-25 01:58:48,418 - INFO - 🔄 XLM: 数据已更新 - NONE ($4,653.55)
2025-12-25 01:58:49,146 - INFO - ✅ FIL: 成交额 $10,955.53 USDT
2025-12-25 01:58:49,149 - INFO - 🔄 FIL: 数据已更新 - NONE ($10,955.53)
2025-12-25 01:58:49,883 - INFO - ✅ ADA: 成交额 $11,715.55 USDT
2025-12-25 01:58:49,886 - INFO - 🔄 ADA: 数据已更新 - NONE ($11,715.55)
2025-12-25 01:58:50,625 - INFO - ✅ LINK: 成交额 $16,379.64 USDT
2025-12-25 01:58:50,628 - INFO - 🔄 LINK: 数据已更新 - NONE ($16,379.64)
2025-12-25 01:58:51,353 - INFO - ✅ CRO: 成交额 $443.43 USDT
2025-12-25 01:58:51,356 - INFO - 🔄 CRO: 数据已更新 - NONE ($443.43)
2025-12-25 01:58:52,100 - INFO - ✅ DOT: 成交额 $2,184.73 USDT
2025-12-25 01:58:52,103 - INFO - 🔄 DOT: 数据已更新 - NONE ($2,184.73)
2025-12-25 01:58:52,840 - INFO - ✅ UNI: 成交额 $27,665.74 USDT
2025-12-25 01:58:52,843 - INFO - 🔄 UNI: 数据已更新 - NONE ($27,665.74)
2025-12-25 01:58:53,575 - INFO - ✅ NEAR: 成交额 $6,246.74 USDT
2025-12-25 01:58:53,578 - INFO - 🔄 NEAR: 数据已更新 - NONE ($6,246.74)
2025-12-25 01:58:54,314 - INFO - ✅ APT: 成交额 $14,415.61 USDT
2025-12-25 01:58:54,316 - INFO - 🔄 APT: 数据已更新 - NONE ($14,415.61)
2025-12-25 01:58:55,046 - INFO - ✅ CFX: 成交额 $16,876.72 USDT
2025-12-25 01:58:55,048 - INFO - 🔄 CFX: 数据已更新 - NONE ($16,876.72)
2025-12-25 01:58:55,784 - INFO - ✅ CRV: 成交额 $17,231.90 USDT
2025-12-25 01:58:55,787 - INFO - 🔄 CRV: 数据已更新 - NONE ($17,231.90)
2025-12-25 01:58:56,513 - INFO - ✅ STX: 成交额 $431.38 USDT
2025-12-25 01:58:56,516 - INFO - 🔄 STX: 数据已更新 - NONE ($431.38)
2025-12-25 01:58:57,247 - INFO - ✅ LDO: 成交额 $1,487.65 USDT
2025-12-25 01:58:57,250 - INFO - 🔄 LDO: 数据已更新 - NONE ($1,487.65)
2025-12-25 01:58:57,988 - INFO - ✅ TAO: 成交额 $7,568.36 USDT
2025-12-25 01:58:57,990 - INFO - 🔄 TAO: 数据已更新 - NONE ($7,568.36)
2025-12-25 01:58:58,493 - INFO - ✅ 本轮采集完成: 27/27 成功
2025-12-25 01:58:58,493 - INFO - ============================================================
2025-12-25 01:59:28,493 - INFO - 
🔄 第 9 轮采集
2025-12-25 01:59:28,494 - INFO - ============================================================
2025-12-25 01:59:28,494 - INFO - 🔄 开始新一轮数据采集
2025-12-25 01:59:28,934 - INFO - ✅ BTC: 成交额 $2,236,744.56 USDT
2025-12-25 01:59:28,937 - INFO - 🔄 BTC: 数据已更新 - V1 ($2,236,744.56)
2025-12-25 01:59:29,753 - INFO - ✅ ETH: 成交额 $3,119,591.33 USDT
2025-12-25 01:59:29,756 - INFO - 🔄 ETH: 数据已更新 - V1 ($3,119,591.33)
2025-12-25 01:59:30,485 - INFO - ✅ XRP: 成交额 $237,210.35 USDT
2025-12-25 01:59:30,488 - INFO - 🔄 XRP: 数据已更新 - V1 ($237,210.35)
2025-12-25 01:59:31,226 - INFO - ✅ SOL: 成交额 $531,164.03 USDT
2025-12-25 01:59:31,228 - INFO - 🔄 SOL: 数据已更新 - V1 ($531,164.03)
2025-12-25 01:59:31,967 - INFO - ✅ BNB: 成交额 $101,438.65 USDT
2025-12-25 01:59:31,970 - INFO - 🔄 BNB: 数据已更新 - NONE ($101,438.65)
2025-12-25 01:59:32,702 - INFO - ✅ LTC: 成交额 $13,323.94 USDT
2025-12-25 01:59:32,705 - INFO - 🔄 LTC: 数据已更新 - NONE ($13,323.94)
2025-12-25 01:59:33,450 - INFO - ✅ DOGE: 成交额 $310,303.92 USDT
2025-12-25 01:59:33,453 - INFO - 🔄 DOGE: 数据已更新 - V1 ($310,303.92)
2025-12-25 01:59:34,185 - INFO - ✅ SUI: 成交额 $16,667.67 USDT
2025-12-25 01:59:34,187 - INFO - 🔄 SUI: 数据已更新 - NONE ($16,667.67)
2025-12-25 01:59:34,947 - INFO - ✅ TRX: 成交额 $10,380.34 USDT
2025-12-25 01:59:34,950 - INFO - 🔄 TRX: 数据已更新 - V2 ($10,380.34)
2025-12-25 01:59:35,690 - INFO - ✅ TON: 成交额 $2,410.84 USDT
2025-12-25 01:59:35,692 - INFO - 🔄 TON: 数据已更新 - NONE ($2,410.84)
2025-12-25 01:59:36,426 - INFO - ✅ ETC: 成交额 $438.40 USDT
2025-12-25 01:59:36,429 - INFO - 🔄 ETC: 数据已更新 - NONE ($438.40)
2025-12-25 01:59:37,172 - INFO - ✅ BCH: 成交额 $28,977.26 USDT
2025-12-25 01:59:37,174 - INFO - 🔄 BCH: 数据已更新 - NONE ($28,977.26)
2025-12-25 01:59:37,905 - INFO - ✅ HBAR: 成交额 $4,547.37 USDT
2025-12-25 01:59:37,907 - INFO - 🔄 HBAR: 数据已更新 - NONE ($4,547.37)
2025-12-25 01:59:38,640 - INFO - ✅ XLM: 成交额 $4,681.20 USDT
2025-12-25 01:59:38,643 - INFO - 🔄 XLM: 数据已更新 - NONE ($4,681.20)
2025-12-25 01:59:39,380 - INFO - ✅ FIL: 成交额 $11,131.25 USDT
2025-12-25 01:59:39,383 - INFO - 🔄 FIL: 数据已更新 - NONE ($11,131.25)
2025-12-25 01:59:40,124 - INFO - ✅ ADA: 成交额 $12,040.44 USDT
2025-12-25 01:59:40,127 - INFO - 🔄 ADA: 数据已更新 - NONE ($12,040.44)
2025-12-25 01:59:40,860 - INFO - ✅ LINK: 成交额 $17,255.13 USDT
2025-12-25 01:59:40,863 - INFO - 🔄 LINK: 数据已更新 - NONE ($17,255.13)
2025-12-25 01:59:41,595 - INFO - ✅ CRO: 成交额 $443.43 USDT
2025-12-25 01:59:41,598 - INFO - 🔄 CRO: 数据已更新 - NONE ($443.43)
2025-12-25 01:59:42,329 - INFO - ✅ DOT: 成交额 $2,273.42 USDT
2025-12-25 01:59:42,331 - INFO - 🔄 DOT: 数据已更新 - NONE ($2,273.42)
2025-12-25 01:59:43,163 - INFO - ✅ UNI: 成交额 $30,877.32 USDT
2025-12-25 01:59:43,167 - INFO - 🔄 UNI: 数据已更新 - NONE ($30,877.32)
2025-12-25 01:59:43,909 - INFO - ✅ NEAR: 成交额 $8,965.13 USDT
2025-12-25 01:59:43,912 - INFO - 🔄 NEAR: 数据已更新 - NONE ($8,965.13)
2025-12-25 01:59:44,639 - INFO - ✅ APT: 成交额 $15,038.27 USDT
2025-12-25 01:59:44,641 - INFO - 🔄 APT: 数据已更新 - NONE ($15,038.27)
2025-12-25 01:59:45,372 - INFO - ✅ CFX: 成交额 $16,984.16 USDT
2025-12-25 01:59:45,375 - INFO - 🔄 CFX: 数据已更新 - NONE ($16,984.16)
2025-12-25 01:59:46,102 - INFO - ✅ CRV: 成交额 $17,345.17 USDT
2025-12-25 01:59:46,105 - INFO - 🔄 CRV: 数据已更新 - NONE ($17,345.17)
2025-12-25 01:59:46,844 - INFO - ✅ STX: 成交额 $436.37 USDT
2025-12-25 01:59:46,846 - INFO - 🔄 STX: 数据已更新 - NONE ($436.37)
2025-12-25 01:59:47,581 - INFO - ✅ LDO: 成交额 $1,495.76 USDT
2025-12-25 01:59:47,584 - INFO - 🔄 LDO: 数据已更新 - NONE ($1,495.76)
2025-12-25 01:59:48,318 - INFO - ✅ TAO: 成交额 $15,197.48 USDT
2025-12-25 01:59:48,321 - INFO - 🔄 TAO: 数据已更新 - NONE ($15,197.48)
2025-12-25 01:59:48,824 - INFO - ✅ 本轮采集完成: 27/27 成功
2025-12-25 01:59:48,824 - INFO - ============================================================
2025-12-25 02:00:18,824 - INFO - 
🔄 第 10 轮采集
2025-12-25 02:00:18,825 - INFO - ============================================================
2025-12-25 02:00:18,825 - INFO - 🔄 开始新一轮数据采集
2025-12-25 02:00:19,063 - INFO - ✅ BTC: 成交额 $496,521.83 USDT
2025-12-25 02:00:19,065 - INFO - 💾 BTC: 数据已保存 - V1 ($496,521.83)
2025-12-25 02:00:19,805 - INFO - ✅ ETH: 成交额 $650,994.12 USDT
2025-12-25 02:00:19,808 - INFO - 💾 ETH: 数据已保存 - V2 ($650,994.12)
2025-12-25 02:00:20,541 - INFO - ✅ XRP: 成交额 $12,623.09 USDT
2025-12-25 02:00:20,544 - INFO - 💾 XRP: 数据已保存 - NONE ($12,623.09)
2025-12-25 02:00:21,275 - INFO - ✅ SOL: 成交额 $39,666.84 USDT
2025-12-25 02:00:21,279 - INFO - 💾 SOL: 数据已保存 - NONE ($39,666.84)
2025-12-25 02:00:22,121 - INFO - ✅ BNB: 成交额 $4,664.74 USDT
2025-12-25 02:00:22,128 - INFO - 💾 BNB: 数据已保存 - NONE ($4,664.74)
2025-12-25 02:00:22,859 - INFO - ✅ LTC: 成交额 $19,096.28 USDT
2025-12-25 02:00:22,863 - INFO - 💾 LTC: 数据已保存 - V2 ($19,096.28)
2025-12-25 02:00:23,591 - INFO - ✅ DOGE: 成交额 $7,475.29 USDT
2025-12-25 02:00:23,594 - INFO - 💾 DOGE: 数据已保存 - NONE ($7,475.29)
2025-12-25 02:00:24,333 - INFO - ✅ SUI: 成交额 $6,103.30 USDT
2025-12-25 02:00:24,336 - INFO - 💾 SUI: 数据已保存 - NONE ($6,103.30)
2025-12-25 02:00:25,071 - INFO - ✅ TRX: 成交额 $21,375.09 USDT
2025-12-25 02:00:25,074 - INFO - 💾 TRX: 数据已保存 - V1 ($21,375.09)
2025-12-25 02:00:25,813 - INFO - ✅ TON: 成交额 $139.22 USDT
2025-12-25 02:00:25,816 - INFO - 💾 TON: 数据已保存 - NONE ($139.22)
2025-12-25 02:00:26,745 - INFO - ✅ ETC: 成交额 $6.01 USDT
2025-12-25 02:00:26,748 - INFO - 💾 ETC: 数据已保存 - NONE ($6.01)
2025-12-25 02:00:27,482 - INFO - ✅ BCH: 成交额 $6,526.16 USDT
2025-12-25 02:00:27,485 - INFO - 💾 BCH: 数据已保存 - NONE ($6,526.16)
2025-12-25 02:00:28,222 - INFO - ✅ HBAR: 成交额 $3,431.99 USDT
2025-12-25 02:00:28,224 - INFO - 💾 HBAR: 数据已保存 - NONE ($3,431.99)
2025-12-25 02:00:28,962 - INFO - ✅ XLM: 成交额 $116.94 USDT
2025-12-25 02:00:28,965 - INFO - 💾 XLM: 数据已保存 - NONE ($116.94)
2025-12-25 02:00:29,697 - INFO - ✅ FIL: 成交额 $5,405.20 USDT
2025-12-25 02:00:29,699 - INFO - 💾 FIL: 数据已保存 - NONE ($5,405.20)
2025-12-25 02:00:30,432 - INFO - ✅ ADA: 成交额 $76,628.63 USDT
2025-12-25 02:00:30,434 - INFO - 💾 ADA: 数据已保存 - V1 ($76,628.63)
2025-12-25 02:00:31,167 - INFO - ✅ LINK: 成交额 $1,424.33 USDT
2025-12-25 02:00:31,170 - INFO - 💾 LINK: 数据已保存 - NONE ($1,424.33)
2025-12-25 02:00:31,907 - INFO - ✅ CRO: 成交额 $5.59 USDT
2025-12-25 02:00:31,909 - INFO - 💾 CRO: 数据已保存 - NONE ($5.59)
2025-12-25 02:00:32,642 - INFO - ✅ DOT: 成交额 $23,869.32 USDT
2025-12-25 02:00:32,645 - INFO - 💾 DOT: 数据已保存 - NONE ($23,869.32)
2025-12-25 02:00:33,376 - INFO - ✅ UNI: 成交额 $5,439.25 USDT
2025-12-25 02:00:33,380 - INFO - 💾 UNI: 数据已保存 - NONE ($5,439.25)
2025-12-25 02:00:34,118 - INFO - ✅ NEAR: 成交额 $140.51 USDT
2025-12-25 02:00:34,122 - INFO - 💾 NEAR: 数据已保存 - NONE ($140.51)
2025-12-25 02:00:34,851 - INFO - ✅ APT: 成交额 $376.24 USDT
2025-12-25 02:00:34,854 - INFO - 💾 APT: 数据已保存 - NONE ($376.24)
2025-12-25 02:00:35,593 - INFO - ✅ CFX: 成交额 $4,031.01 USDT
2025-12-25 02:00:35,597 - INFO - 💾 CFX: 数据已保存 - NONE ($4,031.01)
2025-12-25 02:00:36,326 - INFO - ✅ CRV: 成交额 $31,116.13 USDT
2025-12-25 02:00:36,329 - INFO - 💾 CRV: 数据已保存 - NONE ($31,116.13)
2025-12-25 02:00:37,067 - INFO - ✅ STX: 成交额 $0.00 USDT
2025-12-25 02:00:37,068 - WARNING - ⚠️ STX: 成交额为0，第1次重试...
2025-12-25 02:00:39,304 - INFO - ✅ STX: 成交额 $0.00 USDT
2025-12-25 02:00:39,304 - WARNING - ⚠️ STX: 成交额为0，第2次重试...
2025-12-25 02:00:41,538 - INFO - ✅ STX: 成交额 $0.00 USDT
2025-12-25 02:00:41,539 - WARNING - ⚠️ STX: 成交额为0，第3次重试...
2025-12-25 02:00:43,774 - INFO - ✅ STX: 成交额 $34.89 USDT
2025-12-25 02:00:43,777 - INFO - 💾 STX: 数据已保存 - NONE ($34.89)
2025-12-25 02:00:44,513 - INFO - ✅ LDO: 成交额 $1,495.76 USDT
2025-12-25 02:00:44,516 - INFO - 🔄 LDO: 数据已更新 - NONE ($1,495.76)
2025-12-25 02:00:45,253 - INFO - ✅ TAO: 成交额 $48.14 USDT
2025-12-25 02:00:45,255 - INFO - 💾 TAO: 数据已保存 - NONE ($48.14)
2025-12-25 02:00:45,758 - INFO - 🔄 本轮共重试 3 次（成交额为0）
2025-12-25 02:00:45,758 - INFO - ✅ 本轮采集完成: 27/27 成功
2025-12-25 02:00:45,758 - INFO - ============================================================
2025-12-25 02:01:15,759 - INFO - 
🔄 第 11 轮采集
2025-12-25 02:01:15,759 - INFO - ============================================================
2025-12-25 02:01:15,759 - INFO - 🔄 开始新一轮数据采集
2025-12-25 02:01:15,991 - INFO - ✅ BTC: 成交额 $1,532,988.33 USDT
2025-12-25 02:01:15,994 - INFO - 🔄 BTC: 数据已更新 - V1 ($1,532,988.33)
2025-12-25 02:01:16,722 - INFO - ✅ ETH: 成交额 $6,764,317.16 USDT
2025-12-25 02:01:16,724 - INFO - 🔄 ETH: 数据已更新 - V1 ($6,764,317.16)
2025-12-25 02:01:17,451 - INFO - ✅ XRP: 成交额 $71,930.36 USDT
2025-12-25 02:01:17,453 - INFO - 🔄 XRP: 数据已更新 - NONE ($71,930.36)
2025-12-25 02:01:18,191 - INFO - ✅ SOL: 成交额 $1,355,541.34 USDT
2025-12-25 02:01:18,193 - INFO - 🔄 SOL: 数据已更新 - V1 ($1,355,541.34)
2025-12-25 02:01:18,924 - INFO - ✅ BNB: 成交额 $17,420.77 USDT
2025-12-25 02:01:18,927 - INFO - 🔄 BNB: 数据已更新 - NONE ($17,420.77)
2025-12-25 02:01:19,662 - INFO - ✅ LTC: 成交额 $38,484.58 USDT
2025-12-25 02:01:19,664 - INFO - 🔄 LTC: 数据已更新 - V2 ($38,484.58)
2025-12-25 02:01:20,402 - INFO - ✅ DOGE: 成交额 $485,387.48 USDT
2025-12-25 02:01:20,405 - INFO - 🔄 DOGE: 数据已更新 - V1 ($485,387.48)
2025-12-25 02:01:21,141 - INFO - ✅ SUI: 成交额 $24,734.16 USDT
2025-12-25 02:01:21,144 - INFO - 🔄 SUI: 数据已更新 - NONE ($24,734.16)
2025-12-25 02:01:21,883 - INFO - ✅ TRX: 成交额 $22,104.42 USDT
2025-12-25 02:01:21,886 - INFO - 🔄 TRX: 数据已更新 - V1 ($22,104.42)
2025-12-25 02:01:22,619 - INFO - ✅ TON: 成交额 $15,308.20 USDT
2025-12-25 02:01:22,622 - INFO - 🔄 TON: 数据已更新 - NONE ($15,308.20)
2025-12-25 02:01:23,358 - INFO - ✅ ETC: 成交额 $14,090.26 USDT
2025-12-25 02:01:23,360 - INFO - 🔄 ETC: 数据已更新 - V1 ($14,090.26)
2025-12-25 02:01:24,108 - INFO - ✅ BCH: 成交额 $18,581.28 USDT
2025-12-25 02:01:24,111 - INFO - 🔄 BCH: 数据已更新 - NONE ($18,581.28)
2025-12-25 02:01:24,841 - INFO - ✅ HBAR: 成交额 $3,509.70 USDT
2025-12-25 02:01:24,844 - INFO - 🔄 HBAR: 数据已更新 - NONE ($3,509.70)
2025-12-25 02:01:25,583 - INFO - ✅ XLM: 成交额 $3,618.46 USDT
2025-12-25 02:01:25,586 - INFO - 🔄 XLM: 数据已更新 - NONE ($3,618.46)
2025-12-25 02:01:26,319 - INFO - ✅ FIL: 成交额 $14,330.49 USDT
2025-12-25 02:01:26,321 - INFO - 🔄 FIL: 数据已更新 - NONE ($14,330.49)
2025-12-25 02:01:27,046 - INFO - ✅ ADA: 成交额 $84,014.60 USDT
2025-12-25 02:01:27,049 - INFO - 🔄 ADA: 数据已更新 - V1 ($84,014.60)
2025-12-25 02:01:27,790 - INFO - ✅ LINK: 成交额 $5,859.24 USDT
2025-12-25 02:01:27,793 - INFO - 🔄 LINK: 数据已更新 - NONE ($5,859.24)
2025-12-25 02:01:28,521 - INFO - ✅ CRO: 成交额 $22.36 USDT
2025-12-25 02:01:28,523 - INFO - 🔄 CRO: 数据已更新 - NONE ($22.36)
2025-12-25 02:01:29,267 - INFO - ✅ DOT: 成交额 $29,477.05 USDT
2025-12-25 02:01:29,270 - INFO - 🔄 DOT: 数据已更新 - NONE ($29,477.05)
2025-12-25 02:01:29,990 - INFO - ✅ UNI: 成交额 $21,975.67 USDT
2025-12-25 02:01:29,992 - INFO - 🔄 UNI: 数据已更新 - NONE ($21,975.67)
2025-12-25 02:01:30,728 - INFO - ✅ NEAR: 成交额 $354.18 USDT
2025-12-25 02:01:30,731 - INFO - 🔄 NEAR: 数据已更新 - NONE ($354.18)
2025-12-25 02:01:31,464 - INFO - ✅ APT: 成交额 $2,007.51 USDT
2025-12-25 02:01:31,467 - INFO - 🔄 APT: 数据已更新 - NONE ($2,007.51)
2025-12-25 02:01:32,197 - INFO - ✅ CFX: 成交额 $8,859.78 USDT
2025-12-25 02:01:32,200 - INFO - 🔄 CFX: 数据已更新 - NONE ($8,859.78)
2025-12-25 02:01:32,945 - INFO - ✅ CRV: 成交额 $36,234.75 USDT
2025-12-25 02:01:32,946 - INFO - 🔄 CRV: 数据已更新 - NONE ($36,234.75)
2025-12-25 02:01:33,681 - INFO - ✅ STX: 成交额 $141.25 USDT
2025-12-25 02:01:33,684 - INFO - 🔄 STX: 数据已更新 - NONE ($141.25)
2025-12-25 02:01:34,428 - INFO - ✅ LDO: 成交额 $754.63 USDT
2025-12-25 02:01:34,431 - INFO - 💾 LDO: 数据已保存 - NONE ($754.63)
2025-12-25 02:01:35,157 - INFO - ✅ TAO: 成交额 $804.23 USDT
2025-12-25 02:01:35,160 - INFO - 🔄 TAO: 数据已更新 - NONE ($804.23)
2025-12-25 02:01:35,663 - INFO - ✅ 本轮采集完成: 27/27 成功
2025-12-25 02:01:35,664 - INFO - ============================================================
2025-12-25 02:02:05,664 - INFO - 
🔄 第 12 轮采集
2025-12-25 02:02:05,665 - INFO - ============================================================
2025-12-25 02:02:05,665 - INFO - 🔄 开始新一轮数据采集
2025-12-25 02:02:05,900 - INFO - ✅ BTC: 成交额 $4,318,641.39 USDT
2025-12-25 02:02:05,903 - INFO - 🔄 BTC: 数据已更新 - V1 ($4,318,641.39)
2025-12-25 02:02:06,634 - INFO - ✅ ETH: 成交额 $11,334,530.43 USDT
2025-12-25 02:02:06,637 - INFO - 🔄 ETH: 数据已更新 - V1 ($11,334,530.43)
2025-12-25 02:02:07,381 - INFO - ✅ XRP: 成交额 $148,821.21 USDT
2025-12-25 02:02:07,383 - INFO - 🔄 XRP: 数据已更新 - V2 ($148,821.21)
2025-12-25 02:02:08,120 - INFO - ✅ SOL: 成交额 $1,570,892.90 USDT
2025-12-25 02:02:08,124 - INFO - 🔄 SOL: 数据已更新 - V1 ($1,570,892.90)
2025-12-25 02:02:08,857 - INFO - ✅ BNB: 成交额 $37,306.07 USDT
2025-12-25 02:02:08,860 - INFO - 🔄 BNB: 数据已更新 - NONE ($37,306.07)
2025-12-25 02:02:09,604 - INFO - ✅ LTC: 成交额 $54,879.07 USDT
2025-12-25 02:02:09,607 - INFO - 🔄 LTC: 数据已更新 - V1 ($54,879.07)
2025-12-25 02:02:10,344 - INFO - ✅ DOGE: 成交额 $661,505.70 USDT
2025-12-25 02:02:10,346 - INFO - 🔄 DOGE: 数据已更新 - V1 ($661,505.70)
2025-12-25 02:02:11,082 - INFO - ✅ SUI: 成交额 $59,709.44 USDT
2025-12-25 02:02:11,084 - INFO - 🔄 SUI: 数据已更新 - NONE ($59,709.44)
2025-12-25 02:02:11,822 - INFO - ✅ TRX: 成交额 $22,825.17 USDT
2025-12-25 02:02:11,825 - INFO - 🔄 TRX: 数据已更新 - V1 ($22,825.17)
2025-12-25 02:02:12,565 - INFO - ✅ TON: 成交额 $15,834.75 USDT
2025-12-25 02:02:12,568 - INFO - 🔄 TON: 数据已更新 - NONE ($15,834.75)
2025-12-25 02:02:13,308 - INFO - ✅ ETC: 成交额 $14,096.27 USDT
2025-12-25 02:02:13,309 - INFO - 🔄 ETC: 数据已更新 - V1 ($14,096.27)
2025-12-25 02:02:14,038 - INFO - ✅ BCH: 成交额 $117,696.21 USDT
2025-12-25 02:02:14,041 - INFO - 🔄 BCH: 数据已更新 - V1 ($117,696.21)
2025-12-25 02:02:14,771 - INFO - ✅ HBAR: 成交额 $3,733.93 USDT
2025-12-25 02:02:14,774 - INFO - 🔄 HBAR: 数据已更新 - NONE ($3,733.93)
2025-12-25 02:02:15,505 - INFO - ✅ XLM: 成交额 $5,844.52 USDT
2025-12-25 02:02:15,507 - INFO - 🔄 XLM: 数据已更新 - NONE ($5,844.52)
2025-12-25 02:02:16,246 - INFO - ✅ FIL: 成交额 $20,865.08 USDT
2025-12-25 02:02:16,249 - INFO - 🔄 FIL: 数据已更新 - NONE ($20,865.08)
2025-12-25 02:02:16,982 - INFO - ✅ ADA: 成交额 $97,056.39 USDT
2025-12-25 02:02:16,985 - INFO - 🔄 ADA: 数据已更新 - V1 ($97,056.39)
2025-12-25 02:02:17,720 - INFO - ✅ LINK: 成交额 $11,848.47 USDT
2025-12-25 02:02:17,723 - INFO - 🔄 LINK: 数据已更新 - NONE ($11,848.47)
2025-12-25 02:02:18,463 - INFO - ✅ CRO: 成交额 $330.56 USDT
2025-12-25 02:02:18,466 - INFO - 🔄 CRO: 数据已更新 - NONE ($330.56)
2025-12-25 02:02:19,206 - INFO - ✅ DOT: 成交额 $36,577.82 USDT
2025-12-25 02:02:19,209 - INFO - 🔄 DOT: 数据已更新 - NONE ($36,577.82)
2025-12-25 02:02:19,949 - INFO - ✅ UNI: 成交额 $31,535.27 USDT
2025-12-25 02:02:19,952 - INFO - 🔄 UNI: 数据已更新 - NONE ($31,535.27)
2025-12-25 02:02:20,688 - INFO - ✅ NEAR: 成交额 $9,471.64 USDT
2025-12-25 02:02:20,691 - INFO - 🔄 NEAR: 数据已更新 - NONE ($9,471.64)
2025-12-25 02:02:21,427 - INFO - ✅ APT: 成交额 $4,315.81 USDT
2025-12-25 02:02:21,428 - INFO - 🔄 APT: 数据已更新 - NONE ($4,315.81)
2025-12-25 02:02:22,153 - INFO - ✅ CFX: 成交额 $12,544.34 USDT
2025-12-25 02:02:22,156 - INFO - 🔄 CFX: 数据已更新 - NONE ($12,544.34)
2025-12-25 02:02:22,892 - INFO - ✅ CRV: 成交额 $36,242.30 USDT
2025-12-25 02:02:22,895 - INFO - 🔄 CRV: 数据已更新 - NONE ($36,242.30)
2025-12-25 02:02:23,710 - INFO - ✅ STX: 成交额 $314.81 USDT
2025-12-25 02:02:23,713 - INFO - 🔄 STX: 数据已更新 - NONE ($314.81)
2025-12-25 02:02:24,444 - INFO - ✅ LDO: 成交额 $1,018.22 USDT
2025-12-25 02:02:24,446 - INFO - 🔄 LDO: 数据已更新 - NONE ($1,018.22)
2025-12-25 02:02:25,177 - INFO - ✅ TAO: 成交额 $3,616.26 USDT
2025-12-25 02:02:25,180 - INFO - 🔄 TAO: 数据已更新 - NONE ($3,616.26)
2025-12-25 02:02:25,682 - INFO - ✅ 本轮采集完成: 27/27 成功
2025-12-25 02:02:25,683 - INFO - ============================================================
2025-12-25 02:02:55,683 - INFO - 
🔄 第 13 轮采集
2025-12-25 02:02:55,684 - INFO - ============================================================
2025-12-25 02:02:55,684 - INFO - 🔄 开始新一轮数据采集
2025-12-25 02:02:55,919 - INFO - ✅ BTC: 成交额 $6,199,053.25 USDT
2025-12-25 02:02:55,922 - INFO - 🔄 BTC: 数据已更新 - V1 ($6,199,053.25)
2025-12-25 02:02:56,657 - INFO - ✅ ETH: 成交额 $14,382,200.06 USDT
2025-12-25 02:02:56,659 - INFO - 🔄 ETH: 数据已更新 - V1 ($14,382,200.06)
2025-12-25 02:02:57,389 - INFO - ✅ XRP: 成交额 $173,388.65 USDT
2025-12-25 02:02:57,392 - INFO - 🔄 XRP: 数据已更新 - V2 ($173,388.65)
2025-12-25 02:02:58,122 - INFO - ✅ SOL: 成交额 $1,809,290.95 USDT
2025-12-25 02:02:58,125 - INFO - 🔄 SOL: 数据已更新 - V1 ($1,809,290.95)
2025-12-25 02:02:58,866 - INFO - ✅ BNB: 成交额 $55,116.18 USDT
2025-12-25 02:02:58,869 - INFO - 🔄 BNB: 数据已更新 - NONE ($55,116.18)
2025-12-25 02:02:59,605 - INFO - ✅ LTC: 成交额 $67,790.15 USDT
2025-12-25 02:02:59,608 - INFO - 🔄 LTC: 数据已更新 - V1 ($67,790.15)
2025-12-25 02:03:00,355 - INFO - ✅ DOGE: 成交额 $724,620.60 USDT
2025-12-25 02:03:00,358 - INFO - 🔄 DOGE: 数据已更新 - V1 ($724,620.60)
2025-12-25 02:03:01,104 - INFO - ✅ SUI: 成交额 $80,255.87 USDT
2025-12-25 02:03:01,107 - INFO - 🔄 SUI: 数据已更新 - NONE ($80,255.87)
2025-12-25 02:03:01,847 - INFO - ✅ TRX: 成交额 $23,453.31 USDT
2025-12-25 02:03:01,850 - INFO - 🔄 TRX: 数据已更新 - V1 ($23,453.31)
2025-12-25 02:03:02,583 - INFO - ✅ TON: 成交额 $18,111.82 USDT
2025-12-25 02:03:02,586 - INFO - 🔄 TON: 数据已更新 - NONE ($18,111.82)
2025-12-25 02:03:03,322 - INFO - ✅ ETC: 成交额 $16,677.37 USDT
2025-12-25 02:03:03,324 - INFO - 🔄 ETC: 数据已更新 - V1 ($16,677.37)
2025-12-25 02:03:04,050 - INFO - ✅ BCH: 成交额 $121,029.34 USDT
2025-12-25 02:03:04,053 - INFO - 🔄 BCH: 数据已更新 - V1 ($121,029.34)
2025-12-25 02:03:04,788 - INFO - ✅ HBAR: 成交额 $6,465.86 USDT
2025-12-25 02:03:04,790 - INFO - 🔄 HBAR: 数据已更新 - NONE ($6,465.86)
2025-12-25 02:03:05,533 - INFO - ✅ XLM: 成交额 $6,177.79 USDT
2025-12-25 02:03:05,536 - INFO - 🔄 XLM: 数据已更新 - NONE ($6,177.79)
2025-12-25 02:03:06,280 - INFO - ✅ FIL: 成交额 $45,992.70 USDT
2025-12-25 02:03:06,283 - INFO - 🔄 FIL: 数据已更新 - NONE ($45,992.70)
2025-12-25 02:03:07,020 - INFO - ✅ ADA: 成交额 $117,491.78 USDT
2025-12-25 02:03:07,022 - INFO - 🔄 ADA: 数据已更新 - V1 ($117,491.78)
2025-12-25 02:03:07,749 - INFO - ✅ LINK: 成交额 $18,176.11 USDT
2025-12-25 02:03:07,752 - INFO - 🔄 LINK: 数据已更新 - NONE ($18,176.11)
2025-12-25 02:03:08,496 - INFO - ✅ CRO: 成交额 $1,422.32 USDT
2025-12-25 02:03:08,499 - INFO - 🔄 CRO: 数据已更新 - NONE ($1,422.32)
2025-12-25 02:03:09,248 - INFO - ✅ DOT: 成交额 $41,200.48 USDT
2025-12-25 02:03:09,251 - INFO - 🔄 DOT: 数据已更新 - NONE ($41,200.48)
2025-12-25 02:03:09,978 - INFO - ✅ UNI: 成交额 $45,452.70 USDT
2025-12-25 02:03:09,981 - INFO - 🔄 UNI: 数据已更新 - NONE ($45,452.70)
2025-12-25 02:03:10,724 - INFO - ✅ NEAR: 成交额 $54,887.12 USDT
2025-12-25 02:03:10,727 - INFO - 🔄 NEAR: 数据已更新 - V2 ($54,887.12)
2025-12-25 02:03:11,487 - INFO - ✅ APT: 成交额 $7,770.38 USDT
2025-12-25 02:03:11,490 - INFO - 🔄 APT: 数据已更新 - NONE ($7,770.38)
2025-12-25 02:03:12,226 - INFO - ✅ CFX: 成交额 $18,092.62 USDT
2025-12-25 02:03:12,229 - INFO - 🔄 CFX: 数据已更新 - NONE ($18,092.62)
2025-12-25 02:03:12,950 - INFO - ✅ CRV: 成交额 $63,643.60 USDT
2025-12-25 02:03:12,953 - INFO - 🔄 CRV: 数据已更新 - NONE ($63,643.60)
2025-12-25 02:03:13,690 - INFO - ✅ STX: 成交额 $375.31 USDT
2025-12-25 02:03:13,692 - INFO - 🔄 STX: 数据已更新 - NONE ($375.31)
2025-12-25 02:03:14,425 - INFO - ✅ LDO: 成交额 $1,511.59 USDT
2025-12-25 02:03:14,427 - INFO - 🔄 LDO: 数据已更新 - NONE ($1,511.59)
2025-12-25 02:03:15,152 - INFO - ✅ TAO: 成交额 $4,448.09 USDT
2025-12-25 02:03:15,154 - INFO - 🔄 TAO: 数据已更新 - NONE ($4,448.09)
2025-12-25 02:03:15,657 - INFO - ✅ 本轮采集完成: 27/27 成功
2025-12-25 02:03:15,657 - INFO - ============================================================
2025-12-25 02:03:45,658 - INFO - 
🔄 第 14 轮采集
2025-12-25 02:03:45,658 - INFO - ============================================================
2025-12-25 02:03:45,658 - INFO - 🔄 开始新一轮数据采集
2025-12-25 02:03:45,882 - INFO - ✅ BTC: 成交额 $8,009,784.65 USDT
2025-12-25 02:03:45,884 - INFO - 🔄 BTC: 数据已更新 - V1 ($8,009,784.65)
2025-12-25 02:03:46,615 - INFO - ✅ ETH: 成交额 $16,093,506.67 USDT
2025-12-25 02:03:46,618 - INFO - 🔄 ETH: 数据已更新 - V1 ($16,093,506.67)
2025-12-25 02:03:47,352 - INFO - ✅ XRP: 成交额 $180,678.01 USDT
2025-12-25 02:03:47,355 - INFO - 🔄 XRP: 数据已更新 - V2 ($180,678.01)
2025-12-25 02:03:48,098 - INFO - ✅ SOL: 成交额 $1,854,461.48 USDT
2025-12-25 02:03:48,101 - INFO - 🔄 SOL: 数据已更新 - V1 ($1,854,461.48)
2025-12-25 02:03:48,839 - INFO - ✅ BNB: 成交额 $59,946.40 USDT
2025-12-25 02:03:48,842 - INFO - 🔄 BNB: 数据已更新 - NONE ($59,946.40)
2025-12-25 02:03:49,569 - INFO - ✅ LTC: 成交额 $80,521.66 USDT
2025-12-25 02:03:49,572 - INFO - 🔄 LTC: 数据已更新 - V1 ($80,521.66)
2025-12-25 02:03:50,314 - INFO - ✅ DOGE: 成交额 $736,875.16 USDT
2025-12-25 02:03:50,317 - INFO - 🔄 DOGE: 数据已更新 - V1 ($736,875.16)
2025-12-25 02:03:51,053 - INFO - ✅ SUI: 成交额 $87,473.97 USDT
2025-12-25 02:03:51,056 - INFO - 🔄 SUI: 数据已更新 - NONE ($87,473.97)
2025-12-25 02:03:51,814 - INFO - ✅ TRX: 成交额 $46,400.23 USDT
2025-12-25 02:03:51,817 - INFO - 🔄 TRX: 数据已更新 - V1 ($46,400.23)
2025-12-25 02:03:52,556 - INFO - ✅ TON: 成交额 $22,901.03 USDT
2025-12-25 02:03:52,559 - INFO - 🔄 TON: 数据已更新 - NONE ($22,901.03)
2025-12-25 02:03:53,298 - INFO - ✅ ETC: 成交额 $16,955.78 USDT
2025-12-25 02:03:53,301 - INFO - 🔄 ETC: 数据已更新 - V1 ($16,955.78)
2025-12-25 02:03:54,026 - INFO - ✅ BCH: 成交额 $144,761.52 USDT
2025-12-25 02:03:54,029 - INFO - 🔄 BCH: 数据已更新 - V1 ($144,761.52)
2025-12-25 02:03:54,759 - INFO - ✅ HBAR: 成交额 $7,052.58 USDT
2025-12-25 02:03:54,762 - INFO - 🔄 HBAR: 数据已更新 - NONE ($7,052.58)
2025-12-25 02:03:55,496 - INFO - ✅ XLM: 成交额 $6,908.25 USDT
2025-12-25 02:03:55,498 - INFO - 🔄 XLM: 数据已更新 - NONE ($6,908.25)
2025-12-25 02:03:56,231 - INFO - ✅ FIL: 成交额 $54,634.44 USDT
2025-12-25 02:03:56,233 - INFO - 🔄 FIL: 数据已更新 - NONE ($54,634.44)
2025-12-25 02:03:56,971 - INFO - ✅ ADA: 成交额 $124,236.40 USDT
2025-12-25 02:03:56,974 - INFO - 🔄 ADA: 数据已更新 - V1 ($124,236.40)
2025-12-25 02:03:57,709 - INFO - ✅ LINK: 成交额 $22,556.84 USDT
2025-12-25 02:03:57,711 - INFO - 🔄 LINK: 数据已更新 - NONE ($22,556.84)
2025-12-25 02:03:58,446 - INFO - ✅ CRO: 成交额 $2,561.98 USDT
2025-12-25 02:03:58,449 - INFO - 🔄 CRO: 数据已更新 - NONE ($2,561.98)
2025-12-25 02:03:59,179 - INFO - ✅ DOT: 成交额 $44,090.54 USDT
2025-12-25 02:03:59,182 - INFO - 🔄 DOT: 数据已更新 - NONE ($44,090.54)
2025-12-25 02:03:59,914 - INFO - ✅ UNI: 成交额 $49,496.08 USDT
2025-12-25 02:03:59,916 - INFO - 🔄 UNI: 数据已更新 - NONE ($49,496.08)
2025-12-25 02:04:00,656 - INFO - ✅ NEAR: 成交额 $70,944.41 USDT
2025-12-25 02:04:00,659 - INFO - 🔄 NEAR: 数据已更新 - V2 ($70,944.41)
2025-12-25 02:04:01,397 - INFO - ✅ APT: 成交额 $7,811.08 USDT
2025-12-25 02:04:01,400 - INFO - 🔄 APT: 数据已更新 - NONE ($7,811.08)
2025-12-25 02:04:02,129 - INFO - ✅ CFX: 成交额 $23,040.19 USDT
2025-12-25 02:04:02,132 - INFO - 🔄 CFX: 数据已更新 - NONE ($23,040.19)
2025-12-25 02:04:02,862 - INFO - ✅ CRV: 成交额 $95,263.09 USDT
2025-12-25 02:04:02,866 - INFO - 🔄 CRV: 数据已更新 - NONE ($95,263.09)
2025-12-25 02:04:03,619 - INFO - ✅ STX: 成交额 $385.28 USDT
2025-12-25 02:04:03,622 - INFO - 🔄 STX: 数据已更新 - NONE ($385.28)
2025-12-25 02:04:04,356 - INFO - ✅ LDO: 成交额 $4,502.15 USDT
2025-12-25 02:04:04,359 - INFO - 🔄 LDO: 数据已更新 - NONE ($4,502.15)
2025-12-25 02:04:05,103 - INFO - ✅ TAO: 成交额 $8,676.83 USDT
2025-12-25 02:04:05,106 - INFO - 🔄 TAO: 数据已更新 - NONE ($8,676.83)
2025-12-25 02:04:05,608 - INFO - ✅ 本轮采集完成: 27/27 成功
2025-12-25 02:04:05,609 - INFO - ============================================================
2025-12-25 02:04:35,609 - INFO - 
🔄 第 15 轮采集
2025-12-25 02:04:35,609 - INFO - ============================================================
2025-12-25 02:04:35,609 - INFO - 🔄 开始新一轮数据采集
2025-12-25 02:04:35,837 - INFO - ✅ BTC: 成交额 $8,589,692.53 USDT
2025-12-25 02:04:35,840 - INFO - 🔄 BTC: 数据已更新 - V1 ($8,589,692.53)
2025-12-25 02:04:36,569 - INFO - ✅ ETH: 成交额 $18,331,645.56 USDT
2025-12-25 02:04:36,574 - INFO - 🔄 ETH: 数据已更新 - V1 ($18,331,645.56)
2025-12-25 02:04:37,427 - INFO - ✅ XRP: 成交额 $183,029.82 USDT
2025-12-25 02:04:37,429 - INFO - 🔄 XRP: 数据已更新 - V2 ($183,029.82)
2025-12-25 02:04:38,164 - INFO - ✅ SOL: 成交额 $1,940,816.67 USDT
2025-12-25 02:04:38,167 - INFO - 🔄 SOL: 数据已更新 - V1 ($1,940,816.67)
2025-12-25 02:04:38,905 - INFO - ✅ BNB: 成交额 $68,821.98 USDT
2025-12-25 02:04:38,908 - INFO - 🔄 BNB: 数据已更新 - NONE ($68,821.98)
2025-12-25 02:04:39,641 - INFO - ✅ LTC: 成交额 $81,234.69 USDT
2025-12-25 02:04:39,643 - INFO - 🔄 LTC: 数据已更新 - V1 ($81,234.69)
2025-12-25 02:04:40,379 - INFO - ✅ DOGE: 成交额 $836,702.30 USDT
2025-12-25 02:04:40,381 - INFO - 🔄 DOGE: 数据已更新 - V1 ($836,702.30)
2025-12-25 02:04:41,115 - INFO - ✅ SUI: 成交额 $91,017.67 USDT
2025-12-25 02:04:41,118 - INFO - 🔄 SUI: 数据已更新 - NONE ($91,017.67)
2025-12-25 02:04:41,852 - INFO - ✅ TRX: 成交额 $47,274.85 USDT
2025-12-25 02:04:41,854 - INFO - 🔄 TRX: 数据已更新 - V1 ($47,274.85)
2025-12-25 02:04:42,588 - INFO - ✅ TON: 成交额 $23,160.17 USDT
2025-12-25 02:04:42,590 - INFO - 🔄 TON: 数据已更新 - NONE ($23,160.17)
2025-12-25 02:04:43,325 - INFO - ✅ ETC: 成交额 $17,000.20 USDT
2025-12-25 02:04:43,328 - INFO - 🔄 ETC: 数据已更新 - V1 ($17,000.20)
2025-12-25 02:04:44,062 - INFO - ✅ BCH: 成交额 $152,016.78 USDT
2025-12-25 02:04:44,065 - INFO - 🔄 BCH: 数据已更新 - V1 ($152,016.78)
2025-12-25 02:04:44,820 - INFO - ✅ HBAR: 成交额 $10,412.07 USDT
2025-12-25 02:04:44,823 - INFO - 🔄 HBAR: 数据已更新 - NONE ($10,412.07)
2025-12-25 02:04:45,561 - INFO - ✅ XLM: 成交额 $8,061.71 USDT
2025-12-25 02:04:45,563 - INFO - 🔄 XLM: 数据已更新 - NONE ($8,061.71)
2025-12-25 02:04:46,299 - INFO - ✅ FIL: 成交额 $59,446.22 USDT
2025-12-25 02:04:46,302 - INFO - 🔄 FIL: 数据已更新 - NONE ($59,446.22)
2025-12-25 02:04:47,034 - INFO - ✅ ADA: 成交额 $127,359.02 USDT
2025-12-25 02:04:47,037 - INFO - 🔄 ADA: 数据已更新 - V1 ($127,359.02)
2025-12-25 02:04:47,778 - INFO - ✅ LINK: 成交额 $46,446.02 USDT
2025-12-25 02:04:47,781 - INFO - 🔄 LINK: 数据已更新 - NONE ($46,446.02)
2025-12-25 02:04:48,512 - INFO - ✅ CRO: 成交额 $2,576.87 USDT
2025-12-25 02:04:48,515 - INFO - 🔄 CRO: 数据已更新 - NONE ($2,576.87)
2025-12-25 02:04:49,245 - INFO - ✅ DOT: 成交额 $48,196.81 USDT
2025-12-25 02:04:49,248 - INFO - 🔄 DOT: 数据已更新 - NONE ($48,196.81)
2025-12-25 02:04:49,990 - INFO - ✅ UNI: 成交额 $53,293.72 USDT
2025-12-25 02:04:49,992 - INFO - 🔄 UNI: 数据已更新 - NONE ($53,293.72)
2025-12-25 02:04:50,725 - INFO - ✅ NEAR: 成交额 $76,488.68 USDT
2025-12-25 02:04:50,727 - INFO - 🔄 NEAR: 数据已更新 - V2 ($76,488.68)
2025-12-25 02:04:51,457 - INFO - ✅ APT: 成交额 $11,107.66 USDT
2025-12-25 02:04:51,459 - INFO - 🔄 APT: 数据已更新 - NONE ($11,107.66)
2025-12-25 02:04:52,338 - INFO - ✅ CFX: 成交额 $27,175.13 USDT
2025-12-25 02:04:52,340 - INFO - 🔄 CFX: 数据已更新 - NONE ($27,175.13)
2025-12-25 02:04:53,075 - INFO - ✅ CRV: 成交额 $109,955.68 USDT
2025-12-25 02:04:53,077 - INFO - 🔄 CRV: 数据已更新 - NONE ($109,955.68)
2025-12-25 02:04:53,818 - INFO - ✅ STX: 成交额 $595.23 USDT
2025-12-25 02:04:53,821 - INFO - 🔄 STX: 数据已更新 - NONE ($595.23)
2025-12-25 02:04:54,564 - INFO - ✅ LDO: 成交额 $4,697.35 USDT
2025-12-25 02:04:54,567 - INFO - 🔄 LDO: 数据已更新 - NONE ($4,697.35)
2025-12-25 02:04:55,297 - INFO - ✅ TAO: 成交额 $13,860.10 USDT
2025-12-25 02:04:55,300 - INFO - 🔄 TAO: 数据已更新 - NONE ($13,860.10)
2025-12-25 02:04:55,802 - INFO - ✅ 本轮采集完成: 27/27 成功
2025-12-25 02:04:55,803 - INFO - ============================================================
2025-12-25 02:05:25,803 - INFO - 
🔄 第 16 轮采集
2025-12-25 02:05:25,803 - INFO - ============================================================
2025-12-25 02:05:25,804 - INFO - 🔄 开始新一轮数据采集
2025-12-25 02:05:26,037 - INFO - ✅ BTC: 成交额 $240,319.71 USDT
2025-12-25 02:05:26,039 - INFO - 💾 BTC: 数据已保存 - V1 ($240,319.71)
2025-12-25 02:05:26,776 - INFO - ✅ ETH: 成交额 $1,003,797.78 USDT
2025-12-25 02:05:26,778 - INFO - 💾 ETH: 数据已保存 - V2 ($1,003,797.78)
2025-12-25 02:05:27,513 - INFO - ✅ XRP: 成交额 $10,278.01 USDT
2025-12-25 02:05:27,516 - INFO - 💾 XRP: 数据已保存 - NONE ($10,278.01)
2025-12-25 02:05:28,251 - INFO - ✅ SOL: 成交额 $126,274.28 USDT
2025-12-25 02:05:28,253 - INFO - 💾 SOL: 数据已保存 - NONE ($126,274.28)
2025-12-25 02:05:28,993 - INFO - ✅ BNB: 成交额 $20,747.51 USDT
2025-12-25 02:05:28,996 - INFO - 💾 BNB: 数据已保存 - NONE ($20,747.51)
2025-12-25 02:05:29,731 - INFO - ✅ LTC: 成交额 $477.68 USDT
2025-12-25 02:05:29,734 - INFO - 💾 LTC: 数据已保存 - NONE ($477.68)
2025-12-25 02:05:30,465 - INFO - ✅ DOGE: 成交额 $16,040.77 USDT
2025-12-25 02:05:30,467 - INFO - 💾 DOGE: 数据已保存 - NONE ($16,040.77)
2025-12-25 02:05:31,197 - INFO - ✅ SUI: 成交额 $33,869.30 USDT
2025-12-25 02:05:31,200 - INFO - 💾 SUI: 数据已保存 - NONE ($33,869.30)
2025-12-25 02:05:31,932 - INFO - ✅ TRX: 成交额 $1,429.73 USDT
2025-12-25 02:05:31,935 - INFO - 💾 TRX: 数据已保存 - NONE ($1,429.73)
2025-12-25 02:05:32,666 - INFO - ✅ TON: 成交额 $10,372.59 USDT
2025-12-25 02:05:32,669 - INFO - 💾 TON: 数据已保存 - NONE ($10,372.59)
2025-12-25 02:05:33,411 - INFO - ✅ ETC: 成交额 $55.25 USDT
2025-12-25 02:05:33,414 - INFO - 💾 ETC: 数据已保存 - NONE ($55.25)
2025-12-25 02:05:34,153 - INFO - ✅ BCH: 成交额 $7,562.55 USDT
2025-12-25 02:05:34,158 - INFO - 💾 BCH: 数据已保存 - NONE ($7,562.55)
2025-12-25 02:05:34,894 - INFO - ✅ HBAR: 成交额 $6,485.13 USDT
2025-12-25 02:05:34,897 - INFO - 💾 HBAR: 数据已保存 - NONE ($6,485.13)
2025-12-25 02:05:35,622 - INFO - ✅ XLM: 成交额 $749.84 USDT
2025-12-25 02:05:35,625 - INFO - 💾 XLM: 数据已保存 - NONE ($749.84)
2025-12-25 02:05:36,354 - INFO - ✅ FIL: 成交额 $3,834.79 USDT
2025-12-25 02:05:36,357 - INFO - 💾 FIL: 数据已保存 - NONE ($3,834.79)
2025-12-25 02:05:37,092 - INFO - ✅ ADA: 成交额 $5,895.70 USDT
2025-12-25 02:05:37,095 - INFO - 💾 ADA: 数据已保存 - NONE ($5,895.70)
2025-12-25 02:05:37,831 - INFO - ✅ LINK: 成交额 $10,085.26 USDT
2025-12-25 02:05:37,834 - INFO - 💾 LINK: 数据已保存 - NONE ($10,085.26)
2025-12-25 02:05:38,567 - INFO - ✅ CRO: 成交额 $2,879.61 USDT
2025-12-25 02:05:38,570 - INFO - 💾 CRO: 数据已保存 - NONE ($2,879.61)
2025-12-25 02:05:39,298 - INFO - ✅ DOT: 成交额 $17,846.21 USDT
2025-12-25 02:05:39,301 - INFO - 💾 DOT: 数据已保存 - NONE ($17,846.21)
2025-12-25 02:05:40,032 - INFO - ✅ UNI: 成交额 $638.65 USDT
2025-12-25 02:05:40,035 - INFO - 💾 UNI: 数据已保存 - NONE ($638.65)
2025-12-25 02:05:40,779 - INFO - ✅ NEAR: 成交额 $414.10 USDT
2025-12-25 02:05:40,781 - INFO - 💾 NEAR: 数据已保存 - NONE ($414.10)
2025-12-25 02:05:41,515 - INFO - ✅ APT: 成交额 $1,233.31 USDT
2025-12-25 02:05:41,518 - INFO - 💾 APT: 数据已保存 - NONE ($1,233.31)
2025-12-25 02:05:42,250 - INFO - ✅ CFX: 成交额 $23,986.49 USDT
2025-12-25 02:05:42,253 - INFO - 💾 CFX: 数据已保存 - NONE ($23,986.49)
2025-12-25 02:05:42,991 - INFO - ✅ CRV: 成交额 $31.79 USDT
2025-12-25 02:05:42,994 - INFO - 💾 CRV: 数据已保存 - NONE ($31.79)
2025-12-25 02:05:43,731 - INFO - ✅ STX: 成交额 $419.27 USDT
2025-12-25 02:05:43,733 - INFO - 💾 STX: 数据已保存 - NONE ($419.27)
2025-12-25 02:05:44,468 - INFO - ✅ LDO: 成交额 $2.70 USDT
2025-12-25 02:05:44,471 - INFO - 💾 LDO: 数据已保存 - NONE ($2.70)
2025-12-25 02:05:45,216 - INFO - ✅ TAO: 成交额 $1,416.12 USDT
2025-12-25 02:05:45,219 - INFO - 💾 TAO: 数据已保存 - NONE ($1,416.12)
2025-12-25 02:05:45,722 - INFO - ✅ 本轮采集完成: 27/27 成功
2025-12-25 02:05:45,722 - INFO - ============================================================
2025-12-25 02:06:15,723 - INFO - 
🔄 第 17 轮采集
2025-12-25 02:06:15,723 - INFO - ============================================================
2025-12-25 02:06:15,723 - INFO - 🔄 开始新一轮数据采集
2025-12-25 02:06:15,962 - INFO - ✅ BTC: 成交额 $908,323.31 USDT
2025-12-25 02:06:15,965 - INFO - 🔄 BTC: 数据已更新 - V1 ($908,323.31)
2025-12-25 02:06:16,706 - INFO - ✅ ETH: 成交额 $1,242,213.20 USDT
2025-12-25 02:06:16,709 - INFO - 🔄 ETH: 数据已更新 - V2 ($1,242,213.20)
2025-12-25 02:06:17,452 - INFO - ✅ XRP: 成交额 $15,258.09 USDT
2025-12-25 02:06:17,455 - INFO - 🔄 XRP: 数据已更新 - NONE ($15,258.09)
2025-12-25 02:06:18,199 - INFO - ✅ SOL: 成交额 $179,123.54 USDT
2025-12-25 02:06:18,201 - INFO - 🔄 SOL: 数据已更新 - NONE ($179,123.54)
2025-12-25 02:06:18,937 - INFO - ✅ BNB: 成交额 $31,066.27 USDT
2025-12-25 02:06:18,940 - INFO - 🔄 BNB: 数据已更新 - NONE ($31,066.27)
2025-12-25 02:06:19,672 - INFO - ✅ LTC: 成交额 $5,891.17 USDT
2025-12-25 02:06:19,675 - INFO - 🔄 LTC: 数据已更新 - NONE ($5,891.17)
2025-12-25 02:06:20,416 - INFO - ✅ DOGE: 成交额 $41,556.07 USDT
2025-12-25 02:06:20,421 - INFO - 🔄 DOGE: 数据已更新 - NONE ($41,556.07)
2025-12-25 02:06:21,156 - INFO - ✅ SUI: 成交额 $38,818.32 USDT
2025-12-25 02:06:21,159 - INFO - 🔄 SUI: 数据已更新 - NONE ($38,818.32)
2025-12-25 02:06:21,899 - INFO - ✅ TRX: 成交额 $2,155.81 USDT
2025-12-25 02:06:21,902 - INFO - 🔄 TRX: 数据已更新 - NONE ($2,155.81)
2025-12-25 02:06:22,635 - INFO - ✅ TON: 成交额 $10,948.63 USDT
2025-12-25 02:06:22,637 - INFO - 🔄 TON: 数据已更新 - NONE ($10,948.63)
2025-12-25 02:06:23,371 - INFO - ✅ ETC: 成交额 $86.47 USDT
2025-12-25 02:06:23,374 - INFO - 🔄 ETC: 数据已更新 - NONE ($86.47)
2025-12-25 02:06:24,108 - INFO - ✅ BCH: 成交额 $30,515.04 USDT
2025-12-25 02:06:24,111 - INFO - 🔄 BCH: 数据已更新 - NONE ($30,515.04)
2025-12-25 02:06:24,842 - INFO - ✅ HBAR: 成交额 $9,883.97 USDT
2025-12-25 02:06:24,845 - INFO - 🔄 HBAR: 数据已更新 - NONE ($9,883.97)
2025-12-25 02:06:25,581 - INFO - ✅ XLM: 成交额 $1,591.19 USDT
2025-12-25 02:06:25,584 - INFO - 🔄 XLM: 数据已更新 - NONE ($1,591.19)
2025-12-25 02:06:26,504 - INFO - ✅ FIL: 成交额 $11,435.12 USDT
2025-12-25 02:06:26,507 - INFO - 🔄 FIL: 数据已更新 - NONE ($11,435.12)
2025-12-25 02:06:27,236 - INFO - ✅ ADA: 成交额 $13,521.77 USDT
2025-12-25 02:06:27,239 - INFO - 🔄 ADA: 数据已更新 - NONE ($13,521.77)
2025-12-25 02:06:27,967 - INFO - ✅ LINK: 成交额 $22,556.75 USDT
2025-12-25 02:06:27,970 - INFO - 🔄 LINK: 数据已更新 - NONE ($22,556.75)
2025-12-25 02:06:28,703 - INFO - ✅ CRO: 成交额 $4,319.97 USDT
2025-12-25 02:06:28,705 - INFO - 🔄 CRO: 数据已更新 - NONE ($4,319.97)
2025-12-25 02:06:29,438 - INFO - ✅ DOT: 成交额 $24,040.43 USDT
2025-12-25 02:06:29,441 - INFO - 🔄 DOT: 数据已更新 - NONE ($24,040.43)
2025-12-25 02:06:30,171 - INFO - ✅ UNI: 成交额 $7,681.51 USDT
2025-12-25 02:06:30,174 - INFO - 🔄 UNI: 数据已更新 - NONE ($7,681.51)
2025-12-25 02:06:30,919 - INFO - ✅ NEAR: 成交额 $1,101.78 USDT
2025-12-25 02:06:30,922 - INFO - 🔄 NEAR: 数据已更新 - NONE ($1,101.78)
2025-12-25 02:06:31,664 - INFO - ✅ APT: 成交额 $39,479.62 USDT
2025-12-25 02:06:31,666 - INFO - 🔄 APT: 数据已更新 - NONE ($39,479.62)
2025-12-25 02:06:32,396 - INFO - ✅ CFX: 成交额 $24,482.44 USDT
2025-12-25 02:06:32,399 - INFO - 🔄 CFX: 数据已更新 - NONE ($24,482.44)
2025-12-25 02:06:33,128 - INFO - ✅ CRV: 成交额 $6,978.44 USDT
2025-12-25 02:06:33,131 - INFO - 🔄 CRV: 数据已更新 - NONE ($6,978.44)
2025-12-25 02:06:33,869 - INFO - ✅ STX: 成交额 $419.27 USDT
2025-12-25 02:06:33,872 - INFO - 🔄 STX: 数据已更新 - NONE ($419.27)
2025-12-25 02:06:34,603 - INFO - ✅ LDO: 成交额 $11.33 USDT
2025-12-25 02:06:34,605 - INFO - 🔄 LDO: 数据已更新 - NONE ($11.33)
2025-12-25 02:06:35,333 - INFO - ✅ TAO: 成交额 $1,416.12 USDT
2025-12-25 02:06:35,336 - INFO - 🔄 TAO: 数据已更新 - NONE ($1,416.12)
2025-12-25 02:06:35,838 - INFO - ✅ 本轮采集完成: 27/27 成功
2025-12-25 02:06:35,839 - INFO - ============================================================
2025-12-25 02:07:05,839 - INFO - 
🔄 第 18 轮采集
2025-12-25 02:07:05,840 - INFO - ============================================================
2025-12-25 02:07:05,840 - INFO - 🔄 开始新一轮数据采集
2025-12-25 02:07:06,073 - INFO - ✅ BTC: 成交额 $1,402,586.51 USDT
2025-12-25 02:07:06,075 - INFO - 🔄 BTC: 数据已更新 - V1 ($1,402,586.51)
2025-12-25 02:07:06,813 - INFO - ✅ ETH: 成交额 $1,981,832.59 USDT
2025-12-25 02:07:06,816 - INFO - 🔄 ETH: 数据已更新 - V1 ($1,981,832.59)
2025-12-25 02:07:07,548 - INFO - ✅ XRP: 成交额 $22,041.14 USDT
2025-12-25 02:07:07,551 - INFO - 🔄 XRP: 数据已更新 - NONE ($22,041.14)
2025-12-25 02:07:08,292 - INFO - ✅ SOL: 成交额 $274,430.08 USDT
2025-12-25 02:07:08,295 - INFO - 🔄 SOL: 数据已更新 - V2 ($274,430.08)
2025-12-25 02:07:09,026 - INFO - ✅ BNB: 成交额 $43,627.39 USDT
2025-12-25 02:07:09,028 - INFO - 🔄 BNB: 数据已更新 - NONE ($43,627.39)
2025-12-25 02:07:09,757 - INFO - ✅ LTC: 成交额 $8,674.61 USDT
2025-12-25 02:07:09,760 - INFO - 🔄 LTC: 数据已更新 - NONE ($8,674.61)
2025-12-25 02:07:10,497 - INFO - ✅ DOGE: 成交额 $76,651.51 USDT
2025-12-25 02:07:10,500 - INFO - 🔄 DOGE: 数据已更新 - V2 ($76,651.51)
2025-12-25 02:07:11,240 - INFO - ✅ SUI: 成交额 $41,449.61 USDT
2025-12-25 02:07:11,242 - INFO - 🔄 SUI: 数据已更新 - NONE ($41,449.61)
2025-12-25 02:07:11,981 - INFO - ✅ TRX: 成交额 $2,155.81 USDT
2025-12-25 02:07:11,984 - INFO - 🔄 TRX: 数据已更新 - NONE ($2,155.81)
2025-12-25 02:07:12,717 - INFO - ✅ TON: 成交额 $24,758.81 USDT
2025-12-25 02:07:12,719 - INFO - 🔄 TON: 数据已更新 - NONE ($24,758.81)
2025-12-25 02:07:13,453 - INFO - ✅ ETC: 成交额 $120.10 USDT
2025-12-25 02:07:13,455 - INFO - 🔄 ETC: 数据已更新 - NONE ($120.10)
2025-12-25 02:07:14,183 - INFO - ✅ BCH: 成交额 $39,896.64 USDT
2025-12-25 02:07:14,185 - INFO - 🔄 BCH: 数据已更新 - NONE ($39,896.64)
2025-12-25 02:07:14,914 - INFO - ✅ HBAR: 成交额 $9,883.97 USDT
2025-12-25 02:07:14,917 - INFO - 🔄 HBAR: 数据已更新 - NONE ($9,883.97)
2025-12-25 02:07:15,639 - INFO - ✅ XLM: 成交额 $2,925.90 USDT
2025-12-25 02:07:15,642 - INFO - 🔄 XLM: 数据已更新 - NONE ($2,925.90)
2025-12-25 02:07:16,372 - INFO - ✅ FIL: 成交额 $11,558.15 USDT
2025-12-25 02:07:16,374 - INFO - 🔄 FIL: 数据已更新 - NONE ($11,558.15)
2025-12-25 02:07:17,104 - INFO - ✅ ADA: 成交额 $14,959.73 USDT
2025-12-25 02:07:17,107 - INFO - 🔄 ADA: 数据已更新 - NONE ($14,959.73)
2025-12-25 02:07:17,849 - INFO - ✅ LINK: 成交额 $25,505.87 USDT
2025-12-25 02:07:17,852 - INFO - 🔄 LINK: 数据已更新 - NONE ($25,505.87)
2025-12-25 02:07:18,599 - INFO - ✅ CRO: 成交额 $4,802.20 USDT
2025-12-25 02:07:18,603 - INFO - 🔄 CRO: 数据已更新 - NONE ($4,802.20)
2025-12-25 02:07:19,342 - INFO - ✅ DOT: 成交额 $31,699.67 USDT
2025-12-25 02:07:19,345 - INFO - 🔄 DOT: 数据已更新 - NONE ($31,699.67)
2025-12-25 02:07:20,078 - INFO - ✅ UNI: 成交额 $12,568.60 USDT
2025-12-25 02:07:20,081 - INFO - 🔄 UNI: 数据已更新 - NONE ($12,568.60)
2025-12-25 02:07:20,805 - INFO - ✅ NEAR: 成交额 $3,514.76 USDT
2025-12-25 02:07:20,808 - INFO - 🔄 NEAR: 数据已更新 - NONE ($3,514.76)
2025-12-25 02:07:21,551 - INFO - ✅ APT: 成交额 $40,300.94 USDT
2025-12-25 02:07:21,554 - INFO - 🔄 APT: 数据已更新 - NONE ($40,300.94)
2025-12-25 02:07:22,293 - INFO - ✅ CFX: 成交额 $29,156.25 USDT
2025-12-25 02:07:22,296 - INFO - 🔄 CFX: 数据已更新 - NONE ($29,156.25)
2025-12-25 02:07:23,030 - INFO - ✅ CRV: 成交额 $12,157.76 USDT
2025-12-25 02:07:23,033 - INFO - 🔄 CRV: 数据已更新 - NONE ($12,157.76)
2025-12-25 02:07:23,767 - INFO - ✅ STX: 成交额 $419.27 USDT
2025-12-25 02:07:23,770 - INFO - 🔄 STX: 数据已更新 - NONE ($419.27)
2025-12-25 02:07:24,507 - INFO - ✅ LDO: 成交额 $538.55 USDT
2025-12-25 02:07:24,511 - INFO - 🔄 LDO: 数据已更新 - NONE ($538.55)
2025-12-25 02:07:25,250 - INFO - ✅ TAO: 成交额 $1,549.28 USDT
2025-12-25 02:07:25,253 - INFO - 🔄 TAO: 数据已更新 - NONE ($1,549.28)
2025-12-25 02:07:25,756 - INFO - ✅ 本轮采集完成: 27/27 成功
2025-12-25 02:07:25,756 - INFO - ============================================================
2025-12-25 02:07:55,756 - INFO - 
🔄 第 19 轮采集
2025-12-25 02:07:55,757 - INFO - ============================================================
2025-12-25 02:07:55,757 - INFO - 🔄 开始新一轮数据采集
2025-12-25 02:07:55,978 - INFO - ✅ BTC: 成交额 $1,662,089.67 USDT
2025-12-25 02:07:55,981 - INFO - 🔄 BTC: 数据已更新 - V1 ($1,662,089.67)
2025-12-25 02:07:56,706 - INFO - ✅ ETH: 成交额 $2,538,915.70 USDT
2025-12-25 02:07:56,709 - INFO - 🔄 ETH: 数据已更新 - V1 ($2,538,915.70)
2025-12-25 02:07:57,439 - INFO - ✅ XRP: 成交额 $28,516.52 USDT
2025-12-25 02:07:57,442 - INFO - 🔄 XRP: 数据已更新 - NONE ($28,516.52)
2025-12-25 02:07:58,178 - INFO - ✅ SOL: 成交额 $367,766.26 USDT
2025-12-25 02:07:58,181 - INFO - 🔄 SOL: 数据已更新 - V1 ($367,766.26)
2025-12-25 02:07:58,919 - INFO - ✅ BNB: 成交额 $43,805.03 USDT
2025-12-25 02:07:58,922 - INFO - 🔄 BNB: 数据已更新 - NONE ($43,805.03)
2025-12-25 02:07:59,659 - INFO - ✅ LTC: 成交额 $9,433.29 USDT
2025-12-25 02:07:59,662 - INFO - 🔄 LTC: 数据已更新 - NONE ($9,433.29)
2025-12-25 02:08:00,416 - INFO - ✅ DOGE: 成交额 $143,586.59 USDT
2025-12-25 02:08:00,419 - INFO - 🔄 DOGE: 数据已更新 - V2 ($143,586.59)
2025-12-25 02:08:01,151 - INFO - ✅ SUI: 成交额 $42,047.78 USDT
2025-12-25 02:08:01,154 - INFO - 🔄 SUI: 数据已更新 - NONE ($42,047.78)
2025-12-25 02:08:01,897 - INFO - ✅ TRX: 成交额 $3,762.11 USDT
2025-12-25 02:08:01,899 - INFO - 🔄 TRX: 数据已更新 - NONE ($3,762.11)
2025-12-25 02:08:02,630 - INFO - ✅ TON: 成交额 $37,668.68 USDT
2025-12-25 02:08:02,632 - INFO - 🔄 TON: 数据已更新 - NONE ($37,668.68)
2025-12-25 02:08:03,368 - INFO - ✅ ETC: 成交额 $184.95 USDT
2025-12-25 02:08:03,370 - INFO - 🔄 ETC: 数据已更新 - NONE ($184.95)
2025-12-25 02:08:04,112 - INFO - ✅ BCH: 成交额 $39,993.10 USDT
2025-12-25 02:08:04,115 - INFO - 🔄 BCH: 数据已更新 - NONE ($39,993.10)
2025-12-25 02:08:04,857 - INFO - ✅ HBAR: 成交额 $9,926.64 USDT
2025-12-25 02:08:04,860 - INFO - 🔄 HBAR: 数据已更新 - NONE ($9,926.64)
2025-12-25 02:08:05,591 - INFO - ✅ XLM: 成交额 $3,068.30 USDT
2025-12-25 02:08:05,594 - INFO - 🔄 XLM: 数据已更新 - NONE ($3,068.30)
2025-12-25 02:08:06,316 - INFO - ✅ FIL: 成交额 $21,609.56 USDT
2025-12-25 02:08:06,319 - INFO - 🔄 FIL: 数据已更新 - NONE ($21,609.56)
2025-12-25 02:08:07,042 - INFO - ✅ ADA: 成交额 $19,456.30 USDT
2025-12-25 02:08:07,045 - INFO - 🔄 ADA: 数据已更新 - NONE ($19,456.30)
2025-12-25 02:08:07,788 - INFO - ✅ LINK: 成交额 $26,034.28 USDT
2025-12-25 02:08:07,791 - INFO - 🔄 LINK: 数据已更新 - NONE ($26,034.28)
2025-12-25 02:08:08,520 - INFO - ✅ CRO: 成交额 $5,688.82 USDT
2025-12-25 02:08:08,524 - INFO - 🔄 CRO: 数据已更新 - NONE ($5,688.82)
2025-12-25 02:08:09,365 - INFO - ✅ DOT: 成交额 $32,109.38 USDT
2025-12-25 02:08:09,368 - INFO - 🔄 DOT: 数据已更新 - NONE ($32,109.38)
2025-12-25 02:08:10,106 - INFO - ✅ UNI: 成交额 $16,288.83 USDT
2025-12-25 02:08:10,110 - INFO - 🔄 UNI: 数据已更新 - NONE ($16,288.83)
2025-12-25 02:08:10,851 - INFO - ✅ NEAR: 成交额 $3,909.90 USDT
2025-12-25 02:08:10,854 - INFO - 🔄 NEAR: 数据已更新 - NONE ($3,909.90)
2025-12-25 02:08:11,597 - INFO - ✅ APT: 成交额 $44,907.92 USDT
2025-12-25 02:08:11,599 - INFO - 🔄 APT: 数据已更新 - NONE ($44,907.92)
2025-12-25 02:08:12,327 - INFO - ✅ CFX: 成交额 $36,289.41 USDT
2025-12-25 02:08:12,330 - INFO - 🔄 CFX: 数据已更新 - NONE ($36,289.41)
2025-12-25 02:08:13,136 - INFO - ✅ CRV: 成交额 $12,220.57 USDT
2025-12-25 02:08:13,139 - INFO - 🔄 CRV: 数据已更新 - NONE ($12,220.57)
2025-12-25 02:08:13,878 - INFO - ✅ STX: 成交额 $419.27 USDT
2025-12-25 02:08:13,881 - INFO - 🔄 STX: 数据已更新 - NONE ($419.27)
2025-12-25 02:08:14,620 - INFO - ✅ LDO: 成交额 $1,765.19 USDT
2025-12-25 02:08:14,623 - INFO - 🔄 LDO: 数据已更新 - NONE ($1,765.19)
2025-12-25 02:08:15,350 - INFO - ✅ TAO: 成交额 $2,288.94 USDT
2025-12-25 02:08:15,353 - INFO - 🔄 TAO: 数据已更新 - NONE ($2,288.94)
2025-12-25 02:08:15,855 - INFO - ✅ 本轮采集完成: 27/27 成功
2025-12-25 02:08:15,856 - INFO - ============================================================
2025-12-25 02:08:45,856 - INFO - 
🔄 第 20 轮采集
2025-12-25 02:08:45,856 - INFO - ============================================================
2025-12-25 02:08:45,856 - INFO - 🔄 开始新一轮数据采集
2025-12-25 02:08:46,100 - INFO - ✅ BTC: 成交额 $2,486,389.56 USDT
2025-12-25 02:08:46,103 - INFO - 🔄 BTC: 数据已更新 - V1 ($2,486,389.56)
2025-12-25 02:08:46,843 - INFO - ✅ ETH: 成交额 $3,032,884.44 USDT
2025-12-25 02:08:46,846 - INFO - 🔄 ETH: 数据已更新 - V1 ($3,032,884.44)
2025-12-25 02:08:47,578 - INFO - ✅ XRP: 成交额 $36,636.71 USDT
2025-12-25 02:08:47,580 - INFO - 🔄 XRP: 数据已更新 - NONE ($36,636.71)
2025-12-25 02:08:48,307 - INFO - ✅ SOL: 成交额 $453,103.92 USDT
2025-12-25 02:08:48,310 - INFO - 🔄 SOL: 数据已更新 - V1 ($453,103.92)
2025-12-25 02:08:49,046 - INFO - ✅ BNB: 成交额 $54,209.36 USDT
2025-12-25 02:08:49,049 - INFO - 🔄 BNB: 数据已更新 - NONE ($54,209.36)
2025-12-25 02:08:49,784 - INFO - ✅ LTC: 成交额 $11,633.08 USDT
2025-12-25 02:08:49,788 - INFO - 🔄 LTC: 数据已更新 - NONE ($11,633.08)
2025-12-25 02:08:50,525 - INFO - ✅ DOGE: 成交额 $173,660.01 USDT
2025-12-25 02:08:50,528 - INFO - 🔄 DOGE: 数据已更新 - V1 ($173,660.01)
2025-12-25 02:08:51,273 - INFO - ✅ SUI: 成交额 $75,706.38 USDT
2025-12-25 02:08:51,275 - INFO - 🔄 SUI: 数据已更新 - NONE ($75,706.38)
2025-12-25 02:08:52,004 - INFO - ✅ TRX: 成交额 $10,046.89 USDT
2025-12-25 02:08:52,007 - INFO - 🔄 TRX: 数据已更新 - V2 ($10,046.89)
2025-12-25 02:08:52,737 - INFO - ✅ TON: 成交额 $39,671.69 USDT
2025-12-25 02:08:52,740 - INFO - 🔄 TON: 数据已更新 - NONE ($39,671.69)
2025-12-25 02:08:53,485 - INFO - ✅ ETC: 成交额 $228.19 USDT
2025-12-25 02:08:53,488 - INFO - 🔄 ETC: 数据已更新 - NONE ($228.19)
2025-12-25 02:08:54,228 - INFO - ✅ BCH: 成交额 $120,603.03 USDT
2025-12-25 02:08:54,231 - INFO - 🔄 BCH: 数据已更新 - V1 ($120,603.03)
2025-12-25 02:08:54,962 - INFO - ✅ HBAR: 成交额 $9,955.08 USDT
2025-12-25 02:08:54,965 - INFO - 🔄 HBAR: 数据已更新 - NONE ($9,955.08)
2025-12-25 02:08:55,697 - INFO - ✅ XLM: 成交额 $3,221.32 USDT
2025-12-25 02:08:55,700 - INFO - 🔄 XLM: 数据已更新 - NONE ($3,221.32)
2025-12-25 02:08:56,437 - INFO - ✅ FIL: 成交额 $30,570.09 USDT
2025-12-25 02:08:56,440 - INFO - 🔄 FIL: 数据已更新 - NONE ($30,570.09)
2025-12-25 02:08:57,178 - INFO - ✅ ADA: 成交额 $43,199.01 USDT
2025-12-25 02:08:57,181 - INFO - 🔄 ADA: 数据已更新 - NONE ($43,199.01)
2025-12-25 02:08:57,919 - INFO - ✅ LINK: 成交额 $29,929.29 USDT
2025-12-25 02:08:57,922 - INFO - 🔄 LINK: 数据已更新 - NONE ($29,929.29)
2025-12-25 02:08:58,659 - INFO - ✅ CRO: 成交额 $5,688.82 USDT
2025-12-25 02:08:58,662 - INFO - 🔄 CRO: 数据已更新 - NONE ($5,688.82)
2025-12-25 02:08:59,394 - INFO - ✅ DOT: 成交额 $36,333.08 USDT
2025-12-25 02:08:59,397 - INFO - 🔄 DOT: 数据已更新 - NONE ($36,333.08)
2025-12-25 02:09:00,138 - INFO - ✅ UNI: 成交额 $30,859.24 USDT
2025-12-25 02:09:00,141 - INFO - 🔄 UNI: 数据已更新 - NONE ($30,859.24)
2025-12-25 02:09:00,866 - INFO - ✅ NEAR: 成交额 $4,881.27 USDT
2025-12-25 02:09:00,868 - INFO - 🔄 NEAR: 数据已更新 - NONE ($4,881.27)
2025-12-25 02:09:01,607 - INFO - ✅ APT: 成交额 $46,096.36 USDT
2025-12-25 02:09:01,610 - INFO - 🔄 APT: 数据已更新 - NONE ($46,096.36)
2025-12-25 02:09:02,344 - INFO - ✅ CFX: 成交额 $52,167.27 USDT
2025-12-25 02:09:02,346 - INFO - 🔄 CFX: 数据已更新 - NONE ($52,167.27)
2025-12-25 02:09:03,082 - INFO - ✅ CRV: 成交额 $15,464.88 USDT
2025-12-25 02:09:03,085 - INFO - 🔄 CRV: 数据已更新 - NONE ($15,464.88)
2025-12-25 02:09:03,826 - INFO - ✅ STX: 成交额 $419.27 USDT
2025-12-25 02:09:03,829 - INFO - 🔄 STX: 数据已更新 - NONE ($419.27)
2025-12-25 02:09:04,557 - INFO - ✅ LDO: 成交额 $1,813.20 USDT
2025-12-25 02:09:04,563 - INFO - 🔄 LDO: 数据已更新 - NONE ($1,813.20)
2025-12-25 02:09:05,304 - INFO - ✅ TAO: 成交额 $2,478.63 USDT
2025-12-25 02:09:05,308 - INFO - 🔄 TAO: 数据已更新 - NONE ($2,478.63)
2025-12-25 02:09:05,814 - INFO - ✅ 本轮采集完成: 27/27 成功
2025-12-25 02:09:05,814 - INFO - ============================================================
2025-12-25 02:09:35,815 - INFO - 
🔄 第 21 轮采集
2025-12-25 02:09:35,815 - INFO - ============================================================
2025-12-25 02:09:35,815 - INFO - 🔄 开始新一轮数据采集
2025-12-25 02:09:36,040 - INFO - ✅ BTC: 成交额 $2,965,878.10 USDT
2025-12-25 02:09:36,042 - INFO - 🔄 BTC: 数据已更新 - V1 ($2,965,878.10)
2025-12-25 02:09:36,784 - INFO - ✅ ETH: 成交额 $3,711,314.73 USDT
2025-12-25 02:09:36,786 - INFO - 🔄 ETH: 数据已更新 - V1 ($3,711,314.73)
2025-12-25 02:09:37,522 - INFO - ✅ XRP: 成交额 $51,077.85 USDT
2025-12-25 02:09:37,525 - INFO - 🔄 XRP: 数据已更新 - NONE ($51,077.85)
2025-12-25 02:09:38,262 - INFO - ✅ SOL: 成交额 $631,271.17 USDT
2025-12-25 02:09:38,265 - INFO - 🔄 SOL: 数据已更新 - V1 ($631,271.17)
2025-12-25 02:09:39,003 - INFO - ✅ BNB: 成交额 $66,253.56 USDT
2025-12-25 02:09:39,006 - INFO - 🔄 BNB: 数据已更新 - NONE ($66,253.56)
2025-12-25 02:09:39,745 - INFO - ✅ LTC: 成交额 $12,603.74 USDT
2025-12-25 02:09:39,747 - INFO - 🔄 LTC: 数据已更新 - NONE ($12,603.74)
2025-12-25 02:09:40,486 - INFO - ✅ DOGE: 成交额 $219,274.23 USDT
2025-12-25 02:09:40,489 - INFO - 🔄 DOGE: 数据已更新 - V1 ($219,274.23)
2025-12-25 02:09:41,214 - INFO - ✅ SUI: 成交额 $87,912.39 USDT
2025-12-25 02:09:41,216 - INFO - 🔄 SUI: 数据已更新 - NONE ($87,912.39)
2025-12-25 02:09:41,946 - INFO - ✅ TRX: 成交额 $19,963.15 USDT
2025-12-25 02:09:41,949 - INFO - 🔄 TRX: 数据已更新 - V1 ($19,963.15)
2025-12-25 02:09:42,684 - INFO - ✅ TON: 成交额 $41,649.03 USDT
2025-12-25 02:09:42,687 - INFO - 🔄 TON: 数据已更新 - NONE ($41,649.03)
2025-12-25 02:09:43,429 - INFO - ✅ ETC: 成交额 $261.82 USDT
2025-12-25 02:09:43,432 - INFO - 🔄 ETC: 数据已更新 - NONE ($261.82)
2025-12-25 02:09:44,161 - INFO - ✅ BCH: 成交额 $163,325.79 USDT
2025-12-25 02:09:44,164 - INFO - 🔄 BCH: 数据已更新 - V1 ($163,325.79)
2025-12-25 02:09:44,895 - INFO - ✅ HBAR: 成交额 $14,695.66 USDT
2025-12-25 02:09:44,898 - INFO - 🔄 HBAR: 数据已更新 - NONE ($14,695.66)
2025-12-25 02:09:45,637 - INFO - ✅ XLM: 成交额 $3,712.18 USDT
2025-12-25 02:09:45,640 - INFO - 🔄 XLM: 数据已更新 - NONE ($3,712.18)
2025-12-25 02:09:46,389 - INFO - ✅ FIL: 成交额 $46,131.23 USDT
2025-12-25 02:09:46,390 - INFO - 🔄 FIL: 数据已更新 - NONE ($46,131.23)
2025-12-25 02:09:47,129 - INFO - ✅ ADA: 成交额 $60,490.34 USDT
2025-12-25 02:09:47,130 - INFO - 🔄 ADA: 数据已更新 - V2 ($60,490.34)
2025-12-25 02:09:47,868 - INFO - ✅ LINK: 成交额 $30,554.71 USDT
2025-12-25 02:09:47,871 - INFO - 🔄 LINK: 数据已更新 - NONE ($30,554.71)
2025-12-25 02:09:48,608 - INFO - ✅ CRO: 成交额 $7,654.93 USDT
2025-12-25 02:09:48,611 - INFO - 🔄 CRO: 数据已更新 - NONE ($7,654.93)
2025-12-25 02:09:49,343 - INFO - ✅ DOT: 成交额 $45,025.02 USDT
2025-12-25 02:09:49,346 - INFO - 🔄 DOT: 数据已更新 - NONE ($45,025.02)
2025-12-25 02:09:50,081 - INFO - ✅ UNI: 成交额 $37,483.81 USDT
2025-12-25 02:09:50,084 - INFO - 🔄 UNI: 数据已更新 - NONE ($37,483.81)
2025-12-25 02:09:50,823 - INFO - ✅ NEAR: 成交额 $5,062.80 USDT
2025-12-25 02:09:50,826 - INFO - 🔄 NEAR: 数据已更新 - NONE ($5,062.80)
2025-12-25 02:09:51,568 - INFO - ✅ APT: 成交额 $58,345.58 USDT
2025-12-25 02:09:51,571 - INFO - 🔄 APT: 数据已更新 - NONE ($58,345.58)
2025-12-25 02:09:52,306 - INFO - ✅ CFX: 成交额 $55,394.29 USDT
2025-12-25 02:09:52,309 - INFO - 🔄 CFX: 数据已更新 - NONE ($55,394.29)
2025-12-25 02:09:53,044 - INFO - ✅ CRV: 成交额 $16,179.51 USDT
2025-12-25 02:09:53,047 - INFO - 🔄 CRV: 数据已更新 - NONE ($16,179.51)
2025-12-25 02:09:53,781 - INFO - ✅ STX: 成交额 $419.27 USDT
2025-12-25 02:09:53,783 - INFO - 🔄 STX: 数据已更新 - NONE ($419.27)
2025-12-25 02:09:54,518 - INFO - ✅ LDO: 成交额 $2,534.45 USDT
2025-12-25 02:09:54,521 - INFO - 🔄 LDO: 数据已更新 - NONE ($2,534.45)
2025-12-25 02:09:55,256 - INFO - ✅ TAO: 成交额 $3,774.16 USDT
2025-12-25 02:09:55,259 - INFO - 🔄 TAO: 数据已更新 - NONE ($3,774.16)
2025-12-25 02:09:55,761 - INFO - ✅ 本轮采集完成: 27/27 成功
2025-12-25 02:09:55,761 - INFO - ============================================================
2025-12-25 02:10:25,762 - INFO - 
🔄 第 22 轮采集
2025-12-25 02:10:25,762 - INFO - ============================================================
2025-12-25 02:10:25,762 - INFO - 🔄 开始新一轮数据采集
2025-12-25 02:10:25,992 - INFO - ✅ BTC: 成交额 $176,422.58 USDT
2025-12-25 02:10:25,994 - INFO - 💾 BTC: 数据已保存 - V2 ($176,422.58)
2025-12-25 02:10:26,727 - INFO - ✅ ETH: 成交额 $1,677,784.47 USDT
2025-12-25 02:10:26,730 - INFO - 💾 ETH: 数据已保存 - V1 ($1,677,784.47)
2025-12-25 02:10:27,458 - INFO - ✅ XRP: 成交额 $21,176.08 USDT
2025-12-25 02:10:27,460 - INFO - 💾 XRP: 数据已保存 - NONE ($21,176.08)
2025-12-25 02:10:28,205 - INFO - ✅ SOL: 成交额 $33,341.76 USDT
2025-12-25 02:10:28,207 - INFO - 💾 SOL: 数据已保存 - NONE ($33,341.76)
2025-12-25 02:10:28,945 - INFO - ✅ BNB: 成交额 $998.05 USDT
2025-12-25 02:10:28,947 - INFO - 💾 BNB: 数据已保存 - NONE ($998.05)
2025-12-25 02:10:29,673 - INFO - ✅ LTC: 成交额 $530.74 USDT
2025-12-25 02:10:29,675 - INFO - 💾 LTC: 数据已保存 - NONE ($530.74)
2025-12-25 02:10:30,412 - INFO - ✅ DOGE: 成交额 $17,678.13 USDT
2025-12-25 02:10:30,415 - INFO - 💾 DOGE: 数据已保存 - NONE ($17,678.13)
2025-12-25 02:10:31,137 - INFO - ✅ SUI: 成交额 $967.60 USDT
2025-12-25 02:10:31,140 - INFO - 💾 SUI: 数据已保存 - NONE ($967.60)
2025-12-25 02:10:31,873 - INFO - ✅ TRX: 成交额 $5.61 USDT
2025-12-25 02:10:31,875 - INFO - 💾 TRX: 数据已保存 - NONE ($5.61)
2025-12-25 02:10:32,617 - INFO - ✅ TON: 成交额 $211.19 USDT
2025-12-25 02:10:32,620 - INFO - 💾 TON: 数据已保存 - NONE ($211.19)
2025-12-25 02:10:33,357 - INFO - ✅ ETC: 成交额 $8.41 USDT
2025-12-25 02:10:33,360 - INFO - 💾 ETC: 数据已保存 - NONE ($8.41)
2025-12-25 02:10:34,088 - INFO - ✅ BCH: 成交额 $2,256.03 USDT
2025-12-25 02:10:34,092 - INFO - 💾 BCH: 数据已保存 - NONE ($2,256.03)
2025-12-25 02:10:34,833 - INFO - ✅ HBAR: 成交额 $1.09 USDT
2025-12-25 02:10:34,835 - INFO - 💾 HBAR: 数据已保存 - NONE ($1.09)
2025-12-25 02:10:35,565 - INFO - ✅ XLM: 成交额 $3,195.29 USDT
2025-12-25 02:10:35,566 - INFO - 💾 XLM: 数据已保存 - NONE ($3,195.29)
2025-12-25 02:10:36,300 - INFO - ✅ FIL: 成交额 $222.83 USDT
2025-12-25 02:10:36,304 - INFO - 💾 FIL: 数据已保存 - NONE ($222.83)
2025-12-25 02:10:37,054 - INFO - ✅ ADA: 成交额 $1,680.93 USDT
2025-12-25 02:10:37,056 - INFO - 💾 ADA: 数据已保存 - NONE ($1,680.93)
2025-12-25 02:10:37,793 - INFO - ✅ LINK: 成交额 $1,698.60 USDT
2025-12-25 02:10:37,796 - INFO - 💾 LINK: 数据已保存 - NONE ($1,698.60)
2025-12-25 02:10:38,529 - INFO - ✅ CRO: 成交额 $1.86 USDT
2025-12-25 02:10:38,530 - INFO - 💾 CRO: 数据已保存 - NONE ($1.86)
2025-12-25 02:10:39,272 - INFO - ✅ DOT: 成交额 $121.59 USDT
2025-12-25 02:10:39,275 - INFO - 💾 DOT: 数据已保存 - NONE ($121.59)
2025-12-25 02:10:40,014 - INFO - ✅ UNI: 成交额 $2,162.99 USDT
2025-12-25 02:10:40,016 - INFO - 💾 UNI: 数据已保存 - NONE ($2,162.99)
2025-12-25 02:10:40,750 - INFO - ✅ NEAR: 成交额 $5,094.17 USDT
2025-12-25 02:10:40,753 - INFO - 💾 NEAR: 数据已保存 - NONE ($5,094.17)
2025-12-25 02:10:41,496 - INFO - ✅ APT: 成交额 $97.76 USDT
2025-12-25 02:10:41,499 - INFO - 💾 APT: 数据已保存 - NONE ($97.76)
2025-12-25 02:10:42,234 - INFO - ✅ CFX: 成交额 $2,872.68 USDT
2025-12-25 02:10:42,236 - INFO - 💾 CFX: 数据已保存 - NONE ($2,872.68)
2025-12-25 02:10:42,977 - INFO - ✅ CRV: 成交额 $3,504.09 USDT
2025-12-25 02:10:42,980 - INFO - 💾 CRV: 数据已保存 - NONE ($3,504.09)
2025-12-25 02:10:43,724 - INFO - ✅ STX: 成交额 $0.00 USDT
2025-12-25 02:10:43,725 - WARNING - ⚠️ STX: 成交额为0，第1次重试...
2025-12-25 02:10:45,958 - INFO - ✅ STX: 成交额 $0.00 USDT
2025-12-25 02:10:45,959 - WARNING - ⚠️ STX: 成交额为0，第2次重试...
2025-12-25 02:10:48,189 - INFO - ✅ STX: 成交额 $0.00 USDT
2025-12-25 02:10:48,189 - WARNING - ⚠️ STX: 成交额为0，第3次重试...
2025-12-25 02:10:50,424 - INFO - ✅ STX: 成交额 $0.00 USDT
2025-12-25 02:10:50,425 - ERROR - ❌ STX: 成交额仍为0，已重试3次，跳过本次保存
2025-12-25 02:10:51,160 - INFO - ✅ LDO: 成交额 $4.32 USDT
2025-12-25 02:10:51,161 - INFO - 💾 LDO: 数据已保存 - NONE ($4.32)
2025-12-25 02:10:51,893 - INFO - ✅ TAO: 成交额 $45.80 USDT
2025-12-25 02:10:51,896 - INFO - 💾 TAO: 数据已保存 - NONE ($45.80)
2025-12-25 02:10:52,399 - INFO - 🔄 本轮共重试 3 次（成交额为0）
2025-12-25 02:10:52,399 - INFO - ✅ 本轮采集完成: 26/27 成功
2025-12-25 02:10:52,399 - INFO - ============================================================
2025-12-25 02:11:22,400 - INFO - 
🔄 第 23 轮采集
2025-12-25 02:11:22,400 - INFO - ============================================================
2025-12-25 02:11:22,400 - INFO - 🔄 开始新一轮数据采集
2025-12-25 02:11:22,637 - INFO - ✅ BTC: 成交额 $858,871.94 USDT
2025-12-25 02:11:22,642 - INFO - 🔄 BTC: 数据已更新 - V1 ($858,871.94)
2025-12-25 02:11:23,384 - INFO - ✅ ETH: 成交额 $3,223,825.01 USDT
2025-12-25 02:11:23,387 - INFO - 🔄 ETH: 数据已更新 - V1 ($3,223,825.01)
2025-12-25 02:11:24,121 - INFO - ✅ XRP: 成交额 $32,543.83 USDT
2025-12-25 02:11:24,124 - INFO - 🔄 XRP: 数据已更新 - NONE ($32,543.83)
2025-12-25 02:11:24,854 - INFO - ✅ SOL: 成交额 $189,155.85 USDT
2025-12-25 02:11:24,857 - INFO - 🔄 SOL: 数据已更新 - NONE ($189,155.85)
2025-12-25 02:11:25,583 - INFO - ✅ BNB: 成交额 $24,773.05 USDT
2025-12-25 02:11:25,585 - INFO - 🔄 BNB: 数据已更新 - NONE ($24,773.05)
2025-12-25 02:11:26,317 - INFO - ✅ LTC: 成交额 $3,426.99 USDT
2025-12-25 02:11:26,320 - INFO - 🔄 LTC: 数据已更新 - NONE ($3,426.99)
2025-12-25 02:11:27,055 - INFO - ✅ DOGE: 成交额 $49,276.41 USDT
2025-12-25 02:11:27,058 - INFO - 🔄 DOGE: 数据已更新 - NONE ($49,276.41)
2025-12-25 02:11:27,791 - INFO - ✅ SUI: 成交额 $6,876.98 USDT
2025-12-25 02:11:27,794 - INFO - 🔄 SUI: 数据已更新 - NONE ($6,876.98)
2025-12-25 02:11:28,529 - INFO - ✅ TRX: 成交额 $20,764.69 USDT
2025-12-25 02:11:28,531 - INFO - 🔄 TRX: 数据已更新 - V1 ($20,764.69)
2025-12-25 02:11:29,270 - INFO - ✅ TON: 成交额 $5,042.34 USDT
2025-12-25 02:11:29,273 - INFO - 🔄 TON: 数据已更新 - NONE ($5,042.34)
2025-12-25 02:11:30,000 - INFO - ✅ ETC: 成交额 $3,115.40 USDT
2025-12-25 02:11:30,003 - INFO - 🔄 ETC: 数据已更新 - V2 ($3,115.40)
2025-12-25 02:11:30,740 - INFO - ✅ BCH: 成交额 $52,867.59 USDT
2025-12-25 02:11:30,743 - INFO - 🔄 BCH: 数据已更新 - V2 ($52,867.59)
2025-12-25 02:11:31,480 - INFO - ✅ HBAR: 成交额 $635.38 USDT
2025-12-25 02:11:31,483 - INFO - 🔄 HBAR: 数据已更新 - NONE ($635.38)
2025-12-25 02:11:32,215 - INFO - ✅ XLM: 成交额 $3,966.25 USDT
2025-12-25 02:11:32,218 - INFO - 🔄 XLM: 数据已更新 - NONE ($3,966.25)
2025-12-25 02:11:32,949 - INFO - ✅ FIL: 成交额 $15,657.36 USDT
2025-12-25 02:11:32,952 - INFO - 🔄 FIL: 数据已更新 - NONE ($15,657.36)
2025-12-25 02:11:33,688 - INFO - ✅ ADA: 成交额 $5,316.84 USDT
2025-12-25 02:11:33,691 - INFO - 🔄 ADA: 数据已更新 - NONE ($5,316.84)
2025-12-25 02:11:34,427 - ERROR - ❌ LINK: 获取数据失败 - 429 Client Error: Too Many Requests for url: https://www.okx.com/api/v5/market/candles?instId=LINK-USDT-SWAP&bar=5m&limit=1
2025-12-25 02:11:35,162 - INFO - ✅ CRO: 成交额 $1.86 USDT
2025-12-25 02:11:35,165 - INFO - 🔄 CRO: 数据已更新 - NONE ($1.86)
2025-12-25 02:11:35,901 - INFO - ✅ DOT: 成交额 $1,236.78 USDT
2025-12-25 02:11:35,907 - INFO - 🔄 DOT: 数据已更新 - NONE ($1,236.78)
2025-12-25 02:11:36,648 - INFO - ✅ UNI: 成交额 $4,623.94 USDT
2025-12-25 02:11:36,650 - INFO - 🔄 UNI: 数据已更新 - NONE ($4,623.94)
2025-12-25 02:11:37,388 - INFO - ✅ NEAR: 成交额 $9,278.27 USDT
2025-12-25 02:11:37,390 - INFO - 🔄 NEAR: 数据已更新 - NONE ($9,278.27)
2025-12-25 02:11:38,122 - INFO - ✅ APT: 成交额 $5,996.87 USDT
2025-12-25 02:11:38,126 - INFO - 🔄 APT: 数据已更新 - NONE ($5,996.87)
2025-12-25 02:11:38,863 - INFO - ✅ CFX: 成交额 $6,353.70 USDT
2025-12-25 02:11:38,865 - INFO - 🔄 CFX: 数据已更新 - NONE ($6,353.70)
2025-12-25 02:11:39,605 - INFO - ✅ CRV: 成交额 $6,776.85 USDT
2025-12-25 02:11:39,608 - INFO - 🔄 CRV: 数据已更新 - NONE ($6,776.85)
2025-12-25 02:11:40,350 - INFO - ✅ STX: 成交额 $556.77 USDT
2025-12-25 02:11:40,353 - INFO - 💾 STX: 数据已保存 - NONE ($556.77)
2025-12-25 02:11:41,085 - INFO - ✅ LDO: 成交额 $2,673.28 USDT
2025-12-25 02:11:41,088 - INFO - 🔄 LDO: 数据已更新 - NONE ($2,673.28)
2025-12-25 02:11:41,825 - INFO - ✅ TAO: 成交额 $6,171.13 USDT
2025-12-25 02:11:41,828 - INFO - 🔄 TAO: 数据已更新 - NONE ($6,171.13)
2025-12-25 02:11:42,330 - INFO - ✅ 本轮采集完成: 26/27 成功
2025-12-25 02:11:42,331 - INFO - ============================================================
2025-12-25 02:12:12,331 - INFO - 
🔄 第 24 轮采集
2025-12-25 02:12:12,332 - INFO - ============================================================
2025-12-25 02:12:12,332 - INFO - 🔄 开始新一轮数据采集
2025-12-25 02:12:12,565 - INFO - ✅ BTC: 成交额 $1,514,697.91 USDT
2025-12-25 02:12:12,569 - INFO - 🔄 BTC: 数据已更新 - V1 ($1,514,697.91)
2025-12-25 02:12:13,302 - INFO - ✅ ETH: 成交额 $3,793,611.46 USDT
2025-12-25 02:12:13,305 - INFO - 🔄 ETH: 数据已更新 - V1 ($3,793,611.46)
2025-12-25 02:12:14,051 - INFO - ✅ XRP: 成交额 $35,450.23 USDT
2025-12-25 02:12:14,054 - INFO - 🔄 XRP: 数据已更新 - NONE ($35,450.23)
2025-12-25 02:12:14,795 - INFO - ✅ SOL: 成交额 $291,539.27 USDT
2025-12-25 02:12:14,798 - INFO - 🔄 SOL: 数据已更新 - V2 ($291,539.27)
2025-12-25 02:12:15,543 - INFO - ✅ BNB: 成交额 $43,051.33 USDT
2025-12-25 02:12:15,546 - INFO - 🔄 BNB: 数据已更新 - NONE ($43,051.33)
2025-12-25 02:12:16,272 - INFO - ✅ LTC: 成交额 $5,922.15 USDT
2025-12-25 02:12:16,275 - INFO - 🔄 LTC: 数据已更新 - NONE ($5,922.15)
2025-12-25 02:12:17,015 - INFO - ✅ DOGE: 成交额 $76,229.14 USDT
2025-12-25 02:12:17,018 - INFO - 🔄 DOGE: 数据已更新 - V2 ($76,229.14)
2025-12-25 02:12:17,754 - INFO - ✅ SUI: 成交额 $15,506.51 USDT
2025-12-25 02:12:17,757 - INFO - 🔄 SUI: 数据已更新 - NONE ($15,506.51)
2025-12-25 02:12:18,499 - INFO - ✅ TRX: 成交额 $21,762.27 USDT
2025-12-25 02:12:18,502 - INFO - 🔄 TRX: 数据已更新 - V1 ($21,762.27)
2025-12-25 02:12:19,235 - INFO - ✅ TON: 成交额 $5,359.86 USDT
2025-12-25 02:12:19,238 - INFO - 🔄 TON: 数据已更新 - NONE ($5,359.86)
2025-12-25 02:12:19,976 - INFO - ✅ ETC: 成交额 $3,147.85 USDT
2025-12-25 02:12:19,979 - INFO - 🔄 ETC: 数据已更新 - V2 ($3,147.85)
2025-12-25 02:12:20,714 - INFO - ✅ BCH: 成交额 $71,181.04 USDT
2025-12-25 02:12:20,717 - INFO - 🔄 BCH: 数据已更新 - V2 ($71,181.04)
2025-12-25 02:12:21,456 - INFO - ✅ HBAR: 成交额 $4,333.78 USDT
2025-12-25 02:12:21,459 - INFO - 🔄 HBAR: 数据已更新 - NONE ($4,333.78)
2025-12-25 02:12:22,189 - INFO - ✅ XLM: 成交额 $4,074.59 USDT
2025-12-25 02:12:22,192 - INFO - 🔄 XLM: 数据已更新 - NONE ($4,074.59)
2025-12-25 02:12:22,923 - INFO - ✅ FIL: 成交额 $21,236.78 USDT
2025-12-25 02:12:22,924 - INFO - 🔄 FIL: 数据已更新 - NONE ($21,236.78)
2025-12-25 02:12:23,655 - INFO - ✅ ADA: 成交额 $29,839.61 USDT
2025-12-25 02:12:23,657 - INFO - 🔄 ADA: 数据已更新 - NONE ($29,839.61)
2025-12-25 02:12:24,402 - INFO - ✅ LINK: 成交额 $26,954.10 USDT
2025-12-25 02:12:24,406 - INFO - 🔄 LINK: 数据已更新 - NONE ($26,954.10)
2025-12-25 02:12:25,144 - INFO - ✅ CRO: 成交额 $1,851.22 USDT
2025-12-25 02:12:25,147 - INFO - 🔄 CRO: 数据已更新 - NONE ($1,851.22)
2025-12-25 02:12:26,054 - INFO - ✅ DOT: 成交额 $7,142.68 USDT
2025-12-25 02:12:26,057 - INFO - 🔄 DOT: 数据已更新 - NONE ($7,142.68)
2025-12-25 02:12:26,795 - INFO - ✅ UNI: 成交额 $11,354.27 USDT
2025-12-25 02:12:26,798 - INFO - 🔄 UNI: 数据已更新 - NONE ($11,354.27)
2025-12-25 02:12:27,538 - INFO - ✅ NEAR: 成交额 $15,443.53 USDT
2025-12-25 02:12:27,540 - INFO - 🔄 NEAR: 数据已更新 - NONE ($15,443.53)
2025-12-25 02:12:28,279 - INFO - ✅ APT: 成交额 $13,150.27 USDT
2025-12-25 02:12:28,281 - INFO - 🔄 APT: 数据已更新 - NONE ($13,150.27)
2025-12-25 02:12:29,020 - INFO - ✅ CFX: 成交额 $10,122.82 USDT
2025-12-25 02:12:29,022 - INFO - 🔄 CFX: 数据已更新 - NONE ($10,122.82)
2025-12-25 02:12:29,757 - INFO - ✅ CRV: 成交额 $18,498.12 USDT
2025-12-25 02:12:29,760 - INFO - 🔄 CRV: 数据已更新 - NONE ($18,498.12)
2025-12-25 02:12:30,506 - INFO - ✅ STX: 成交额 $557.51 USDT
2025-12-25 02:12:30,508 - INFO - 🔄 STX: 数据已更新 - NONE ($557.51)
2025-12-25 02:12:31,240 - INFO - ✅ LDO: 成交额 $2,719.19 USDT
2025-12-25 02:12:31,243 - INFO - 🔄 LDO: 数据已更新 - NONE ($2,719.19)
2025-12-25 02:12:31,978 - INFO - ✅ TAO: 成交额 $6,365.52 USDT
2025-12-25 02:12:31,980 - INFO - 🔄 TAO: 数据已更新 - NONE ($6,365.52)
2025-12-25 02:12:32,483 - INFO - ✅ 本轮采集完成: 27/27 成功
2025-12-25 02:12:32,483 - INFO - ============================================================
